May 12 23:21:10 email-threat-docker postfix/qmgr[99]: 6EB0629C6F: from=<>, size=2478, nrcpt=1 (queue active)
May 12 23:21:10 email-threat-docker postfix/qmgr[99]: 734E729C69: removed
May 12 23:21:10 email-threat-docker postfix/local[171]: warning: dict_nis_init: NIS domain name not set - NIS lookups disabled
May 12 23:21:10 email-threat-docker postfix/local[171]: 6EB0629C6F: to=<sender@email-threat-docker.local>, relay=local, delay=0.02, delays=0.01/0.01/0/0.01, dsn=2.0.0, status=sent (delivered to mailbox)
May 12 23:21:10 email-threat-docker postfix/qmgr[99]: 6EB0629C6F: removed
May 12 23:22:03 email-threat-docker postfix/postfix-script[73]: warning: group or other writable: /etc/postfix/./main.cf
May 12 23:22:03 email-threat-docker postfix/postfix-script[74]: warning: group or other writable: /etc/postfix/./master.cf
May 12 23:22:03 email-threat-docker postfix/postfix-script[75]: warning: group or other writable: /etc/postfix/./transport
May 12 23:22:03 email-threat-docker postfix/postfix-script[98]: starting the Postfix mail system
May 12 23:22:03 email-threat-docker postfix/master[1]: daemon started -- version 3.6.4, configuration /etc/postfix
May 12 23:22:07 email-threat-docker postfix/pickup[99]: 0F9ED29E63: uid=0 from=<sender@email-threat-docker.local>
May 12 23:22:07 email-threat-docker postfix/cleanup[112]: 0F9ED29E63: message-id=<20250512232207.0F9ED29E63@email-threat-docker.local>
May 12 23:22:07 email-threat-docker postfix/qmgr[100]: 0F9ED29E63: from=<sender@email-threat-docker.local>, size=353, nrcpt=1 (queue active)
May 12 23:22:07 email-threat-docker postfix/smtpd[115]: connect from scanner.yara_final_project_threat-net[172.20.0.2]
May 12 23:22:07 email-threat-docker postfix/smtpd[115]: 25B1429E6B: client=scanner.yara_final_project_threat-net[172.20.0.2]
May 12 23:22:07 email-threat-docker postfix/cleanup[112]: 25B1429E6B: message-id=<20250512232207.0F9ED29E63@email-threat-docker.local>
May 12 23:22:07 email-threat-docker postfix/qmgr[100]: 25B1429E6B: from=<sender@email-threat-docker.local>, size=584, nrcpt=1 (queue active)
May 12 23:22:07 email-threat-docker postfix/smtpd[115]: disconnect from scanner.yara_final_project_threat-net[172.20.0.2] ehlo=1 mail=1 rcpt=1 data=1 quit=1 commands=5
May 12 23:22:07 email-threat-docker postfix/smtp[114]: 0F9ED29E63: to=<recipient@email-threat-docker.local>, relay=scanner[172.20.0.2]:10025, delay=0.12, delays=0.05/0.01/0.01/0.05, dsn=2.0.0, status=sent (250 Message delivered)
May 12 23:22:07 email-threat-docker postfix/qmgr[100]: 0F9ED29E63: removed
May 12 23:22:07 email-threat-docker postfix/local[116]: warning: dict_nis_init: NIS domain name not set - NIS lookups disabled
May 12 23:22:07 email-threat-docker postfix/local[116]: 25B1429E6B: to=<recipient@email-threat-docker.local>, relay=local, delay=0.03, delays=0.01/0.01/0/0.01, dsn=2.0.0, status=sent (delivered to mailbox)
May 12 23:22:07 email-threat-docker postfix/qmgr[100]: 25B1429E6B: removed
May 12 23:27:14 email-threat-docker postfix/postfix-script[73]: warning: group or other writable: /etc/postfix/./main.cf
May 12 23:27:14 email-threat-docker postfix/postfix-script[74]: warning: group or other writable: /etc/postfix/./master.cf
May 12 23:27:14 email-threat-docker postfix/postfix-script[75]: warning: group or other writable: /etc/postfix/./transport
May 12 23:27:14 email-threat-docker postfix/postfix-script[98]: starting the Postfix mail system
May 12 23:27:14 email-threat-docker postfix/master[1]: daemon started -- version 3.6.4, configuration /etc/postfix
May 12 23:27:20 email-threat-docker postfix/pickup[99]: 2532D29C49: uid=0 from=<sender@email-threat-docker.local>
May 12 23:27:20 email-threat-docker postfix/cleanup[119]: 2532D29C49: message-id=<20250512232720.2532D29C49@email-threat-docker.local>
May 12 23:27:20 email-threat-docker postfix/qmgr[100]: 2532D29C49: from=<sender@email-threat-docker.local>, size=353, nrcpt=1 (queue active)
May 12 23:27:20 email-threat-docker postfix/smtp[121]: 2532D29C49: to=<recipient@email-threat-docker.local>, relay=scanner[172.20.0.3]:10025, delay=0.07, delays=0.04/0.01/0.01/0.01, dsn=2.0.0, status=sent (250 Message quarantined)
May 12 23:27:20 email-threat-docker postfix/qmgr[100]: 2532D29C49: removed
May 12 23:34:39 email-threat-docker postfix/pickup[99]: 7776929C55: uid=0 from=<sender@email-threat-docker.local>
May 12 23:34:39 email-threat-docker postfix/cleanup[742]: 7776929C55: message-id=<20250512233439.7776929C55@email-threat-docker.local>
May 12 23:34:39 email-threat-docker postfix/qmgr[100]: 7776929C55: from=<sender@email-threat-docker.local>, size=353, nrcpt=1 (queue active)
May 12 23:34:39 email-threat-docker postfix/smtp[745]: 7776929C55: to=<recipient@email-threat-docker.local>, relay=scanner[172.20.0.3]:10025, delay=0.09, delays=0.05/0.02/0.01/0.01, dsn=2.0.0, status=sent (250 Message quarantined)
May 12 23:34:39 email-threat-docker postfix/qmgr[100]: 7776929C55: removed
May 12 23:35:31 email-threat-docker postfix/postfix-script[73]: warning: group or other writable: /etc/postfix/./main.cf
May 12 23:35:31 email-threat-docker postfix/postfix-script[74]: warning: group or other writable: /etc/postfix/./master.cf
May 12 23:35:31 email-threat-docker postfix/postfix-script[75]: warning: group or other writable: /etc/postfix/./transport
May 12 23:35:32 email-threat-docker postfix/postfix-script[98]: starting the Postfix mail system
May 12 23:35:32 email-threat-docker postfix/master[1]: daemon started -- version 3.6.4, configuration /etc/postfix
May 12 23:37:46 email-threat-docker postfix/postfix-script[73]: warning: group or other writable: /etc/postfix/./main.cf
May 12 23:37:46 email-threat-docker postfix/postfix-script[74]: warning: group or other writable: /etc/postfix/./master.cf
May 12 23:37:46 email-threat-docker postfix/postfix-script[75]: warning: group or other writable: /etc/postfix/./transport
May 12 23:37:46 email-threat-docker postfix/postfix-script[98]: starting the Postfix mail system
May 12 23:37:46 email-threat-docker postfix/master[1]: daemon started -- version 3.6.4, configuration /etc/postfix
May 12 23:37:54 email-threat-docker postfix/pickup[99]: 560D62CA92: uid=0 from=<sender@email-threat-docker.local>
May 12 23:37:54 email-threat-docker postfix/cleanup[119]: 560D62CA92: message-id=<20250512233754.560D62CA92@email-threat-docker.local>
May 12 23:37:54 email-threat-docker postfix/qmgr[100]: 560D62CA92: from=<sender@email-threat-docker.local>, size=353, nrcpt=1 (queue active)
May 12 23:37:54 email-threat-docker postfix/smtp[121]: 560D62CA92: to=<recipient@email-threat-docker.local>, relay=scanner[172.20.0.3]:10025, delay=0.07, delays=0.04/0.01/0.01/0.01, dsn=2.0.0, status=sent (250 Message quarantined)
May 12 23:37:54 email-threat-docker postfix/qmgr[100]: 560D62CA92: removed
<<<<<<< HEAD
May 13 00:23:28 email-threat-docker postfix/postfix-script[74]: warning: group or other writable: /etc/postfix/./main.cf
May 13 00:23:28 email-threat-docker postfix/postfix-script[75]: warning: group or other writable: /etc/postfix/./master.cf
May 13 00:23:28 email-threat-docker postfix/postfix-script[76]: warning: group or other writable: /etc/postfix/./transport
May 13 00:23:28 email-threat-docker postfix/postfix-script[99]: starting the Postfix mail system
May 13 00:23:28 email-threat-docker postfix/master[1]: daemon started -- version 3.6.4, configuration /etc/postfix
May 13 00:23:40 email-threat-docker postfix/pickup[100]: 764222CBC1: uid=0 from=<sender@email-threat-docker.local>
May 13 00:23:40 email-threat-docker postfix/cleanup[127]: 764222CBC1: message-id=<20250513002340.764222CBC1@email-threat-docker.local>
May 13 00:23:40 email-threat-docker postfix/qmgr[101]: 764222CBC1: from=<sender@email-threat-docker.local>, size=353, nrcpt=1 (queue active)
May 13 00:23:40 email-threat-docker postfix/smtp[129]: 764222CBC1: to=<recipient@email-threat-docker.local>, relay=scanner[172.20.0.4]:10025, delay=0.09, delays=0.05/0.01/0.01/0.02, dsn=2.0.0, status=sent (250 Message quarantined)
May 13 00:23:40 email-threat-docker postfix/qmgr[101]: 764222CBC1: removed
May 13 00:29:27 email-threat-docker postfix/postfix-script[73]: warning: group or other writable: /etc/postfix/./main.cf
May 13 00:29:27 email-threat-docker postfix/postfix-script[74]: warning: group or other writable: /etc/postfix/./master.cf
May 13 00:29:27 email-threat-docker postfix/postfix-script[75]: warning: group or other writable: /etc/postfix/./transport
May 13 00:29:27 email-threat-docker postfix/postfix-script[98]: starting the Postfix mail system
May 13 00:29:27 email-threat-docker postfix/master[1]: daemon started -- version 3.6.4, configuration /etc/postfix
May 13 00:35:53 email-threat-docker postfix/postfix-script[73]: warning: group or other writable: /etc/postfix/./main.cf
May 13 00:35:53 email-threat-docker postfix/postfix-script[74]: warning: group or other writable: /etc/postfix/./master.cf
May 13 00:35:53 email-threat-docker postfix/postfix-script[75]: warning: group or other writable: /etc/postfix/./transport
May 13 00:35:53 email-threat-docker postfix/postfix-script[98]: starting the Postfix mail system
May 13 00:35:53 email-threat-docker postfix/master[1]: daemon started -- version 3.6.4, configuration /etc/postfix
May 13 00:36:02 email-threat-docker postfix/pickup[99]: 6F9C5304E7: uid=0 from=<sender@email-threat-docker.local>
May 13 00:36:02 email-threat-docker postfix/cleanup[127]: 6F9C5304E7: message-id=<20250513003602.6F9C5304E7@email-threat-docker.local>
May 13 00:36:02 email-threat-docker postfix/qmgr[100]: 6F9C5304E7: from=<sender@email-threat-docker.local>, size=353, nrcpt=1 (queue active)
May 13 00:36:02 email-threat-docker postfix/smtp[129]: 6F9C5304E7: to=<recipient@email-threat-docker.local>, relay=scanner[172.20.0.4]:10025, delay=0.08, delays=0.04/0.02/0/0.01, dsn=2.0.0, status=sent (250 Message quarantined)
May 13 00:36:02 email-threat-docker postfix/qmgr[100]: 6F9C5304E7: removed
May 13 00:40:37 email-threat-docker postfix/postfix-script[73]: warning: group or other writable: /etc/postfix/./main.cf
May 13 00:40:37 email-threat-docker postfix/postfix-script[74]: warning: group or other writable: /etc/postfix/./master.cf
May 13 00:40:37 email-threat-docker postfix/postfix-script[75]: warning: group or other writable: /etc/postfix/./transport
May 13 00:40:37 email-threat-docker postfix/postfix-script[98]: starting the Postfix mail system
May 13 00:40:37 email-threat-docker postfix/master[1]: daemon started -- version 3.6.4, configuration /etc/postfix
May 13 00:40:43 email-threat-docker postfix/pickup[99]: 224433016C: uid=0 from=<sender@email-threat-docker.local>
May 13 00:40:43 email-threat-docker postfix/cleanup[119]: 224433016C: message-id=<20250513004043.224433016C@email-threat-docker.local>
May 13 00:40:43 email-threat-docker postfix/qmgr[100]: 224433016C: from=<sender@email-threat-docker.local>, size=353, nrcpt=1 (queue active)
May 13 00:40:43 email-threat-docker postfix/smtp[121]: 224433016C: to=<recipient@email-threat-docker.local>, relay=scanner[172.20.0.3]:10025, delay=0.07, delays=0.04/0.01/0.01/0.01, dsn=2.0.0, status=sent (250 Message quarantined)
May 13 00:40:43 email-threat-docker postfix/qmgr[100]: 224433016C: removed
May 13 00:58:39 email-threat-docker postfix/pickup[99]: BF08830103: uid=0 from=<sender@email-threat-docker.local>
May 13 00:58:39 email-threat-docker postfix/cleanup[1667]: BF08830103: message-id=<20250513005839.BF08830103@email-threat-docker.local>
May 13 00:58:39 email-threat-docker postfix/qmgr[100]: BF08830103: from=<sender@email-threat-docker.local>, size=353, nrcpt=1 (queue active)
May 13 00:58:39 email-threat-docker postfix/smtp[1670]: BF08830103: to=<recipient@email-threat-docker.local>, relay=scanner[172.20.0.3]:10025, delay=0.1, delays=0.05/0.02/0.02/0.02, dsn=2.0.0, status=sent (250 Message quarantined)
May 13 00:58:39 email-threat-docker postfix/qmgr[100]: BF08830103: removed
May 13 01:00:56 email-threat-docker postfix/postfix-script[73]: warning: group or other writable: /etc/postfix/./main.cf
May 13 01:00:56 email-threat-docker postfix/postfix-script[74]: warning: group or other writable: /etc/postfix/./master.cf
May 13 01:00:56 email-threat-docker postfix/postfix-script[75]: warning: group or other writable: /etc/postfix/./transport
May 13 01:00:56 email-threat-docker postfix/postfix-script[98]: starting the Postfix mail system
May 13 01:00:56 email-threat-docker postfix/master[1]: daemon started -- version 3.6.4, configuration /etc/postfix
May 13 01:01:07 email-threat-docker postfix/pickup[99]: 0555B30888: uid=0 from=<sender@email-threat-docker.local>
May 13 01:01:07 email-threat-docker postfix/cleanup[126]: 0555B30888: message-id=<20250513010107.0555B30888@email-threat-docker.local>
May 13 01:01:07 email-threat-docker postfix/qmgr[100]: 0555B30888: from=<sender@email-threat-docker.local>, size=353, nrcpt=1 (queue active)
May 13 01:01:07 email-threat-docker postfix/smtp[128]: 0555B30888: to=<recipient@email-threat-docker.local>, relay=scanner[172.20.0.3]:10025, delay=0.07, delays=0.04/0.01/0.01/0.01, dsn=2.0.0, status=sent (250 Message quarantined)
May 13 01:01:07 email-threat-docker postfix/qmgr[100]: 0555B30888: removed
May 13 01:15:47 email-threat-docker postfix/postfix-script[73]: warning: group or other writable: /etc/postfix/./main.cf
May 13 01:15:47 email-threat-docker postfix/postfix-script[74]: warning: group or other writable: /etc/postfix/./master.cf
May 13 01:15:47 email-threat-docker postfix/postfix-script[75]: warning: group or other writable: /etc/postfix/./transport
May 13 01:15:47 email-threat-docker postfix/postfix-script[98]: starting the Postfix mail system
May 13 01:15:47 email-threat-docker postfix/master[1]: daemon started -- version 3.6.4, configuration /etc/postfix
May 13 01:15:54 email-threat-docker postfix/pickup[99]: 060CF30C7B: uid=0 from=<sender@email-threat-docker.local>
May 13 01:15:54 email-threat-docker postfix/cleanup[119]: 060CF30C7B: message-id=<20250513011554.060CF30C7B@email-threat-docker.local>
May 13 01:15:54 email-threat-docker postfix/qmgr[100]: 060CF30C7B: from=<sender@email-threat-docker.local>, size=353, nrcpt=1 (queue active)
May 13 01:15:54 email-threat-docker postfix/smtp[121]: 060CF30C7B: to=<recipient@email-threat-docker.local>, relay=scanner[172.20.0.3]:10025, delay=0.08, delays=0.05/0.01/0.01/0.01, dsn=2.0.0, status=sent (250 Message quarantined)
May 13 01:15:54 email-threat-docker postfix/qmgr[100]: 060CF30C7B: removed
May 13 01:23:04 email-threat-docker postfix/postfix-script[73]: warning: group or other writable: /etc/postfix/./main.cf
May 13 01:23:04 email-threat-docker postfix/postfix-script[74]: warning: group or other writable: /etc/postfix/./master.cf
May 13 01:23:04 email-threat-docker postfix/postfix-script[75]: warning: group or other writable: /etc/postfix/./transport
May 13 01:23:05 email-threat-docker postfix/postfix-script[98]: starting the Postfix mail system
May 13 01:23:05 email-threat-docker postfix/master[1]: daemon started -- version 3.6.4, configuration /etc/postfix
May 13 01:24:08 email-threat-docker postfix/pickup[99]: 5665431019: uid=0 from=<sender@email-threat-docker.local>
May 13 01:24:08 email-threat-docker postfix/cleanup[203]: 5665431019: message-id=<20250513012408.5665431019@email-threat-docker.local>
May 13 01:24:08 email-threat-docker postfix/qmgr[100]: 5665431019: from=<sender@email-threat-docker.local>, size=353, nrcpt=1 (queue active)
May 13 01:24:08 email-threat-docker postfix/smtp[205]: 5665431019: to=<recipient@email-threat-docker.local>, relay=scanner[172.20.0.4]:10025, delay=0.07, delays=0.04/0.01/0.01/0.01, dsn=2.0.0, status=sent (250 Message quarantined)
May 13 01:24:08 email-threat-docker postfix/qmgr[100]: 5665431019: removed
May 13 01:26:45 email-threat-docker postfix/postfix-script[73]: warning: group or other writable: /etc/postfix/./main.cf
May 13 01:26:45 email-threat-docker postfix/postfix-script[74]: warning: group or other writable: /etc/postfix/./master.cf
May 13 01:26:45 email-threat-docker postfix/postfix-script[75]: warning: group or other writable: /etc/postfix/./transport
May 13 01:26:45 email-threat-docker postfix/postfix-script[98]: starting the Postfix mail system
May 13 01:26:45 email-threat-docker postfix/master[1]: daemon started -- version 3.6.4, configuration /etc/postfix
May 13 01:26:54 email-threat-docker postfix/pickup[99]: 7751331421: uid=0 from=<sender@email-threat-docker.local>
May 13 01:26:54 email-threat-docker postfix/cleanup[119]: 7751331421: message-id=<20250513012654.7751331421@email-threat-docker.local>
May 13 01:26:54 email-threat-docker postfix/qmgr[100]: 7751331421: from=<sender@email-threat-docker.local>, size=353, nrcpt=1 (queue active)
May 13 01:26:54 email-threat-docker postfix/smtp[121]: 7751331421: to=<recipient@email-threat-docker.local>, relay=scanner[172.20.0.4]:10025, delay=0.08, delays=0.05/0.01/0.01/0.01, dsn=2.0.0, status=sent (250 Message quarantined)
May 13 01:26:54 email-threat-docker postfix/qmgr[100]: 7751331421: removed
May 13 01:36:54 email-threat-docker postfix/pickup[99]: C6DF63142F: uid=0 from=<sender@email-threat-docker.local>
May 13 01:36:54 email-threat-docker postfix/cleanup[998]: C6DF63142F: message-id=<20250513013654.C6DF63142F@email-threat-docker.local>
May 13 01:36:54 email-threat-docker postfix/qmgr[100]: C6DF63142F: from=<sender@email-threat-docker.local>, size=353, nrcpt=1 (queue active)
May 13 01:36:54 email-threat-docker postfix/smtp[1001]: C6DF63142F: to=<recipient@email-threat-docker.local>, relay=scanner[172.20.0.4]:10025, delay=0.07, delays=0.04/0.01/0.01/0.01, dsn=2.0.0, status=sent (250 Message quarantined)
May 13 01:36:54 email-threat-docker postfix/qmgr[100]: C6DF63142F: removed
May 13 01:46:54 email-threat-docker postfix/pickup[99]: 6E0A93142C: uid=0 from=<sender@email-threat-docker.local>
May 13 01:46:54 email-threat-docker postfix/cleanup[1876]: 6E0A93142C: message-id=<20250513014654.6E0A93142C@email-threat-docker.local>
May 13 01:46:54 email-threat-docker postfix/qmgr[100]: 6E0A93142C: from=<sender@email-threat-docker.local>, size=353, nrcpt=1 (queue active)
May 13 01:46:54 email-threat-docker postfix/smtp[1879]: 6E0A93142C: to=<recipient@email-threat-docker.local>, relay=scanner[172.20.0.4]:10025, delay=0.08, delays=0.04/0.02/0.01/0.01, dsn=2.0.0, status=sent (250 Message quarantined)
May 13 01:46:54 email-threat-docker postfix/qmgr[100]: 6E0A93142C: removed
May 13 01:50:04 email-threat-docker postfix/pickup[99]: 12C8C313DC: uid=0 from=<sender@email-threat-docker.local>
May 13 01:50:04 email-threat-docker postfix/cleanup[2155]: 12C8C313DC: message-id=<20250513015004.12C8C313DC@email-threat-docker.local>
May 13 01:50:04 email-threat-docker postfix/qmgr[100]: 12C8C313DC: from=<sender@email-threat-docker.local>, size=353, nrcpt=1 (queue active)
May 13 01:50:04 email-threat-docker postfix/smtp[2158]: 12C8C313DC: to=<recipient@email-threat-docker.local>, relay=scanner[172.20.0.4]:10025, delay=0.08, delays=0.05/0.02/0.01/0.01, dsn=2.0.0, status=sent (250 Message quarantined)
May 13 01:50:04 email-threat-docker postfix/qmgr[100]: 12C8C313DC: removed
May 13 13:07:27 email-threat-docker postfix/postfix-script[65]: warning: group or other writable: /etc/postfix/./main.cf
May 13 13:07:27 email-threat-docker postfix/postfix-script[66]: warning: group or other writable: /etc/postfix/./master.cf
May 13 13:07:27 email-threat-docker postfix/postfix-script[67]: warning: group or other writable: /etc/postfix/./transport
May 13 13:07:27 email-threat-docker postfix/postfix-script[90]: starting the Postfix mail system
May 13 13:07:27 email-threat-docker postfix/master[1]: daemon started -- version 3.6.4, configuration /etc/postfix
May 13 13:12:02 email-threat-docker postfix/pickup[91]: 3EA8B7D82: uid=0 from=<sender@email-threat-docker.local>
May 13 13:12:02 email-threat-docker postfix/cleanup[495]: 3EA8B7D82: message-id=<20250513131202.3EA8B7D82@email-threat-docker.local>
May 13 13:12:02 email-threat-docker postfix/qmgr[92]: 3EA8B7D82: from=<sender@email-threat-docker.local>, size=351, nrcpt=1 (queue active)
May 13 13:12:02 email-threat-docker postfix/smtp[498]: 3EA8B7D82: to=<recipient@email-threat-docker.local>, relay=scanner[172.20.0.3]:10025, delay=0.08, delays=0.05/0.01/0.01/0.01, dsn=2.0.0, status=sent (250 Message quarantined)
May 13 13:12:02 email-threat-docker postfix/qmgr[92]: 3EA8B7D82: removed
May 13 13:14:00 email-threat-docker postfix/smtpd[661]: connect from unknown[172.20.0.1]
May 13 13:14:00 email-threat-docker postfix/smtpd[661]: disconnect from unknown[172.20.0.1] ehlo=1 quit=1 commands=2
May 13 13:18:55 email-threat-docker postfix/pickup[91]: CC6AD16CFF: uid=0 from=<sender@email-threat-docker.local>
May 13 13:18:55 email-threat-docker postfix/cleanup[1083]: CC6AD16CFF: message-id=<20250513131855.CC6AD16CFF@email-threat-docker.local>
May 13 13:18:55 email-threat-docker postfix/qmgr[92]: CC6AD16CFF: from=<sender@email-threat-docker.local>, size=353, nrcpt=1 (queue active)
May 13 13:18:55 email-threat-docker postfix/smtp[1086]: CC6AD16CFF: to=<recipient@email-threat-docker.local>, relay=scanner[172.20.0.3]:10025, delay=0.12, delays=0.08/0.02/0.01/0.01, dsn=2.0.0, status=sent (250 Message quarantined)
May 13 13:18:55 email-threat-docker postfix/qmgr[92]: CC6AD16CFF: removed
May 13 13:36:19 email-threat-docker postfix/postfix-script[73]: warning: group or other writable: /etc/postfix/./main.cf
May 13 13:36:19 email-threat-docker postfix/postfix-script[74]: warning: group or other writable: /etc/postfix/./master.cf
May 13 13:36:19 email-threat-docker postfix/postfix-script[75]: warning: group or other writable: /etc/postfix/./transport
May 13 13:36:19 email-threat-docker postfix/postfix-script[98]: starting the Postfix mail system
May 13 13:36:19 email-threat-docker postfix/master[1]: daemon started -- version 3.6.4, configuration /etc/postfix
=======
>>>>>>> d3a7ed74bf3fe3b3fb0468ec1eb0d66a7fe1be1a
May 13 13:39:26 email-threat-docker postfix/smtpd[517]: warning: hostname 198.55.98.10.static.quadranet.com does not resolve to address 198.55.98.10
May 13 13:39:26 email-threat-docker postfix/smtpd[517]: connect from unknown[198.55.98.10]
May 13 13:39:27 email-threat-docker postfix/smtpd[517]: disconnect from unknown[198.55.98.10] ehlo=1 auth=0/1 quit=1 commands=2/3
>>>>>>> 3e347c1d84f829697deeaa001c7565a113e0c8cd
May 13 13:53:11 email-threat-docker postfix/pickup[99]: A3E26316BC: uid=0 from=<sender@email-threat-docker.local>
May 13 13:53:11 email-threat-docker postfix/cleanup[1523]: A3E26316BC: message-id=<20250513135311.A3E26316BC@email-threat-docker.local>
May 13 13:53:11 email-threat-docker postfix/qmgr[100]: A3E26316BC: from=<sender@email-threat-docker.local>, size=377, nrcpt=1 (queue active)
May 13 13:53:11 email-threat-docker postfix/smtpd[1527]: connect from scanner.yara_final_project_threat-net[172.20.0.4]
May 13 13:53:11 email-threat-docker postfix/smtpd[1527]: BCF8D316C4: client=scanner.yara_final_project_threat-net[172.20.0.4]
May 13 13:53:11 email-threat-docker postfix/cleanup[1523]: BCF8D316C4: message-id=<20250513135311.A3E26316BC@email-threat-docker.local>
May 13 13:53:11 email-threat-docker postfix/qmgr[100]: BCF8D316C4: from=<sender@email-threat-docker.local>, size=608, nrcpt=1 (queue active)
May 13 13:53:11 email-threat-docker postfix/smtpd[1527]: disconnect from scanner.yara_final_project_threat-net[172.20.0.4] ehlo=1 mail=1 rcpt=1 data=1 quit=1 commands=5
May 13 13:53:11 email-threat-docker postfix/smtp[1526]: A3E26316BC: to=<recipient@email-threat-docker.local>, relay=scanner[172.20.0.4]:10025, delay=0.13, delays=0.05/0.02/0.01/0.05, dsn=2.0.0, status=sent (250 Message delivered)
May 13 13:53:11 email-threat-docker postfix/qmgr[100]: A3E26316BC: removed
May 13 13:53:11 email-threat-docker postfix/local[1528]: warning: dict_nis_init: NIS domain name not set - NIS lookups disabled
May 13 13:53:11 email-threat-docker postfix/local[1528]: BCF8D316C4: to=<recipient@email-threat-docker.local>, relay=local, delay=0.03, delays=0.01/0.01/0/0.01, dsn=2.0.0, status=sent (delivered to mailbox)
May 13 13:53:11 email-threat-docker postfix/qmgr[100]: BCF8D316C4: removed
May 13 13:53:35 email-threat-docker postfix/pickup[99]: C9B8C316C6: uid=0 from=<sender@email-threat-docker.local>
May 13 13:53:35 email-threat-docker postfix/cleanup[1523]: C9B8C316C6: message-id=<20250513135335.C9B8C316C6@email-threat-docker.local>
May 13 13:53:35 email-threat-docker postfix/qmgr[100]: C9B8C316C6: from=<sender@email-threat-docker.local>, size=353, nrcpt=1 (queue active)
May 13 13:53:35 email-threat-docker postfix/smtp[1526]: C9B8C316C6: to=<recipient@email-threat-docker.local>, relay=scanner[172.20.0.4]:10025, delay=0.04, delays=0.01/0/0.01/0.02, dsn=2.0.0, status=sent (250 Message quarantined)
May 13 13:53:35 email-threat-docker postfix/qmgr[100]: C9B8C316C6: removed
May 13 14:17:14 email-threat-docker postfix/postfix-script[74]: warning: group or other writable: /etc/postfix/./main.cf
May 13 14:17:14 email-threat-docker postfix/postfix-script[75]: warning: group or other writable: /etc/postfix/./master.cf
May 13 14:17:14 email-threat-docker postfix/postfix-script[76]: warning: group or other writable: /etc/postfix/./transport
May 13 14:17:14 email-threat-docker postfix/postfix-script[99]: starting the Postfix mail system
May 13 14:17:14 email-threat-docker postfix/master[1]: daemon started -- version 3.6.4, configuration /etc/postfix
May 13 14:29:33 email-threat-docker postfix/postfix-script[73]: warning: group or other writable: /etc/postfix/./main.cf
May 13 14:29:34 email-threat-docker postfix/postfix-script[74]: warning: group or other writable: /etc/postfix/./master.cf
May 13 14:29:34 email-threat-docker postfix/postfix-script[75]: warning: group or other writable: /etc/postfix/./transport
May 13 14:29:34 email-threat-docker postfix/postfix-script[98]: starting the Postfix mail system
May 13 14:29:34 email-threat-docker postfix/master[1]: daemon started -- version 3.6.4, configuration /etc/postfix
May 13 14:30:28 email-threat-docker postfix/pickup[99]: 900763185F: uid=0 from=<sender@email-threat-docker.local>
May 13 14:30:28 email-threat-docker postfix/cleanup[189]: 900763185F: message-id=<20250513143028.900763185F@email-threat-docker.local>
May 13 14:30:28 email-threat-docker postfix/qmgr[100]: 900763185F: from=<sender@email-threat-docker.local>, size=353, nrcpt=1 (queue active)
May 13 14:30:28 email-threat-docker postfix/smtp[191]: 900763185F: to=<recipient@email-threat-docker.local>, relay=scanner[172.20.0.4]:10025, delay=0.08, delays=0.05/0.01/0.01/0.01, dsn=2.0.0, status=sent (250 Message quarantined)
May 13 14:30:28 email-threat-docker postfix/qmgr[100]: 900763185F: removed
May 13 15:01:53 email-threat-docker postfix/postfix-script[73]: warning: group or other writable: /etc/postfix/./main.cf
May 13 15:01:53 email-threat-docker postfix/postfix-script[74]: warning: group or other writable: /etc/postfix/./master.cf
May 13 15:01:53 email-threat-docker postfix/postfix-script[75]: warning: group or other writable: /etc/postfix/./transport
May 13 15:01:53 email-threat-docker postfix/postfix-script[98]: starting the Postfix mail system
May 13 15:01:53 email-threat-docker postfix/master[1]: daemon started -- version 3.6.4, configuration /etc/postfix
May 13 15:01:58 email-threat-docker postfix/pickup[99]: 9BC5D3185E: uid=0 from=<sender@email-threat-docker.local>
May 13 15:01:58 email-threat-docker postfix/cleanup[119]: 9BC5D3185E: message-id=<20250513150158.9BC5D3185E@email-threat-docker.local>
May 13 15:01:58 email-threat-docker postfix/qmgr[100]: 9BC5D3185E: from=<sender@email-threat-docker.local>, size=353, nrcpt=1 (queue active)
May 13 15:01:58 email-threat-docker postfix/smtp[121]: 9BC5D3185E: to=<recipient@email-threat-docker.local>, relay=scanner[172.20.0.4]:10025, delay=0.07, delays=0.04/0.01/0.01/0.01, dsn=2.0.0, status=sent (250 Message quarantined)
May 13 15:01:58 email-threat-docker postfix/qmgr[100]: 9BC5D3185E: removed
May 13 15:20:33 email-threat-docker postfix/postfix-script[73]: warning: group or other writable: /etc/postfix/./main.cf
May 13 15:20:34 email-threat-docker postfix/postfix-script[74]: warning: group or other writable: /etc/postfix/./master.cf
May 13 15:20:34 email-threat-docker postfix/postfix-script[75]: warning: group or other writable: /etc/postfix/./transport
May 13 15:20:34 email-threat-docker postfix/postfix-script[98]: starting the Postfix mail system
May 13 15:20:34 email-threat-docker postfix/master[1]: daemon started -- version 3.6.4, configuration /etc/postfix
May 13 15:22:42 email-threat-docker postfix/pickup[99]: CB7153185F: uid=0 from=<sender@email-threat-docker.local>
May 13 15:22:42 email-threat-docker postfix/cleanup[294]: CB7153185F: message-id=<20250513152242.CB7153185F@email-threat-docker.local>
May 13 15:22:42 email-threat-docker postfix/qmgr[100]: CB7153185F: from=<sender@email-threat-docker.local>, size=353, nrcpt=1 (queue active)
May 13 15:22:42 email-threat-docker postfix/smtp[297]: CB7153185F: to=<recipient@email-threat-docker.local>, relay=scanner[172.20.0.4]:10025, delay=0.08, delays=0.05/0.01/0/0.01, dsn=2.0.0, status=sent (250 Message quarantined)
May 13 15:22:42 email-threat-docker postfix/qmgr[100]: CB7153185F: removed
May 13 15:58:56 email-threat-docker postfix/smtpd[3413]: connect from unknown[172.20.0.1]
May 13 15:58:56 email-threat-docker postfix/smtpd[3413]: C8FFB31870: client=unknown[172.20.0.1]
May 13 15:58:56 email-threat-docker postfix/cleanup[3417]: C8FFB31870: message-id=<>
May 13 15:58:56 email-threat-docker postfix/smtpd[3413]: disconnect from unknown[172.20.0.1] ehlo=1 mail=1 rcpt=1 data=1 quit=1 commands=5
May 13 15:58:56 email-threat-docker postfix/qmgr[100]: C8FFB31870: from=<sender@email-threat-docker.local>, size=806, nrcpt=1 (queue active)
May 13 15:58:56 email-threat-docker postfix/smtp[3418]: C8FFB31870: to=<recipient@email-threat-docker.local>, relay=scanner[172.20.0.4]:10025, delay=0.1, delays=0.02/0.01/0.04/0.04, dsn=2.0.0, status=sent (250 Message quarantined)
May 13 15:58:56 email-threat-docker postfix/qmgr[100]: C8FFB31870: removed
May 13 15:58:57 email-threat-docker postfix/smtpd[3413]: connect from unknown[172.20.0.1]
May 13 15:58:57 email-threat-docker postfix/smtpd[3413]: 0D73031870: client=unknown[172.20.0.1]
May 13 15:58:57 email-threat-docker postfix/cleanup[3417]: 0D73031870: message-id=<>
May 13 15:58:57 email-threat-docker postfix/qmgr[100]: 0D73031870: from=<sender@email-threat-docker.local>, size=457, nrcpt=1 (queue active)
May 13 15:58:57 email-threat-docker postfix/smtpd[3413]: disconnect from unknown[172.20.0.1] ehlo=1 mail=1 rcpt=1 data=1 quit=1 commands=5
May 13 15:58:57 email-threat-docker postfix/smtp[3418]: 0D73031870: to=<recipient@email-threat-docker.local>, relay=scanner[172.20.0.4]:10025, delay=0.02, delays=0.01/0/0/0.01, dsn=2.0.0, status=sent (250 Message quarantined)
May 13 15:58:57 email-threat-docker postfix/qmgr[100]: 0D73031870: removed
May 13 15:58:57 email-threat-docker postfix/smtpd[3413]: connect from unknown[172.20.0.1]
May 13 15:58:57 email-threat-docker postfix/smtpd[3413]: 4684831870: client=unknown[172.20.0.1]
May 13 15:58:57 email-threat-docker postfix/cleanup[3417]: 4684831870: message-id=<>
May 13 15:58:57 email-threat-docker postfix/qmgr[100]: 4684831870: from=<sender@email-threat-docker.local>, size=451, nrcpt=1 (queue active)
May 13 15:58:57 email-threat-docker postfix/smtpd[3413]: disconnect from unknown[172.20.0.1] ehlo=1 mail=1 rcpt=1 data=1 quit=1 commands=5
May 13 15:58:57 email-threat-docker postfix/smtp[3418]: 4684831870: to=<recipient@email-threat-docker.local>, relay=scanner[172.20.0.4]:10025, delay=0.02, delays=0.01/0/0/0.01, dsn=2.0.0, status=sent (250 Message quarantined)
May 13 15:58:57 email-threat-docker postfix/qmgr[100]: 4684831870: removed
May 13 15:58:57 email-threat-docker postfix/smtpd[3413]: connect from unknown[172.20.0.1]
May 13 15:58:57 email-threat-docker postfix/smtpd[3413]: 7F3E631870: client=unknown[172.20.0.1]
May 13 15:58:57 email-threat-docker postfix/cleanup[3417]: 7F3E631870: message-id=<>
May 13 15:58:57 email-threat-docker postfix/qmgr[100]: 7F3E631870: from=<sender@email-threat-docker.local>, size=438, nrcpt=1 (queue active)
May 13 15:58:57 email-threat-docker postfix/smtpd[3413]: disconnect from unknown[172.20.0.1] ehlo=1 mail=1 rcpt=1 data=1 quit=1 commands=5
May 13 15:58:57 email-threat-docker postfix/smtp[3418]: 7F3E631870: to=<recipient@email-threat-docker.local>, relay=scanner[172.20.0.4]:10025, delay=0.02, delays=0.01/0/0/0.01, dsn=2.0.0, status=sent (250 Message quarantined)
May 13 15:58:57 email-threat-docker postfix/qmgr[100]: 7F3E631870: removed
May 13 15:58:57 email-threat-docker postfix/smtpd[3413]: connect from unknown[172.20.0.1]
May 13 15:58:57 email-threat-docker postfix/smtpd[3413]: B823031870: client=unknown[172.20.0.1]
May 13 15:58:57 email-threat-docker postfix/cleanup[3417]: B823031870: message-id=<>
May 13 15:58:57 email-threat-docker postfix/qmgr[100]: B823031870: from=<sender@email-threat-docker.local>, size=452, nrcpt=1 (queue active)
May 13 15:58:57 email-threat-docker postfix/smtpd[3413]: disconnect from unknown[172.20.0.1] ehlo=1 mail=1 rcpt=1 data=1 quit=1 commands=5
May 13 15:58:57 email-threat-docker postfix/smtp[3418]: B823031870: to=<recipient@email-threat-docker.local>, relay=scanner[172.20.0.4]:10025, delay=0.02, delays=0.01/0/0/0.01, dsn=2.0.0, status=sent (250 Message quarantined)
May 13 15:58:57 email-threat-docker postfix/qmgr[100]: B823031870: removed
May 13 15:58:57 email-threat-docker postfix/smtpd[3413]: connect from unknown[172.20.0.1]
May 13 15:58:57 email-threat-docker postfix/smtpd[3413]: F116A31870: client=unknown[172.20.0.1]
May 13 15:58:57 email-threat-docker postfix/cleanup[3417]: F116A31870: message-id=<>
May 13 15:58:57 email-threat-docker postfix/qmgr[100]: F116A31870: from=<sender@email-threat-docker.local>, size=433, nrcpt=1 (queue active)
May 13 15:58:57 email-threat-docker postfix/smtpd[3413]: disconnect from unknown[172.20.0.1] ehlo=1 mail=1 rcpt=1 data=1 quit=1 commands=5
May 13 15:58:57 email-threat-docker postfix/smtp[3418]: F116A31870: to=<recipient@email-threat-docker.local>, relay=scanner[172.20.0.4]:10025, delay=0.02, delays=0.01/0/0/0.01, dsn=2.0.0, status=sent (250 Message quarantined)
May 13 15:58:57 email-threat-docker postfix/qmgr[100]: F116A31870: removed
May 13 15:58:58 email-threat-docker postfix/smtpd[3413]: connect from unknown[172.20.0.1]
May 13 15:58:58 email-threat-docker postfix/smtpd[3413]: 35AFA31870: client=unknown[172.20.0.1]
May 13 15:58:58 email-threat-docker postfix/cleanup[3417]: 35AFA31870: message-id=<>
May 13 15:58:58 email-threat-docker postfix/qmgr[100]: 35AFA31870: from=<sender@email-threat-docker.local>, size=442, nrcpt=1 (queue active)
May 13 15:58:58 email-threat-docker postfix/smtpd[3413]: disconnect from unknown[172.20.0.1] ehlo=1 mail=1 rcpt=1 data=1 quit=1 commands=5
May 13 15:58:58 email-threat-docker postfix/smtp[3418]: 35AFA31870: to=<recipient@email-threat-docker.local>, relay=scanner[172.20.0.4]:10025, delay=0.02, delays=0.01/0/0/0.01, dsn=2.0.0, status=sent (250 Message quarantined)
May 13 15:58:58 email-threat-docker postfix/qmgr[100]: 35AFA31870: removed
May 13 15:58:58 email-threat-docker postfix/smtpd[3413]: connect from unknown[172.20.0.1]
May 13 15:58:58 email-threat-docker postfix/smtpd[3413]: 6E8D531870: client=unknown[172.20.0.1]
May 13 15:58:58 email-threat-docker postfix/cleanup[3417]: 6E8D531870: message-id=<>
May 13 15:58:58 email-threat-docker postfix/qmgr[100]: 6E8D531870: from=<sender@email-threat-docker.local>, size=436, nrcpt=1 (queue active)
May 13 15:58:58 email-threat-docker postfix/smtpd[3413]: disconnect from unknown[172.20.0.1] ehlo=1 mail=1 rcpt=1 data=1 quit=1 commands=5
May 13 15:58:58 email-threat-docker postfix/smtp[3418]: 6E8D531870: to=<recipient@email-threat-docker.local>, relay=scanner[172.20.0.4]:10025, delay=0.02, delays=0.01/0/0/0.01, dsn=2.0.0, status=sent (250 Message quarantined)
May 13 15:58:58 email-threat-docker postfix/qmgr[100]: 6E8D531870: removed
May 13 15:58:58 email-threat-docker postfix/smtpd[3413]: connect from unknown[172.20.0.1]
May 13 15:58:58 email-threat-docker postfix/smtpd[3413]: A810831870: client=unknown[172.20.0.1]
May 13 15:58:58 email-threat-docker postfix/cleanup[3417]: A810831870: message-id=<>
May 13 15:58:58 email-threat-docker postfix/qmgr[100]: A810831870: from=<sender@email-threat-docker.local>, size=437, nrcpt=1 (queue active)
May 13 15:58:58 email-threat-docker postfix/smtpd[3413]: disconnect from unknown[172.20.0.1] ehlo=1 mail=1 rcpt=1 data=1 quit=1 commands=5
May 13 15:58:58 email-threat-docker postfix/smtp[3418]: A810831870: to=<recipient@email-threat-docker.local>, relay=scanner[172.20.0.4]:10025, delay=0.03, delays=0.01/0/0.01/0.01, dsn=2.0.0, status=sent (250 Message quarantined)
May 13 15:58:58 email-threat-docker postfix/qmgr[100]: A810831870: removed
May 13 15:58:58 email-threat-docker postfix/smtpd[3413]: connect from unknown[172.20.0.1]
May 13 15:58:58 email-threat-docker postfix/smtpd[3413]: E199231870: client=unknown[172.20.0.1]
May 13 15:58:58 email-threat-docker postfix/cleanup[3417]: E199231870: message-id=<>
May 13 15:58:58 email-threat-docker postfix/qmgr[100]: E199231870: from=<sender@email-threat-docker.local>, size=449, nrcpt=1 (queue active)
May 13 15:58:58 email-threat-docker postfix/smtpd[3413]: disconnect from unknown[172.20.0.1] ehlo=1 mail=1 rcpt=1 data=1 quit=1 commands=5
May 13 15:58:58 email-threat-docker postfix/smtp[3418]: E199231870: to=<recipient@email-threat-docker.local>, relay=scanner[172.20.0.4]:10025, delay=0.02, delays=0.01/0/0/0.01, dsn=2.0.0, status=sent (250 Message quarantined)
May 13 15:58:58 email-threat-docker postfix/qmgr[100]: E199231870: removed
May 13 15:58:59 email-threat-docker postfix/smtpd[3413]: connect from unknown[172.20.0.1]
May 13 15:58:59 email-threat-docker postfix/smtpd[3413]: 2663431870: client=unknown[172.20.0.1]
May 13 15:58:59 email-threat-docker postfix/cleanup[3417]: 2663431870: message-id=<>
May 13 15:58:59 email-threat-docker postfix/qmgr[100]: 2663431870: from=<sender@email-threat-docker.local>, size=457, nrcpt=1 (queue active)
May 13 15:58:59 email-threat-docker postfix/smtpd[3413]: disconnect from unknown[172.20.0.1] ehlo=1 mail=1 rcpt=1 data=1 quit=1 commands=5
May 13 15:58:59 email-threat-docker postfix/smtp[3418]: 2663431870: to=<recipient@email-threat-docker.local>, relay=scanner[172.20.0.4]:10025, delay=0.02, delays=0.01/0/0/0.01, dsn=2.0.0, status=sent (250 Message quarantined)
May 13 15:58:59 email-threat-docker postfix/qmgr[100]: 2663431870: removed
May 13 15:58:59 email-threat-docker postfix/smtpd[3413]: connect from unknown[172.20.0.1]
May 13 15:58:59 email-threat-docker postfix/smtpd[3413]: 5F2BC31870: client=unknown[172.20.0.1]
May 13 15:58:59 email-threat-docker postfix/cleanup[3417]: 5F2BC31870: message-id=<>
May 13 15:58:59 email-threat-docker postfix/qmgr[100]: 5F2BC31870: from=<sender@email-threat-docker.local>, size=449, nrcpt=1 (queue active)
May 13 15:58:59 email-threat-docker postfix/smtpd[3413]: disconnect from unknown[172.20.0.1] ehlo=1 mail=1 rcpt=1 data=1 quit=1 commands=5
May 13 15:58:59 email-threat-docker postfix/smtp[3418]: 5F2BC31870: to=<recipient@email-threat-docker.local>, relay=scanner[172.20.0.4]:10025, delay=0.02, delays=0.01/0/0/0.01, dsn=2.0.0, status=sent (250 Message quarantined)
May 13 15:58:59 email-threat-docker postfix/qmgr[100]: 5F2BC31870: removed
May 13 15:58:59 email-threat-docker postfix/smtpd[3413]: connect from unknown[172.20.0.1]
May 13 15:58:59 email-threat-docker postfix/smtpd[3413]: 97C3431870: client=unknown[172.20.0.1]
May 13 15:58:59 email-threat-docker postfix/cleanup[3417]: 97C3431870: message-id=<>
May 13 15:58:59 email-threat-docker postfix/qmgr[100]: 97C3431870: from=<sender@email-threat-docker.local>, size=454, nrcpt=1 (queue active)
May 13 15:58:59 email-threat-docker postfix/smtpd[3413]: disconnect from unknown[172.20.0.1] ehlo=1 mail=1 rcpt=1 data=1 quit=1 commands=5
May 13 15:58:59 email-threat-docker postfix/smtp[3418]: 97C3431870: to=<recipient@email-threat-docker.local>, relay=scanner[172.20.0.4]:10025, delay=0.02, delays=0.01/0/0/0.01, dsn=2.0.0, status=sent (250 Message quarantined)
May 13 15:58:59 email-threat-docker postfix/qmgr[100]: 97C3431870: removed
May 13 15:58:59 email-threat-docker postfix/smtpd[3413]: connect from unknown[172.20.0.1]
May 13 15:58:59 email-threat-docker postfix/smtpd[3413]: D0D1A31870: client=unknown[172.20.0.1]
May 13 15:58:59 email-threat-docker postfix/cleanup[3417]: D0D1A31870: message-id=<>
May 13 15:58:59 email-threat-docker postfix/qmgr[100]: D0D1A31870: from=<sender@email-threat-docker.local>, size=431, nrcpt=1 (queue active)
May 13 15:58:59 email-threat-docker postfix/smtpd[3413]: disconnect from unknown[172.20.0.1] ehlo=1 mail=1 rcpt=1 data=1 quit=1 commands=5
May 13 15:58:59 email-threat-docker postfix/smtp[3418]: D0D1A31870: to=<recipient@email-threat-docker.local>, relay=scanner[172.20.0.4]:10025, delay=0.02, delays=0.01/0/0/0.01, dsn=2.0.0, status=sent (250 Message quarantined)
May 13 15:58:59 email-threat-docker postfix/qmgr[100]: D0D1A31870: removed
May 13 15:59:00 email-threat-docker postfix/smtpd[3413]: connect from unknown[172.20.0.1]
May 13 15:59:00 email-threat-docker postfix/smtpd[3413]: 15AA531870: client=unknown[172.20.0.1]
May 13 15:59:00 email-threat-docker postfix/cleanup[3417]: 15AA531870: message-id=<>
May 13 15:59:00 email-threat-docker postfix/qmgr[100]: 15AA531870: from=<sender@email-threat-docker.local>, size=462, nrcpt=1 (queue active)
May 13 15:59:00 email-threat-docker postfix/smtpd[3413]: disconnect from unknown[172.20.0.1] ehlo=1 mail=1 rcpt=1 data=1 quit=1 commands=5
May 13 15:59:00 email-threat-docker postfix/smtp[3418]: 15AA531870: to=<recipient@email-threat-docker.local>, relay=scanner[172.20.0.4]:10025, delay=0.02, delays=0.01/0/0/0.01, dsn=2.0.0, status=sent (250 Message quarantined)
May 13 15:59:00 email-threat-docker postfix/qmgr[100]: 15AA531870: removed
May 13 15:59:00 email-threat-docker postfix/smtpd[3413]: connect from unknown[172.20.0.1]
May 13 15:59:00 email-threat-docker postfix/smtpd[3413]: 4E84331870: client=unknown[172.20.0.1]
May 13 15:59:00 email-threat-docker postfix/cleanup[3417]: 4E84331870: message-id=<>
May 13 15:59:00 email-threat-docker postfix/qmgr[100]: 4E84331870: from=<sender@email-threat-docker.local>, size=444, nrcpt=1 (queue active)
May 13 15:59:00 email-threat-docker postfix/smtpd[3413]: disconnect from unknown[172.20.0.1] ehlo=1 mail=1 rcpt=1 data=1 quit=1 commands=5
May 13 15:59:00 email-threat-docker postfix/smtp[3418]: 4E84331870: to=<recipient@email-threat-docker.local>, relay=scanner[172.20.0.4]:10025, delay=0.02, delays=0.01/0/0.01/0.01, dsn=2.0.0, status=sent (250 Message quarantined)
May 13 15:59:00 email-threat-docker postfix/qmgr[100]: 4E84331870: removed
May 13 15:59:00 email-threat-docker postfix/smtpd[3413]: connect from unknown[172.20.0.1]
May 13 15:59:00 email-threat-docker postfix/smtpd[3413]: 87AF231870: client=unknown[172.20.0.1]
May 13 15:59:00 email-threat-docker postfix/cleanup[3417]: 87AF231870: message-id=<>
May 13 15:59:00 email-threat-docker postfix/qmgr[100]: 87AF231870: from=<sender@email-threat-docker.local>, size=447, nrcpt=1 (queue active)
May 13 15:59:00 email-threat-docker postfix/smtpd[3413]: disconnect from unknown[172.20.0.1] ehlo=1 mail=1 rcpt=1 data=1 quit=1 commands=5
May 13 15:59:00 email-threat-docker postfix/smtp[3418]: 87AF231870: to=<recipient@email-threat-docker.local>, relay=scanner[172.20.0.4]:10025, delay=0.02, delays=0.01/0/0/0.01, dsn=2.0.0, status=sent (250 Message quarantined)
May 13 15:59:00 email-threat-docker postfix/qmgr[100]: 87AF231870: removed
May 13 15:59:00 email-threat-docker postfix/smtpd[3413]: connect from unknown[172.20.0.1]
May 13 15:59:00 email-threat-docker postfix/smtpd[3413]: C07D031870: client=unknown[172.20.0.1]
May 13 15:59:00 email-threat-docker postfix/cleanup[3417]: C07D031870: message-id=<>
May 13 15:59:00 email-threat-docker postfix/qmgr[100]: C07D031870: from=<sender@email-threat-docker.local>, size=437, nrcpt=1 (queue active)
May 13 15:59:00 email-threat-docker postfix/smtpd[3413]: disconnect from unknown[172.20.0.1] ehlo=1 mail=1 rcpt=1 data=1 quit=1 commands=5
May 13 15:59:00 email-threat-docker postfix/smtp[3418]: C07D031870: to=<recipient@email-threat-docker.local>, relay=scanner[172.20.0.4]:10025, delay=0.02, delays=0.01/0/0/0.01, dsn=2.0.0, status=sent (250 Message quarantined)
May 13 15:59:00 email-threat-docker postfix/qmgr[100]: C07D031870: removed
May 13 15:59:01 email-threat-docker postfix/smtpd[3413]: connect from unknown[172.20.0.1]
May 13 15:59:01 email-threat-docker postfix/smtpd[3413]: 0CC8031870: client=unknown[172.20.0.1]
May 13 15:59:01 email-threat-docker postfix/cleanup[3417]: 0CC8031870: message-id=<>
May 13 15:59:01 email-threat-docker postfix/qmgr[100]: 0CC8031870: from=<sender@email-threat-docker.local>, size=425, nrcpt=1 (queue active)
May 13 15:59:01 email-threat-docker postfix/smtpd[3413]: disconnect from unknown[172.20.0.1] ehlo=1 mail=1 rcpt=1 data=1 quit=1 commands=5
May 13 15:59:01 email-threat-docker postfix/smtp[3418]: 0CC8031870: to=<recipient@email-threat-docker.local>, relay=scanner[172.20.0.4]:10025, delay=0.02, delays=0.01/0/0/0.01, dsn=2.0.0, status=sent (250 Message quarantined)
May 13 15:59:01 email-threat-docker postfix/qmgr[100]: 0CC8031870: removed
May 13 15:59:01 email-threat-docker postfix/smtpd[3413]: connect from unknown[172.20.0.1]
May 13 15:59:01 email-threat-docker postfix/smtpd[3413]: 47BDF31870: client=unknown[172.20.0.1]
May 13 15:59:01 email-threat-docker postfix/cleanup[3417]: 47BDF31870: message-id=<>
May 13 15:59:01 email-threat-docker postfix/qmgr[100]: 47BDF31870: from=<sender@email-threat-docker.local>, size=434, nrcpt=1 (queue active)
May 13 15:59:01 email-threat-docker postfix/smtpd[3413]: disconnect from unknown[172.20.0.1] ehlo=1 mail=1 rcpt=1 data=1 quit=1 commands=5
May 13 15:59:01 email-threat-docker postfix/smtp[3418]: 47BDF31870: to=<recipient@email-threat-docker.local>, relay=scanner[172.20.0.4]:10025, delay=0.02, delays=0.01/0/0/0.01, dsn=2.0.0, status=sent (250 Message quarantined)
May 13 15:59:01 email-threat-docker postfix/qmgr[100]: 47BDF31870: removed
May 13 16:44:19 email-threat-docker postfix/postfix-script[73]: warning: group or other writable: /etc/postfix/./main.cf
May 13 16:44:19 email-threat-docker postfix/postfix-script[74]: warning: group or other writable: /etc/postfix/./master.cf
May 13 16:44:19 email-threat-docker postfix/postfix-script[75]: warning: group or other writable: /etc/postfix/./transport
May 13 16:44:19 email-threat-docker postfix/postfix-script[98]: starting the Postfix mail system
May 13 16:44:19 email-threat-docker postfix/master[1]: daemon started -- version 3.6.4, configuration /etc/postfix
May 13 17:19:57 email-threat-docker postfix/postfix-script[73]: warning: group or other writable: /etc/postfix/./main.cf
May 13 17:19:57 email-threat-docker postfix/postfix-script[74]: warning: group or other writable: /etc/postfix/./master.cf
May 13 17:19:57 email-threat-docker postfix/postfix-script[75]: warning: group or other writable: /etc/postfix/./transport
May 13 17:19:57 email-threat-docker postfix/postfix-script[99]: starting the Postfix mail system
May 13 17:19:57 email-threat-docker postfix/master[1]: daemon started -- version 3.6.4, configuration /etc/postfix
May 13 19:09:49 email-threat-docker postfix/smtpd[727]: connect from unknown[172.20.0.1]
May 13 19:09:49 email-threat-docker postfix/smtpd[727]: disconnect from unknown[172.20.0.1] ehlo=1 quit=1 commands=2
