Jun 17 12:54:27 email-threat-docker postfix/smtp[1916]: B310B987BC: to=<recipient@email-threat-docker.local>, relay=scanner[172.20.0.3]:10025, delay=0.03, delays=0.01/0/0.01/0.01, dsn=2.0.0, status=sent (250 Message quarantined)
Jun 17 12:54:27 email-threat-docker postfix/qmgr[99]: B310B987BC: removed
Jun 17 12:54:27 email-threat-docker postfix/smtpd[1911]: connect from unknown[172.20.0.1]
Jun 17 12:54:30 email-threat-docker postfix/smtpd[1911]: 16367987BC: client=unknown[172.20.0.1]
Jun 17 12:54:30 email-threat-docker postfix/cleanup[1915]: 16367987BC: prepend: header Subject: Encrypted Report from unknown[172.20.0.1]; from=<teamlead@company.com> to=<recipient@email-threat-docker.local> proto=ESMTP helo=<[192.168.48.1]>: [Subject: ]
Jun 17 12:54:30 email-threat-docker postfix/cleanup[1915]: 16367987BC: message-id=<>
Jun 17 12:54:30 email-threat-docker postfix/qmgr[99]: 16367987BC: from=<teamlead@company.com>, size=2191, nrcpt=1 (queue active)
Jun 17 12:54:30 email-threat-docker postfix/smtpd[1911]: disconnect from unknown[172.20.0.1] ehlo=1 mail=1 rcpt=1 data=1 quit=1 commands=5
Jun 17 12:54:30 email-threat-docker postfix/smtp[1916]: 16367987BC: to=<recipient@email-threat-docker.local>, relay=scanner[172.20.0.3]:10025, delay=0.03, delays=0.01/0/0.01/0.01, dsn=2.0.0, status=sent (250 Message quarantined)
Jun 17 12:54:30 email-threat-docker postfix/qmgr[99]: 16367987BC: removed
Jun 17 12:54:30 email-threat-docker postfix/smtpd[1911]: connect from unknown[172.20.0.1]
Jun 17 12:54:31 email-threat-docker postfix/smtpd[1911]: 0F42F987BC: client=unknown[172.20.0.1]
Jun 17 12:54:31 email-threat-docker postfix/cleanup[1915]: 0F42F987BC: prepend: header Subject: Password Reset Required from unknown[172.20.0.1]; from=<communications@company.com> to=<recipient@email-threat-docker.local> proto=ESMTP helo=<[192.168.48.1]>: [Subject: ]
Jun 17 12:54:31 email-threat-docker postfix/cleanup[1915]: 0F42F987BC: message-id=<>
Jun 17 12:54:31 email-threat-docker postfix/qmgr[99]: 0F42F987BC: from=<communications@company.com>, size=481, nrcpt=1 (queue active)
Jun 17 12:54:31 email-threat-docker postfix/smtpd[1911]: disconnect from unknown[172.20.0.1] ehlo=1 mail=1 rcpt=1 data=1 quit=1 commands=5
Jun 17 12:54:31 email-threat-docker postfix/smtp[1916]: 0F42F987BC: to=<recipient@email-threat-docker.local>, relay=scanner[172.20.0.3]:10025, delay=0.03, delays=0.01/0/0.01/0.01, dsn=2.0.0, status=sent (250 Message quarantined)
Jun 17 12:54:31 email-threat-docker postfix/qmgr[99]: 0F42F987BC: removed
Jun 17 12:54:31 email-threat-docker postfix/smtpd[1911]: connect from unknown[172.20.0.1]
Jun 17 12:54:32 email-threat-docker postfix/smtpd[1911]: 115DB987BC: client=unknown[172.20.0.1]
Jun 17 12:54:32 email-threat-docker postfix/cleanup[1915]: 115DB987BC: prepend: header Subject: Your Package Tracking from unknown[172.20.0.1]; from=<security@bigcorp.com> to=<recipient@email-threat-docker.local> proto=ESMTP helo=<[192.168.48.1]>: [Subject: ]
Jun 17 12:54:32 email-threat-docker postfix/cleanup[1915]: 115DB987BC: message-id=<>
Jun 17 12:54:32 email-threat-docker postfix/qmgr[99]: 115DB987BC: from=<security@bigcorp.com>, size=471, nrcpt=1 (queue active)
Jun 17 12:54:32 email-threat-docker postfix/smtpd[1911]: disconnect from unknown[172.20.0.1] ehlo=1 mail=1 rcpt=1 data=1 quit=1 commands=5
Jun 17 12:54:32 email-threat-docker postfix/smtpd[1917]: connect from scanner.holbertonshcool-cybersecurity-final-proyect_threat-net[172.20.0.3]
Jun 17 12:54:32 email-threat-docker postfix/smtpd[1917]: 186CB987CB: client=scanner.holbertonshcool-cybersecurity-final-proyect_threat-net[172.20.0.3]
Jun 17 12:54:32 email-threat-docker postfix/cleanup[1915]: 186CB987CB: message-id=<>
Jun 17 12:54:32 email-threat-docker postfix/qmgr[99]: 186CB987CB: from=<security@bigcorp.com>, size=727, nrcpt=1 (queue active)
Jun 17 12:54:32 email-threat-docker postfix/smtpd[1917]: disconnect from scanner.holbertonshcool-cybersecurity-final-proyect_threat-net[172.20.0.3] ehlo=1 mail=1 rcpt=1 data=1 quit=1 commands=5
Jun 17 12:54:32 email-threat-docker postfix/smtp[1916]: 115DB987BC: to=<recipient@email-threat-docker.local>, relay=scanner[172.20.0.3]:10025, delay=0.04, delays=0.01/0/0.01/0.02, dsn=2.0.0, status=sent (250 Message delivered)
Jun 17 12:54:32 email-threat-docker postfix/qmgr[99]: 115DB987BC: removed
Jun 17 12:54:32 email-threat-docker postfix/local[1918]: 186CB987CB: to=<recipient@email-threat-docker.local>, relay=local, delay=0.01, delays=0.01/0/0/0.01, dsn=2.0.0, status=sent (delivered to command: /usr/bin/procmail)
Jun 17 12:54:32 email-threat-docker postfix/qmgr[99]: 186CB987CB: removed
Jun 17 12:54:32 email-threat-docker postfix/smtpd[1911]: connect from unknown[172.20.0.1]
Jun 17 12:54:33 email-threat-docker postfix/smtpd[1911]: 0A914987BC: client=unknown[172.20.0.1]
Jun 17 12:54:33 email-threat-docker postfix/cleanup[1915]: 0A914987BC: prepend: header Subject: Financial Report from unknown[172.20.0.1]; from=<support@bank.com> to=<recipient@email-threat-docker.local> proto=ESMTP helo=<[192.168.48.1]>: [Subject: ]
Jun 17 12:54:33 email-threat-docker postfix/cleanup[1915]: 0A914987BC: message-id=<>
Jun 17 12:54:33 email-threat-docker postfix/qmgr[99]: 0A914987BC: from=<support@bank.com>, size=806, nrcpt=1 (queue active)
Jun 17 12:54:33 email-threat-docker postfix/smtpd[1911]: disconnect from unknown[172.20.0.1] ehlo=1 mail=1 rcpt=1 data=1 quit=1 commands=5
Jun 17 12:54:33 email-threat-docker postfix/smtp[1916]: 0A914987BC: to=<recipient@email-threat-docker.local>, relay=scanner[172.20.0.3]:10025, delay=0.03, delays=0.01/0/0.01/0.01, dsn=2.0.0, status=sent (250 Message quarantined)
Jun 17 12:54:33 email-threat-docker postfix/qmgr[99]: 0A914987BC: removed
Jun 17 12:54:33 email-threat-docker postfix/smtpd[1911]: connect from unknown[172.20.0.1]
Jun 17 12:54:34 email-threat-docker postfix/smtpd[1911]: 11D26987BC: client=unknown[172.20.0.1]
Jun 17 12:54:34 email-threat-docker postfix/cleanup[1915]: 11D26987BC: prepend: header Subject: Microsoft Security Update from unknown[172.20.0.1]; from=<newsletter@store.com> to=<recipient@email-threat-docker.local> proto=ESMTP helo=<[192.168.48.1]>: [Subject: ]
Jun 17 12:54:34 email-threat-docker postfix/cleanup[1915]: 11D26987BC: message-id=<>
Jun 17 12:54:34 email-threat-docker postfix/qmgr[99]: 11D26987BC: from=<newsletter@store.com>, size=2272, nrcpt=1 (queue active)
Jun 17 12:54:34 email-threat-docker postfix/smtpd[1911]: disconnect from unknown[172.20.0.1] ehlo=1 mail=1 rcpt=1 data=1 quit=1 commands=5
Jun 17 12:54:34 email-threat-docker postfix/smtp[1916]: 11D26987BC: to=<recipient@email-threat-docker.local>, relay=scanner[172.20.0.3]:10025, delay=0.03, delays=0.01/0/0.01/0.01, dsn=2.0.0, status=sent (250 Message quarantined)
Jun 17 12:54:34 email-threat-docker postfix/qmgr[99]: 11D26987BC: removed
Jun 17 12:54:34 email-threat-docker postfix/smtpd[1911]: connect from unknown[172.20.0.1]
Jun 17 12:54:35 email-threat-docker postfix/smtpd[1911]: 11C2E987BC: client=unknown[172.20.0.1]
Jun 17 12:54:35 email-threat-docker postfix/cleanup[1915]: 11C2E987BC: prepend: header Subject: Undelivered Mail Notification from unknown[172.20.0.1]; from=<notifications@company.com> to=<recipient@email-threat-docker.local> proto=ESMTP helo=<[192.168.48.1]>: [Subject: ]
Jun 17 12:54:35 email-threat-docker postfix/cleanup[1915]: 11C2E987BC: message-id=<>
Jun 17 12:54:35 email-threat-docker postfix/qmgr[99]: 11C2E987BC: from=<notifications@company.com>, size=896, nrcpt=1 (queue active)
Jun 17 12:54:35 email-threat-docker postfix/smtpd[1911]: disconnect from unknown[172.20.0.1] ehlo=1 mail=1 rcpt=1 data=1 quit=1 commands=5
Jun 17 12:54:35 email-threat-docker postfix/smtpd[1917]: connect from scanner.holbertonshcool-cybersecurity-final-proyect_threat-net[172.20.0.3]
Jun 17 12:54:35 email-threat-docker postfix/smtpd[1917]: 17FA9987CD: client=scanner.holbertonshcool-cybersecurity-final-proyect_threat-net[172.20.0.3]
Jun 17 12:54:35 email-threat-docker postfix/cleanup[1915]: 17FA9987CD: message-id=<>
Jun 17 12:54:35 email-threat-docker postfix/qmgr[99]: 17FA9987CD: from=<notifications@company.com>, size=1152, nrcpt=1 (queue active)
Jun 17 12:54:35 email-threat-docker postfix/smtpd[1917]: disconnect from scanner.holbertonshcool-cybersecurity-final-proyect_threat-net[172.20.0.3] ehlo=1 mail=1 rcpt=1 data=1 quit=1 commands=5
Jun 17 12:54:35 email-threat-docker postfix/smtp[1916]: 11C2E987BC: to=<recipient@email-threat-docker.local>, relay=scanner[172.20.0.3]:10025, delay=0.04, delays=0.01/0/0.01/0.02, dsn=2.0.0, status=sent (250 Message delivered)
Jun 17 12:54:35 email-threat-docker postfix/qmgr[99]: 11C2E987BC: removed
Jun 17 12:54:35 email-threat-docker postfix/local[1927]: 17FA9987CD: to=<recipient@email-threat-docker.local>, relay=local, delay=0.01, delays=0.01/0/0/0.01, dsn=2.0.0, status=sent (delivered to command: /usr/bin/procmail)
Jun 17 12:54:35 email-threat-docker postfix/qmgr[99]: 17FA9987CD: removed
Jun 21 09:17:33 email-threat-docker postfix/postfix-script[65]: warning: group or other writable: /etc/postfix/./main.cf
Jun 21 09:17:33 email-threat-docker postfix/postfix-script[66]: warning: group or other writable: /etc/postfix/./master.cf
Jun 21 09:17:33 email-threat-docker postfix/postfix-script[67]: warning: group or other writable: /etc/postfix/./transport
Jun 21 09:17:33 email-threat-docker postfix/postfix-script[90]: starting the Postfix mail system
Jun 21 09:17:33 email-threat-docker postfix/master[1]: daemon started -- version 3.6.4, configuration /etc/postfix
Jun 21 09:19:32 email-threat-docker postfix/postfix-script[72]: warning: group or other writable: /etc/postfix/./main.cf
Jun 21 09:19:32 email-threat-docker postfix/postfix-script[73]: warning: group or other writable: /etc/postfix/./master.cf
Jun 21 09:19:32 email-threat-docker postfix/postfix-script[74]: warning: group or other writable: /etc/postfix/./transport
Jun 21 09:19:32 email-threat-docker postfix/postfix-script[97]: starting the Postfix mail system
Jun 21 09:19:32 email-threat-docker postfix/master[1]: daemon started -- version 3.6.4, configuration /etc/postfix
Jun 21 09:25:36 email-threat-docker postfix/smtpd[569]: warning: dict_nis_init: NIS domain name not set - NIS lookups disabled
Jun 21 09:25:36 email-threat-docker postfix/smtpd[569]: connect from unknown[172.20.0.1]
Jun 21 09:25:36 email-threat-docker postfix/smtpd[569]: disconnect from unknown[172.20.0.1] ehlo=1 quit=1 commands=2
Jun 21 10:40:28 email-threat-docker postfix/postfix-script[72]: warning: group or other writable: /etc/postfix/./main.cf
Jun 21 10:40:28 email-threat-docker postfix/postfix-script[73]: warning: group or other writable: /etc/postfix/./master.cf
Jun 21 10:40:28 email-threat-docker postfix/postfix-script[74]: warning: group or other writable: /etc/postfix/./transport
Jun 21 10:40:28 email-threat-docker postfix/postfix-script[97]: starting the Postfix mail system
Jun 21 10:40:28 email-threat-docker postfix/master[1]: daemon started -- version 3.6.4, configuration /etc/postfix
