May 16 16:51:27 email-threat-docker postfix/qmgr[100]: 51AF7654F8: removed
May 16 16:51:29 email-threat-docker postfix/smtpd[363]: connect from scanner.yara_final_project_threat-net[172.20.0.2]
May 16 16:51:29 email-threat-docker postfix/smtpd[363]: 59E02654B0: client=scanner.yara_final_project_threat-net[172.20.0.2]
May 16 16:51:29 email-threat-docker postfix/cleanup[366]: 59E02654B0: message-id=<>
May 16 16:51:29 email-threat-docker postfix/qmgr[100]: 59E02654B0: from=<newsletter@store.com>, size=676, nrcpt=1 (queue active)
May 16 16:51:29 email-threat-docker postfix/smtpd[363]: disconnect from scanner.yara_final_project_threat-net[172.20.0.2] ehlo=1 mail=1 rcpt=1 data=1 quit=1 commands=5
May 16 16:51:29 email-threat-docker postfix/local[367]: 59E02654B0: to=<recipient@email-threat-docker.local>, relay=local, delay=0.01, delays=0.01/0/0/0, dsn=2.0.0, status=sent (delivered to mailbox)
May 16 16:51:29 email-threat-docker postfix/qmgr[100]: 59E02654B0: removed
May 16 16:51:31 email-threat-docker postfix/smtpd[363]: connect from scanner.yara_final_project_threat-net[172.20.0.2]
May 16 16:51:31 email-threat-docker postfix/smtpd[363]: 636F0654B0: client=scanner.yara_final_project_threat-net[172.20.0.2]
May 16 16:51:31 email-threat-docker postfix/cleanup[366]: 636F0654B0: message-id=<>
May 16 16:51:31 email-threat-docker postfix/qmgr[100]: 636F0654B0: from=<hr@company.com>, size=629, nrcpt=1 (queue active)
May 16 16:51:31 email-threat-docker postfix/smtpd[363]: disconnect from scanner.yara_final_project_threat-net[172.20.0.2] ehlo=1 mail=1 rcpt=1 data=1 quit=1 commands=5
May 16 16:51:31 email-threat-docker postfix/local[367]: 636F0654B0: to=<recipient@email-threat-docker.local>, relay=local, delay=0.02, delays=0.01/0/0/0.01, dsn=2.0.0, status=sent (delivered to mailbox)
May 16 16:51:31 email-threat-docker postfix/qmgr[100]: 636F0654B0: removed
May 16 16:51:33 email-threat-docker postfix/smtpd[363]: connect from scanner.yara_final_project_threat-net[172.20.0.2]
May 16 16:51:33 email-threat-docker postfix/smtpd[363]: 6CEB2654B0: client=scanner.yara_final_project_threat-net[172.20.0.2]
May 16 16:51:33 email-threat-docker postfix/cleanup[366]: 6CEB2654B0: message-id=<>
May 16 16:51:33 email-threat-docker postfix/qmgr[100]: 6CEB2654B0: from=<teamlead@company.com>, size=655, nrcpt=1 (queue active)
May 16 16:51:33 email-threat-docker postfix/smtpd[363]: disconnect from scanner.yara_final_project_threat-net[172.20.0.2] ehlo=1 mail=1 rcpt=1 data=1 quit=1 commands=5
May 16 16:51:33 email-threat-docker postfix/local[367]: 6CEB2654B0: to=<recipient@email-threat-docker.local>, relay=local, delay=0.01, delays=0.01/0/0/0, dsn=2.0.0, status=sent (delivered to mailbox)
May 16 16:51:33 email-threat-docker postfix/qmgr[100]: 6CEB2654B0: removed
May 16 16:51:35 email-threat-docker postfix/smtpd[363]: connect from scanner.yara_final_project_threat-net[172.20.0.2]
May 16 16:51:35 email-threat-docker postfix/smtpd[363]: 765D4654B0: client=scanner.yara_final_project_threat-net[172.20.0.2]
May 16 16:51:35 email-threat-docker postfix/cleanup[366]: 765D4654B0: message-id=<>
May 16 16:51:35 email-threat-docker postfix/qmgr[100]: 765D4654B0: from=<noreply@itdept.company.com>, size=658, nrcpt=1 (queue active)
May 16 16:51:35 email-threat-docker postfix/smtpd[363]: disconnect from scanner.yara_final_project_threat-net[172.20.0.2] ehlo=1 mail=1 rcpt=1 data=1 quit=1 commands=5
May 16 16:51:35 email-threat-docker postfix/local[367]: 765D4654B0: to=<recipient@email-threat-docker.local>, relay=local, delay=0.01, delays=0.01/0/0/0.01, dsn=2.0.0, status=sent (delivered to mailbox)
May 16 16:51:35 email-threat-docker postfix/qmgr[100]: 765D4654B0: removed
May 16 16:51:37 email-threat-docker postfix/smtpd[363]: connect from scanner.yara_final_project_threat-net[172.20.0.2]
May 16 16:51:37 email-threat-docker postfix/smtpd[363]: 7FC95654B0: client=scanner.yara_final_project_threat-net[172.20.0.2]
May 16 16:51:37 email-threat-docker postfix/cleanup[366]: 7FC95654B0: message-id=<>
May 16 16:51:37 email-threat-docker postfix/qmgr[100]: 7FC95654B0: from=<alerts@service.com>, size=624, nrcpt=1 (queue active)
May 16 16:51:37 email-threat-docker postfix/smtpd[363]: disconnect from scanner.yara_final_project_threat-net[172.20.0.2] ehlo=1 mail=1 rcpt=1 data=1 quit=1 commands=5
May 16 16:51:37 email-threat-docker postfix/local[367]: 7FC95654B0: to=<recipient@email-threat-docker.local>, relay=local, delay=0.01, delays=0.01/0/0/0.01, dsn=2.0.0, status=sent (delivered to mailbox)
May 16 16:51:37 email-threat-docker postfix/qmgr[100]: 7FC95654B0: removed
May 16 16:51:39 email-threat-docker postfix/smtpd[363]: connect from scanner.yara_final_project_threat-net[172.20.0.2]
May 16 16:51:39 email-threat-docker postfix/smtpd[363]: 89D7A6546A: client=scanner.yara_final_project_threat-net[172.20.0.2]
May 16 16:51:39 email-threat-docker postfix/cleanup[366]: 89D7A6546A: message-id=<>
May 16 16:51:39 email-threat-docker postfix/qmgr[100]: 89D7A6546A: from=<events@company.com>, size=656, nrcpt=1 (queue active)
May 16 16:51:39 email-threat-docker postfix/smtpd[363]: disconnect from scanner.yara_final_project_threat-net[172.20.0.2] ehlo=1 mail=1 rcpt=1 data=1 quit=1 commands=5
May 16 16:51:39 email-threat-docker postfix/local[367]: 89D7A6546A: to=<recipient@email-threat-docker.local>, relay=local, delay=0.01, delays=0.01/0/0/0, dsn=2.0.0, status=sent (delivered to mailbox)
May 16 16:51:39 email-threat-docker postfix/qmgr[100]: 89D7A6546A: removed
May 16 16:51:41 email-threat-docker postfix/smtpd[363]: connect from scanner.yara_final_project_threat-net[172.20.0.2]
May 16 16:51:41 email-threat-docker postfix/smtpd[363]: 935226546A: client=scanner.yara_final_project_threat-net[172.20.0.2]
May 16 16:51:41 email-threat-docker postfix/cleanup[366]: 935226546A: message-id=<>
May 16 16:51:41 email-threat-docker postfix/qmgr[100]: 935226546A: from=<security@service.com>, size=647, nrcpt=1 (queue active)
May 16 16:51:41 email-threat-docker postfix/smtpd[363]: disconnect from scanner.yara_final_project_threat-net[172.20.0.2] ehlo=1 mail=1 rcpt=1 data=1 quit=1 commands=5
May 16 16:51:41 email-threat-docker postfix/local[367]: 935226546A: to=<recipient@email-threat-docker.local>, relay=local, delay=0.01, delays=0.01/0/0/0, dsn=2.0.0, status=sent (delivered to mailbox)
May 16 16:51:41 email-threat-docker postfix/qmgr[100]: 935226546A: removed
May 16 16:51:43 email-threat-docker postfix/smtpd[363]: connect from scanner.yara_final_project_threat-net[172.20.0.2]
May 16 16:51:43 email-threat-docker postfix/smtpd[363]: 9D37A6546A: client=scanner.yara_final_project_threat-net[172.20.0.2]
May 16 16:51:43 email-threat-docker postfix/cleanup[366]: 9D37A6546A: message-id=<>
May 16 16:51:43 email-threat-docker postfix/qmgr[100]: 9D37A6546A: from=<devteam@company.com>, size=637, nrcpt=1 (queue active)
May 16 16:51:43 email-threat-docker postfix/smtpd[363]: disconnect from scanner.yara_final_project_threat-net[172.20.0.2] ehlo=1 mail=1 rcpt=1 data=1 quit=1 commands=5
May 16 16:51:43 email-threat-docker postfix/local[367]: 9D37A6546A: to=<recipient@email-threat-docker.local>, relay=local, delay=0.01, delays=0.01/0/0/0, dsn=2.0.0, status=sent (delivered to mailbox)
May 16 16:51:43 email-threat-docker postfix/qmgr[100]: 9D37A6546A: removed
May 16 16:51:45 email-threat-docker postfix/smtpd[363]: connect from scanner.yara_final_project_threat-net[172.20.0.2]
May 16 16:51:45 email-threat-docker postfix/smtpd[363]: 999C66546A: client=scanner.yara_final_project_threat-net[172.20.0.2]
May 16 16:51:45 email-threat-docker postfix/cleanup[366]: 999C66546A: message-id=<>
May 16 16:51:45 email-threat-docker postfix/qmgr[100]: 999C66546A: from=<communications@company.com>, size=661, nrcpt=1 (queue active)
May 16 16:51:45 email-threat-docker postfix/smtpd[363]: disconnect from scanner.yara_final_project_threat-net[172.20.0.2] ehlo=1 mail=1 rcpt=1 data=1 quit=1 commands=5
May 16 16:51:45 email-threat-docker postfix/local[367]: 999C66546A: to=<recipient@email-threat-docker.local>, relay=local, delay=0.01, delays=0.01/0/0/0.01, dsn=2.0.0, status=sent (delivered to mailbox)
May 16 16:51:45 email-threat-docker postfix/qmgr[100]: 999C66546A: removed
May 16 16:51:47 email-threat-docker postfix/smtpd[363]: connect from scanner.yara_final_project_threat-net[172.20.0.2]
May 16 16:51:47 email-threat-docker postfix/smtpd[363]: 9CD5C6546A: client=scanner.yara_final_project_threat-net[172.20.0.2]
May 16 16:51:47 email-threat-docker postfix/cleanup[366]: 9CD5C6546A: message-id=<>
May 16 16:51:47 email-threat-docker postfix/qmgr[100]: 9CD5C6546A: from=<billing@legit-company.com>, size=593, nrcpt=1 (queue active)
May 16 16:51:47 email-threat-docker postfix/smtpd[363]: disconnect from scanner.yara_final_project_threat-net[172.20.0.2] ehlo=1 mail=1 rcpt=1 data=1 quit=1 commands=5
May 16 16:51:47 email-threat-docker postfix/local[367]: 9CD5C6546A: to=<recipient@email-threat-docker.local>, relay=local, delay=0.01, delays=0.01/0/0/0, dsn=2.0.0, status=sent (delivered to mailbox)
May 16 16:51:47 email-threat-docker postfix/qmgr[100]: 9CD5C6546A: removed
May 16 16:51:49 email-threat-docker postfix/smtpd[363]: connect from scanner.yara_final_project_threat-net[172.20.0.2]
May 16 16:51:49 email-threat-docker postfix/smtpd[363]: A00C0654B0: client=scanner.yara_final_project_threat-net[172.20.0.2]
May 16 16:51:49 email-threat-docker postfix/cleanup[366]: A00C0654B0: message-id=<>
May 16 16:51:49 email-threat-docker postfix/qmgr[100]: A00C0654B0: from=<deals@newsletter.com>, size=566, nrcpt=1 (queue active)
May 16 16:51:49 email-threat-docker postfix/smtpd[363]: disconnect from scanner.yara_final_project_threat-net[172.20.0.2] ehlo=1 mail=1 rcpt=1 data=1 quit=1 commands=5
May 16 16:51:49 email-threat-docker postfix/local[367]: A00C0654B0: to=<recipient@email-threat-docker.local>, relay=local, delay=0.01, delays=0.01/0/0/0, dsn=2.0.0, status=sent (delivered to mailbox)
May 16 16:51:49 email-threat-docker postfix/qmgr[100]: A00C0654B0: removed
May 16 16:51:51 email-threat-docker postfix/smtpd[363]: connect from scanner.yara_final_project_threat-net[172.20.0.2]
May 16 16:51:51 email-threat-docker postfix/smtpd[363]: A4AC0654B0: client=scanner.yara_final_project_threat-net[172.20.0.2]
May 16 16:51:51 email-threat-docker postfix/cleanup[366]: A4AC0654B0: message-id=<>
May 16 16:51:51 email-threat-docker postfix/qmgr[100]: A4AC0654B0: from=<security@onlinebank.com>, size=581, nrcpt=1 (queue active)
May 16 16:51:51 email-threat-docker postfix/smtpd[363]: disconnect from scanner.yara_final_project_threat-net[172.20.0.2] ehlo=1 mail=1 rcpt=1 data=1 quit=1 commands=5
May 16 16:51:51 email-threat-docker postfix/local[367]: A4AC0654B0: to=<recipient@email-threat-docker.local>, relay=local, delay=0.01, delays=0.01/0/0/0, dsn=2.0.0, status=sent (delivered to mailbox)
May 16 16:51:51 email-threat-docker postfix/qmgr[100]: A4AC0654B0: removed
May 16 16:51:53 email-threat-docker postfix/smtpd[363]: connect from scanner.yara_final_project_threat-net[172.20.0.2]
May 16 16:51:53 email-threat-docker postfix/smtpd[363]: AB9DF654B0: client=scanner.yara_final_project_threat-net[172.20.0.2]
May 16 16:51:53 email-threat-docker postfix/cleanup[366]: AB9DF654B0: message-id=<>
May 16 16:51:53 email-threat-docker postfix/qmgr[100]: AB9DF654B0: from=<support@service.com>, size=613, nrcpt=1 (queue active)
May 16 16:51:53 email-threat-docker postfix/smtpd[363]: disconnect from scanner.yara_final_project_threat-net[172.20.0.2] ehlo=1 mail=1 rcpt=1 data=1 quit=1 commands=5
May 16 16:51:53 email-threat-docker postfix/local[367]: AB9DF654B0: to=<recipient@email-threat-docker.local>, relay=local, delay=0.01, delays=0.01/0/0/0.01, dsn=2.0.0, status=sent (delivered to mailbox)
May 16 16:51:53 email-threat-docker postfix/qmgr[100]: AB9DF654B0: removed
May 16 16:51:55 email-threat-docker postfix/smtpd[363]: connect from scanner.yara_final_project_threat-net[172.20.0.2]
May 16 16:51:55 email-threat-docker postfix/smtpd[363]: B2F33654B0: client=scanner.yara_final_project_threat-net[172.20.0.2]
May 16 16:51:55 email-threat-docker postfix/cleanup[366]: B2F33654B0: message-id=<>
May 16 16:51:55 email-threat-docker postfix/qmgr[100]: B2F33654B0: from=<alice.smith@bigcorp.com>, size=609, nrcpt=1 (queue active)
May 16 16:51:55 email-threat-docker postfix/smtpd[363]: disconnect from scanner.yara_final_project_threat-net[172.20.0.2] ehlo=1 mail=1 rcpt=1 data=1 quit=1 commands=5
May 16 16:51:55 email-threat-docker postfix/local[367]: B2F33654B0: to=<recipient@email-threat-docker.local>, relay=local, delay=0.01, delays=0.01/0/0/0, dsn=2.0.0, status=sent (delivered to mailbox)
May 16 16:51:55 email-threat-docker postfix/qmgr[100]: B2F33654B0: removed
May 16 16:51:57 email-threat-docker postfix/smtpd[363]: connect from scanner.yara_final_project_threat-net[172.20.0.2]
May 16 16:51:57 email-threat-docker postfix/smtpd[363]: BAA36654B0: client=scanner.yara_final_project_threat-net[172.20.0.2]
May 16 16:51:57 email-threat-docker postfix/cleanup[366]: BAA36654B0: message-id=<>
May 16 16:51:57 email-threat-docker postfix/qmgr[100]: BAA36654B0: from=<info@company.com>, size=541, nrcpt=1 (queue active)
May 16 16:51:57 email-threat-docker postfix/smtpd[363]: disconnect from scanner.yara_final_project_threat-net[172.20.0.2] ehlo=1 mail=1 rcpt=1 data=1 quit=1 commands=5
May 16 16:51:57 email-threat-docker postfix/local[367]: BAA36654B0: to=<recipient@email-threat-docker.local>, relay=local, delay=0.01, delays=0.01/0/0/0, dsn=2.0.0, status=sent (delivered to mailbox)
May 16 16:51:57 email-threat-docker postfix/qmgr[100]: BAA36654B0: removed
May 16 16:51:59 email-threat-docker postfix/smtpd[363]: connect from scanner.yara_final_project_threat-net[172.20.0.2]
May 16 16:51:59 email-threat-docker postfix/smtpd[363]: C2ECE6546A: client=scanner.yara_final_project_threat-net[172.20.0.2]
May 16 16:51:59 email-threat-docker postfix/cleanup[366]: C2ECE6546A: message-id=<>
May 16 16:51:59 email-threat-docker postfix/qmgr[100]: C2ECE6546A: from=<admin@company.com>, size=600, nrcpt=1 (queue active)
May 16 16:51:59 email-threat-docker postfix/smtpd[363]: disconnect from scanner.yara_final_project_threat-net[172.20.0.2] ehlo=1 mail=1 rcpt=1 data=1 quit=1 commands=5
May 16 16:51:59 email-threat-docker postfix/local[367]: C2ECE6546A: to=<recipient@email-threat-docker.local>, relay=local, delay=0.01, delays=0.01/0/0/0, dsn=2.0.0, status=sent (delivered to mailbox)
May 16 16:51:59 email-threat-docker postfix/qmgr[100]: C2ECE6546A: removed
May 16 16:52:01 email-threat-docker postfix/smtpd[363]: connect from scanner.yara_final_project_threat-net[172.20.0.2]
May 16 16:52:01 email-threat-docker postfix/smtpd[363]: CB5436546A: client=scanner.yara_final_project_threat-net[172.20.0.2]
May 16 16:52:01 email-threat-docker postfix/cleanup[366]: CB5436546A: message-id=<>
May 16 16:52:01 email-threat-docker postfix/qmgr[100]: CB5436546A: from=<notifications@company.com>, size=514, nrcpt=1 (queue active)
May 16 16:52:01 email-threat-docker postfix/smtpd[363]: disconnect from scanner.yara_final_project_threat-net[172.20.0.2] ehlo=1 mail=1 rcpt=1 data=1 quit=1 commands=5
May 16 16:52:01 email-threat-docker postfix/local[367]: CB5436546A: to=<recipient@email-threat-docker.local>, relay=local, delay=0.01, delays=0.01/0/0/0.01, dsn=2.0.0, status=sent (delivered to mailbox)
May 16 16:52:01 email-threat-docker postfix/qmgr[100]: CB5436546A: removed
May 16 16:52:03 email-threat-docker postfix/smtpd[363]: connect from scanner.yara_final_project_threat-net[172.20.0.2]
May 16 16:52:03 email-threat-docker postfix/smtpd[363]: D44256546A: client=scanner.yara_final_project_threat-net[172.20.0.2]
May 16 16:52:03 email-threat-docker postfix/cleanup[366]: D44256546A: message-id=<>
May 16 16:52:03 email-threat-docker postfix/qmgr[100]: D44256546A: from=<support@service.com>, size=548, nrcpt=1 (queue active)
May 16 16:52:03 email-threat-docker postfix/smtpd[363]: disconnect from scanner.yara_final_project_threat-net[172.20.0.2] ehlo=1 mail=1 rcpt=1 data=1 quit=1 commands=5
May 16 16:52:03 email-threat-docker postfix/local[367]: D44256546A: to=<recipient@email-threat-docker.local>, relay=local, delay=0.01, delays=0.01/0/0/0.01, dsn=2.0.0, status=sent (delivered to mailbox)
May 16 16:52:03 email-threat-docker postfix/qmgr[100]: D44256546A: removed
May 16 16:52:05 email-threat-docker postfix/smtpd[363]: connect from scanner.yara_final_project_threat-net[172.20.0.2]
May 16 16:52:05 email-threat-docker postfix/smtpd[363]: DDC936546A: client=scanner.yara_final_project_threat-net[172.20.0.2]
May 16 16:52:05 email-threat-docker postfix/cleanup[366]: DDC936546A: message-id=<>
May 16 16:52:05 email-threat-docker postfix/qmgr[100]: DDC936546A: from=<support@service.com>, size=592, nrcpt=1 (queue active)
May 16 16:52:05 email-threat-docker postfix/smtpd[363]: disconnect from scanner.yara_final_project_threat-net[172.20.0.2] ehlo=1 mail=1 rcpt=1 data=1 quit=1 commands=5
May 16 16:52:05 email-threat-docker postfix/local[367]: DDC936546A: to=<recipient@email-threat-docker.local>, relay=local, delay=0.02, delays=0.01/0/0/0.01, dsn=2.0.0, status=sent (delivered to mailbox)
May 16 16:52:05 email-threat-docker postfix/qmgr[100]: DDC936546A: removed
May 16 16:52:07 email-threat-docker postfix/smtpd[363]: connect from scanner.yara_final_project_threat-net[172.20.0.2]
May 16 16:52:07 email-threat-docker postfix/smtpd[363]: E80336546A: client=scanner.yara_final_project_threat-net[172.20.0.2]
May 16 16:52:07 email-threat-docker postfix/cleanup[366]: E80336546A: message-id=<>
May 16 16:52:07 email-threat-docker postfix/qmgr[100]: E80336546A: from=<hr@company.com>, size=514, nrcpt=1 (queue active)
May 16 16:52:07 email-threat-docker postfix/smtpd[363]: disconnect from scanner.yara_final_project_threat-net[172.20.0.2] ehlo=1 mail=1 rcpt=1 data=1 quit=1 commands=5
May 16 16:52:07 email-threat-docker postfix/local[367]: E80336546A: to=<recipient@email-threat-docker.local>, relay=local, delay=0.01, delays=0.01/0/0/0, dsn=2.0.0, status=sent (delivered to mailbox)
May 16 16:52:07 email-threat-docker postfix/qmgr[100]: E80336546A: removed
May 16 16:52:09 email-threat-docker postfix/smtpd[363]: connect from scanner.yara_final_project_threat-net[172.20.0.2]
May 16 16:52:09 email-threat-docker postfix/smtpd[363]: F1F0D654B0: client=scanner.yara_final_project_threat-net[172.20.0.2]
May 16 16:52:09 email-threat-docker postfix/cleanup[366]: F1F0D654B0: message-id=<>
May 16 16:52:09 email-threat-docker postfix/qmgr[100]: F1F0D654B0: from=<updates@deals.com>, size=492, nrcpt=1 (queue active)
May 16 16:52:09 email-threat-docker postfix/smtpd[363]: disconnect from scanner.yara_final_project_threat-net[172.20.0.2] ehlo=1 mail=1 rcpt=1 data=1 quit=1 commands=5
May 16 16:52:09 email-threat-docker postfix/local[367]: F1F0D654B0: to=<recipient@email-threat-docker.local>, relay=local, delay=0.01, delays=0.01/0/0/0.01, dsn=2.0.0, status=sent (delivered to mailbox)
May 16 16:52:09 email-threat-docker postfix/qmgr[100]: F1F0D654B0: removed
May 16 16:52:12 email-threat-docker postfix/smtpd[363]: connect from scanner.yara_final_project_threat-net[172.20.0.2]
May 16 16:52:12 email-threat-docker postfix/smtpd[363]: 07A2B654B0: client=scanner.yara_final_project_threat-net[172.20.0.2]
May 16 16:52:12 email-threat-docker postfix/cleanup[366]: 07A2B654B0: message-id=<>
May 16 16:52:12 email-threat-docker postfix/qmgr[100]: 07A2B654B0: from=<support@apple.com>, size=591, nrcpt=1 (queue active)
May 16 16:52:12 email-threat-docker postfix/smtpd[363]: disconnect from scanner.yara_final_project_threat-net[172.20.0.2] ehlo=1 mail=1 rcpt=1 data=1 quit=1 commands=5
May 16 16:52:12 email-threat-docker postfix/local[367]: 07A2B654B0: to=<recipient@email-threat-docker.local>, relay=local, delay=0.01, delays=0.01/0/0/0, dsn=2.0.0, status=sent (delivered to mailbox)
May 16 16:52:12 email-threat-docker postfix/qmgr[100]: 07A2B654B0: removed
May 16 16:52:14 email-threat-docker postfix/smtpd[363]: connect from scanner.yara_final_project_threat-net[172.20.0.2]
May 16 16:52:14 email-threat-docker postfix/smtpd[363]: 12589654B0: client=scanner.yara_final_project_threat-net[172.20.0.2]
May 16 16:52:14 email-threat-docker postfix/cleanup[366]: 12589654B0: message-id=<>
May 16 16:52:14 email-threat-docker postfix/qmgr[100]: 12589654B0: from=<support@bank.com>, size=556, nrcpt=1 (queue active)
May 16 16:52:14 email-threat-docker postfix/smtpd[363]: disconnect from scanner.yara_final_project_threat-net[172.20.0.2] ehlo=1 mail=1 rcpt=1 data=1 quit=1 commands=5
May 16 16:52:14 email-threat-docker postfix/local[367]: 12589654B0: to=<recipient@email-threat-docker.local>, relay=local, delay=0.01, delays=0.01/0/0/0.01, dsn=2.0.0, status=sent (delivered to mailbox)
May 16 16:52:14 email-threat-docker postfix/qmgr[100]: 12589654B0: removed
May 16 16:52:16 email-threat-docker postfix/smtpd[363]: connect from scanner.yara_final_project_threat-net[172.20.0.2]
May 16 16:52:16 email-threat-docker postfix/smtpd[363]: 10142654B0: client=scanner.yara_final_project_threat-net[172.20.0.2]
May 16 16:52:16 email-threat-docker postfix/cleanup[366]: 10142654B0: message-id=<>
May 16 16:52:16 email-threat-docker postfix/qmgr[100]: 10142654B0: from=<hr@company.com>, size=547, nrcpt=1 (queue active)
May 16 16:52:16 email-threat-docker postfix/smtpd[363]: disconnect from scanner.yara_final_project_threat-net[172.20.0.2] ehlo=1 mail=1 rcpt=1 data=1 quit=1 commands=5
May 16 16:52:16 email-threat-docker postfix/local[367]: 10142654B0: to=<recipient@email-threat-docker.local>, relay=local, delay=0.01, delays=0.01/0/0/0.01, dsn=2.0.0, status=sent (delivered to mailbox)
May 16 16:52:16 email-threat-docker postfix/qmgr[100]: 10142654B0: removed
May 16 16:52:18 email-threat-docker postfix/smtpd[363]: connect from scanner.yara_final_project_threat-net[172.20.0.2]
May 16 16:52:18 email-threat-docker postfix/smtpd[363]: 123FF6546A: client=scanner.yara_final_project_threat-net[172.20.0.2]
May 16 16:52:18 email-threat-docker postfix/cleanup[366]: 123FF6546A: message-id=<>
May 16 16:52:18 email-threat-docker postfix/qmgr[100]: 123FF6546A: from=<support@onlineservice.com>, size=573, nrcpt=1 (queue active)
May 16 16:52:18 email-threat-docker postfix/smtpd[363]: disconnect from scanner.yara_final_project_threat-net[172.20.0.2] ehlo=1 mail=1 rcpt=1 data=1 quit=1 commands=5
May 16 16:52:18 email-threat-docker postfix/local[367]: 123FF6546A: to=<recipient@email-threat-docker.local>, relay=local, delay=0.01, delays=0.01/0/0/0, dsn=2.0.0, status=sent (delivered to mailbox)
May 16 16:52:18 email-threat-docker postfix/qmgr[100]: 123FF6546A: removed
May 16 16:52:20 email-threat-docker postfix/smtpd[363]: connect from scanner.yara_final_project_threat-net[172.20.0.2]
May 16 16:52:20 email-threat-docker postfix/smtpd[363]: 15D456546A: client=scanner.yara_final_project_threat-net[172.20.0.2]
May 16 16:52:20 email-threat-docker postfix/cleanup[366]: 15D456546A: message-id=<>
May 16 16:52:20 email-threat-docker postfix/qmgr[100]: 15D456546A: from=<security@bigcorp.com>, size=543, nrcpt=1 (queue active)
May 16 16:52:20 email-threat-docker postfix/smtpd[363]: disconnect from scanner.yara_final_project_threat-net[172.20.0.2] ehlo=1 mail=1 rcpt=1 data=1 quit=1 commands=5
May 16 16:52:20 email-threat-docker postfix/local[367]: 15D456546A: to=<recipient@email-threat-docker.local>, relay=local, delay=0.01, delays=0.01/0/0/0.01, dsn=2.0.0, status=sent (delivered to mailbox)
May 16 16:52:20 email-threat-docker postfix/qmgr[100]: 15D456546A: removed
May 16 16:52:22 email-threat-docker postfix/smtpd[363]: connect from scanner.yara_final_project_threat-net[172.20.0.2]
May 16 16:52:22 email-threat-docker postfix/smtpd[363]: 1BAC56546A: client=scanner.yara_final_project_threat-net[172.20.0.2]
May 16 16:52:22 email-threat-docker postfix/cleanup[366]: 1BAC56546A: message-id=<>
May 16 16:52:22 email-threat-docker postfix/qmgr[100]: 1BAC56546A: from=<rewards@shopping.com>, size=551, nrcpt=1 (queue active)
May 16 16:52:22 email-threat-docker postfix/smtpd[363]: disconnect from scanner.yara_final_project_threat-net[172.20.0.2] ehlo=1 mail=1 rcpt=1 data=1 quit=1 commands=5
May 16 16:52:22 email-threat-docker postfix/local[367]: 1BAC56546A: to=<recipient@email-threat-docker.local>, relay=local, delay=0.01, delays=0.01/0/0/0.01, dsn=2.0.0, status=sent (delivered to mailbox)
May 16 16:52:22 email-threat-docker postfix/qmgr[100]: 1BAC56546A: removed
May 16 16:52:24 email-threat-docker postfix/smtpd[363]: connect from scanner.yara_final_project_threat-net[172.20.0.2]
May 16 16:52:24 email-threat-docker postfix/smtpd[363]: 2213E6546A: client=scanner.yara_final_project_threat-net[172.20.0.2]
May 16 16:52:24 email-threat-docker postfix/cleanup[366]: 2213E6546A: message-id=<>
May 16 16:52:24 email-threat-docker postfix/qmgr[100]: 2213E6546A: from=<survey@company.com>, size=517, nrcpt=1 (queue active)
May 16 16:52:24 email-threat-docker postfix/smtpd[363]: disconnect from scanner.yara_final_project_threat-net[172.20.0.2] ehlo=1 mail=1 rcpt=1 data=1 quit=1 commands=5
May 16 16:52:24 email-threat-docker postfix/local[367]: 2213E6546A: to=<recipient@email-threat-docker.local>, relay=local, delay=0.01, delays=0.01/0/0/0.01, dsn=2.0.0, status=sent (delivered to mailbox)
May 16 16:52:24 email-threat-docker postfix/qmgr[100]: 2213E6546A: removed
May 16 16:52:26 email-threat-docker postfix/smtpd[363]: connect from scanner.yara_final_project_threat-net[172.20.0.2]
May 16 16:52:26 email-threat-docker postfix/smtpd[363]: 2917C6546A: client=scanner.yara_final_project_threat-net[172.20.0.2]
May 16 16:52:26 email-threat-docker postfix/cleanup[366]: 2917C6546A: message-id=<>
May 16 16:52:26 email-threat-docker postfix/qmgr[100]: 2917C6546A: from=<recruiter@jobs.com>, size=559, nrcpt=1 (queue active)
May 16 16:52:26 email-threat-docker postfix/smtpd[363]: disconnect from scanner.yara_final_project_threat-net[172.20.0.2] ehlo=1 mail=1 rcpt=1 data=1 quit=1 commands=5
May 16 16:52:26 email-threat-docker postfix/local[367]: 2917C6546A: to=<recipient@email-threat-docker.local>, relay=local, delay=0.01, delays=0.01/0/0/0, dsn=2.0.0, status=sent (delivered to mailbox)
May 16 16:52:26 email-threat-docker postfix/qmgr[100]: 2917C6546A: removed
May 16 16:54:52 email-threat-docker postfix/smtpd[657]: connect from unknown[172.20.0.1]
May 16 16:54:52 email-threat-docker postfix/smtpd[657]: 810BB65502: client=unknown[172.20.0.1]
May 16 16:54:52 email-threat-docker postfix/cleanup[661]: 810BB65502: message-id=<>
May 16 16:54:52 email-threat-docker postfix/qmgr[100]: 810BB65502: from=<notifications@company.com>, size=635, nrcpt=1 (queue active)
May 16 16:54:52 email-threat-docker postfix/smtpd[663]: connect from scanner.yara_final_project_threat-net[172.20.0.2]
May 16 16:54:52 email-threat-docker postfix/smtpd[663]: 8CF9665504: client=scanner.yara_final_project_threat-net[172.20.0.2]
May 16 16:54:52 email-threat-docker postfix/cleanup[661]: 8CF9665504: message-id=<>
May 16 16:54:52 email-threat-docker postfix/qmgr[100]: 8CF9665504: from=<notifications@company.com>, size=870, nrcpt=1 (queue active)
May 16 16:54:52 email-threat-docker postfix/smtpd[663]: disconnect from scanner.yara_final_project_threat-net[172.20.0.2] ehlo=1 mail=1 rcpt=1 data=1 quit=1 commands=5
May 16 16:54:52 email-threat-docker postfix/smtp[662]: 810BB65502: to=<recipient@email-threat-docker.local>, relay=scanner[172.20.0.2]:10025, delay=0.07, delays=0.02/0.01/0.01/0.03, dsn=2.0.0, status=sent (250 Message delivered)
May 16 16:54:52 email-threat-docker postfix/qmgr[100]: 810BB65502: removed
May 16 16:54:52 email-threat-docker postfix/local[664]: warning: dict_nis_init: NIS domain name not set - NIS lookups disabled
May 16 16:54:52 email-threat-docker postfix/local[664]: 8CF9665504: to=<recipient@email-threat-docker.local>, relay=local, delay=0.02, delays=0.01/0.01/0/0.01, dsn=2.0.0, status=sent (delivered to mailbox)
May 16 16:54:52 email-threat-docker postfix/qmgr[100]: 8CF9665504: removed
May 16 16:54:54 email-threat-docker postfix/smtpd[657]: 84EA765502: client=unknown[172.20.0.1]
May 16 16:54:54 email-threat-docker postfix/cleanup[661]: 84EA765502: message-id=<>
May 16 16:54:54 email-threat-docker postfix/qmgr[100]: 84EA765502: from=<newsletter@store.com>, size=648, nrcpt=1 (queue active)
May 16 16:54:54 email-threat-docker postfix/smtpd[663]: connect from scanner.yara_final_project_threat-net[172.20.0.2]
May 16 16:54:54 email-threat-docker postfix/smtpd[663]: 8BB8865504: client=scanner.yara_final_project_threat-net[172.20.0.2]
May 16 16:54:54 email-threat-docker postfix/cleanup[661]: 8BB8865504: message-id=<>
May 16 16:54:54 email-threat-docker postfix/qmgr[100]: 8BB8865504: from=<newsletter@store.com>, size=883, nrcpt=1 (queue active)
May 16 16:54:54 email-threat-docker postfix/smtpd[663]: disconnect from scanner.yara_final_project_threat-net[172.20.0.2] ehlo=1 mail=1 rcpt=1 data=1 quit=1 commands=5
May 16 16:54:54 email-threat-docker postfix/smtp[662]: 84EA765502: to=<recipient@email-threat-docker.local>, relay=scanner[172.20.0.2]:10025, delay=0.04, delays=0.01/0/0.01/0.02, dsn=2.0.0, status=sent (250 Message delivered)
May 16 16:54:54 email-threat-docker postfix/qmgr[100]: 84EA765502: removed
May 16 16:54:54 email-threat-docker postfix/local[664]: 8BB8865504: to=<recipient@email-threat-docker.local>, relay=local, delay=0.01, delays=0.01/0/0/0.01, dsn=2.0.0, status=sent (delivered to mailbox)
May 16 16:54:54 email-threat-docker postfix/qmgr[100]: 8BB8865504: removed
May 16 16:54:56 email-threat-docker postfix/smtpd[657]: 897AF65502: client=unknown[172.20.0.1]
May 16 16:54:56 email-threat-docker postfix/cleanup[661]: 897AF65502: message-id=<>
May 16 16:54:56 email-threat-docker postfix/qmgr[100]: 897AF65502: from=<hr@company.com>, size=601, nrcpt=1 (queue active)
May 16 16:54:56 email-threat-docker postfix/smtpd[663]: connect from scanner.yara_final_project_threat-net[172.20.0.2]
May 16 16:54:56 email-threat-docker postfix/smtpd[663]: 90AF265504: client=scanner.yara_final_project_threat-net[172.20.0.2]
May 16 16:54:56 email-threat-docker postfix/cleanup[661]: 90AF265504: message-id=<>
May 16 16:54:56 email-threat-docker postfix/qmgr[100]: 90AF265504: from=<hr@company.com>, size=836, nrcpt=1 (queue active)
May 16 16:54:56 email-threat-docker postfix/smtpd[663]: disconnect from scanner.yara_final_project_threat-net[172.20.0.2] ehlo=1 mail=1 rcpt=1 data=1 quit=1 commands=5
May 16 16:54:56 email-threat-docker postfix/smtp[662]: 897AF65502: to=<recipient@email-threat-docker.local>, relay=scanner[172.20.0.2]:10025, delay=0.04, delays=0.01/0/0.01/0.02, dsn=2.0.0, status=sent (250 Message delivered)
May 16 16:54:56 email-threat-docker postfix/qmgr[100]: 897AF65502: removed
May 16 16:54:56 email-threat-docker postfix/local[664]: 90AF265504: to=<recipient@email-threat-docker.local>, relay=local, delay=0.01, delays=0.01/0/0/0, dsn=2.0.0, status=sent (delivered to mailbox)
May 16 16:54:56 email-threat-docker postfix/qmgr[100]: 90AF265504: removed
May 16 16:54:58 email-threat-docker postfix/smtpd[657]: 8EE22654C8: client=unknown[172.20.0.1]
May 16 16:54:58 email-threat-docker postfix/cleanup[661]: 8EE22654C8: message-id=<>
May 16 16:54:58 email-threat-docker postfix/qmgr[100]: 8EE22654C8: from=<teamlead@company.com>, size=627, nrcpt=1 (queue active)
May 16 16:54:58 email-threat-docker postfix/smtpd[663]: connect from scanner.yara_final_project_threat-net[172.20.0.2]
May 16 16:54:58 email-threat-docker postfix/smtpd[663]: 95A4265504: client=scanner.yara_final_project_threat-net[172.20.0.2]
May 16 16:54:58 email-threat-docker postfix/cleanup[661]: 95A4265504: message-id=<>
May 16 16:54:58 email-threat-docker postfix/qmgr[100]: 95A4265504: from=<teamlead@company.com>, size=862, nrcpt=1 (queue active)
May 16 16:54:58 email-threat-docker postfix/smtpd[663]: disconnect from scanner.yara_final_project_threat-net[172.20.0.2] ehlo=1 mail=1 rcpt=1 data=1 quit=1 commands=5
May 16 16:54:58 email-threat-docker postfix/smtp[662]: 8EE22654C8: to=<recipient@email-threat-docker.local>, relay=scanner[172.20.0.2]:10025, delay=0.04, delays=0.01/0/0.01/0.02, dsn=2.0.0, status=sent (250 Message delivered)
May 16 16:54:58 email-threat-docker postfix/qmgr[100]: 8EE22654C8: removed
May 16 16:54:58 email-threat-docker postfix/local[664]: 95A4265504: to=<recipient@email-threat-docker.local>, relay=local, delay=0.01, delays=0.01/0/0/0.01, dsn=2.0.0, status=sent (delivered to mailbox)
May 16 16:54:58 email-threat-docker postfix/qmgr[100]: 95A4265504: removed
May 16 16:55:00 email-threat-docker postfix/smtpd[657]: 949D6654C8: client=unknown[172.20.0.1]
May 16 16:55:00 email-threat-docker postfix/cleanup[661]: 949D6654C8: message-id=<>
May 16 16:55:00 email-threat-docker postfix/qmgr[100]: 949D6654C8: from=<noreply@itdept.company.com>, size=630, nrcpt=1 (queue active)
May 16 16:55:00 email-threat-docker postfix/smtpd[663]: connect from scanner.yara_final_project_threat-net[172.20.0.2]
May 16 16:55:00 email-threat-docker postfix/smtpd[663]: 9B37465504: client=scanner.yara_final_project_threat-net[172.20.0.2]
May 16 16:55:00 email-threat-docker postfix/cleanup[661]: 9B37465504: message-id=<>
May 16 16:55:00 email-threat-docker postfix/qmgr[100]: 9B37465504: from=<noreply@itdept.company.com>, size=865, nrcpt=1 (queue active)
May 16 16:55:00 email-threat-docker postfix/smtpd[663]: disconnect from scanner.yara_final_project_threat-net[172.20.0.2] ehlo=1 mail=1 rcpt=1 data=1 quit=1 commands=5
May 16 16:55:00 email-threat-docker postfix/smtp[662]: 949D6654C8: to=<recipient@email-threat-docker.local>, relay=scanner[172.20.0.2]:10025, delay=0.04, delays=0.01/0/0.01/0.02, dsn=2.0.0, status=sent (250 Message delivered)
May 16 16:55:00 email-threat-docker postfix/qmgr[100]: 949D6654C8: removed
May 16 16:55:00 email-threat-docker postfix/local[664]: 9B37465504: to=<recipient@email-threat-docker.local>, relay=local, delay=0.02, delays=0.01/0/0/0.01, dsn=2.0.0, status=sent (delivered to mailbox)
May 16 16:55:00 email-threat-docker postfix/qmgr[100]: 9B37465504: removed
May 16 16:55:02 email-threat-docker postfix/smtpd[657]: 9AE5F654C8: client=unknown[172.20.0.1]
May 16 16:55:02 email-threat-docker postfix/cleanup[661]: 9AE5F654C8: message-id=<>
May 16 16:55:02 email-threat-docker postfix/qmgr[100]: 9AE5F654C8: from=<alerts@service.com>, size=596, nrcpt=1 (queue active)
May 16 16:55:02 email-threat-docker postfix/smtpd[663]: connect from scanner.yara_final_project_threat-net[172.20.0.2]
May 16 16:55:02 email-threat-docker postfix/smtpd[663]: A1AB965504: client=scanner.yara_final_project_threat-net[172.20.0.2]
May 16 16:55:02 email-threat-docker postfix/cleanup[661]: A1AB965504: message-id=<>
May 16 16:55:02 email-threat-docker postfix/qmgr[100]: A1AB965504: from=<alerts@service.com>, size=831, nrcpt=1 (queue active)
May 16 16:55:02 email-threat-docker postfix/smtpd[663]: disconnect from scanner.yara_final_project_threat-net[172.20.0.2] ehlo=1 mail=1 rcpt=1 data=1 quit=1 commands=5
May 16 16:55:02 email-threat-docker postfix/smtp[662]: 9AE5F654C8: to=<recipient@email-threat-docker.local>, relay=scanner[172.20.0.2]:10025, delay=0.04, delays=0.01/0/0.01/0.02, dsn=2.0.0, status=sent (250 Message delivered)
May 16 16:55:02 email-threat-docker postfix/qmgr[100]: 9AE5F654C8: removed
May 16 16:55:02 email-threat-docker postfix/local[664]: A1AB965504: to=<recipient@email-threat-docker.local>, relay=local, delay=0.01, delays=0.01/0/0/0.01, dsn=2.0.0, status=sent (delivered to mailbox)
May 16 16:55:02 email-threat-docker postfix/qmgr[100]: A1AB965504: removed
May 16 16:55:04 email-threat-docker postfix/smtpd[657]: A17CD654C8: client=unknown[172.20.0.1]
May 16 16:55:04 email-threat-docker postfix/cleanup[661]: A17CD654C8: message-id=<>
May 16 16:55:04 email-threat-docker postfix/qmgr[100]: A17CD654C8: from=<events@company.com>, size=628, nrcpt=1 (queue active)
May 16 16:55:04 email-threat-docker postfix/smtpd[663]: connect from scanner.yara_final_project_threat-net[172.20.0.2]
May 16 16:55:04 email-threat-docker postfix/smtpd[663]: A941F65504: client=scanner.yara_final_project_threat-net[172.20.0.2]
May 16 16:55:04 email-threat-docker postfix/cleanup[661]: A941F65504: message-id=<>
May 16 16:55:04 email-threat-docker postfix/qmgr[100]: A941F65504: from=<events@company.com>, size=863, nrcpt=1 (queue active)
May 16 16:55:04 email-threat-docker postfix/smtpd[663]: disconnect from scanner.yara_final_project_threat-net[172.20.0.2] ehlo=1 mail=1 rcpt=1 data=1 quit=1 commands=5
May 16 16:55:04 email-threat-docker postfix/smtp[662]: A17CD654C8: to=<recipient@email-threat-docker.local>, relay=scanner[172.20.0.2]:10025, delay=0.04, delays=0.01/0/0.01/0.02, dsn=2.0.0, status=sent (250 Message delivered)
May 16 16:55:04 email-threat-docker postfix/qmgr[100]: A17CD654C8: removed
May 16 16:55:04 email-threat-docker postfix/local[664]: A941F65504: to=<recipient@email-threat-docker.local>, relay=local, delay=0.02, delays=0.01/0/0/0.01, dsn=2.0.0, status=sent (delivered to mailbox)
May 16 16:55:04 email-threat-docker postfix/qmgr[100]: A941F65504: removed
May 16 16:55:06 email-threat-docker postfix/smtpd[657]: A8517654C8: client=unknown[172.20.0.1]
May 16 16:55:06 email-threat-docker postfix/cleanup[661]: A8517654C8: message-id=<>
May 16 16:55:06 email-threat-docker postfix/qmgr[100]: A8517654C8: from=<security@service.com>, size=619, nrcpt=1 (queue active)
May 16 16:55:06 email-threat-docker postfix/smtpd[663]: connect from scanner.yara_final_project_threat-net[172.20.0.2]
May 16 16:55:06 email-threat-docker postfix/smtpd[663]: AED3265504: client=scanner.yara_final_project_threat-net[172.20.0.2]
May 16 16:55:06 email-threat-docker postfix/cleanup[661]: AED3265504: message-id=<>
May 16 16:55:06 email-threat-docker postfix/qmgr[100]: AED3265504: from=<security@service.com>, size=854, nrcpt=1 (queue active)
May 16 16:55:06 email-threat-docker postfix/smtpd[663]: disconnect from scanner.yara_final_project_threat-net[172.20.0.2] ehlo=1 mail=1 rcpt=1 data=1 quit=1 commands=5
May 16 16:55:06 email-threat-docker postfix/smtp[662]: A8517654C8: to=<recipient@email-threat-docker.local>, relay=scanner[172.20.0.2]:10025, delay=0.04, delays=0.01/0/0.01/0.02, dsn=2.0.0, status=sent (250 Message delivered)
May 16 16:55:06 email-threat-docker postfix/qmgr[100]: A8517654C8: removed
May 16 16:55:06 email-threat-docker postfix/local[664]: AED3265504: to=<recipient@email-threat-docker.local>, relay=local, delay=0.01, delays=0.01/0/0/0.01, dsn=2.0.0, status=sent (delivered to mailbox)
May 16 16:55:06 email-threat-docker postfix/qmgr[100]: AED3265504: removed
May 16 16:55:08 email-threat-docker postfix/smtpd[657]: AEF3965502: client=unknown[172.20.0.1]
May 16 16:55:08 email-threat-docker postfix/cleanup[661]: AEF3965502: message-id=<>
May 16 16:55:08 email-threat-docker postfix/qmgr[100]: AEF3965502: from=<devteam@company.com>, size=609, nrcpt=1 (queue active)
May 16 16:55:08 email-threat-docker postfix/smtpd[663]: connect from scanner.yara_final_project_threat-net[172.20.0.2]
May 16 16:55:08 email-threat-docker postfix/smtpd[663]: B581E65504: client=scanner.yara_final_project_threat-net[172.20.0.2]
May 16 16:55:08 email-threat-docker postfix/cleanup[661]: B581E65504: message-id=<>
May 16 16:55:08 email-threat-docker postfix/qmgr[100]: B581E65504: from=<devteam@company.com>, size=844, nrcpt=1 (queue active)
May 16 16:55:08 email-threat-docker postfix/smtpd[663]: disconnect from scanner.yara_final_project_threat-net[172.20.0.2] ehlo=1 mail=1 rcpt=1 data=1 quit=1 commands=5
May 16 16:55:08 email-threat-docker postfix/smtp[662]: AEF3965502: to=<recipient@email-threat-docker.local>, relay=scanner[172.20.0.2]:10025, delay=0.04, delays=0.01/0/0.01/0.02, dsn=2.0.0, status=sent (250 Message delivered)
May 16 16:55:08 email-threat-docker postfix/qmgr[100]: AEF3965502: removed
May 16 16:55:08 email-threat-docker postfix/local[664]: B581E65504: to=<recipient@email-threat-docker.local>, relay=local, delay=0.01, delays=0.01/0/0/0, dsn=2.0.0, status=sent (delivered to mailbox)
May 16 16:55:08 email-threat-docker postfix/qmgr[100]: B581E65504: removed
May 16 16:55:10 email-threat-docker postfix/smtpd[657]: B5D1065502: client=unknown[172.20.0.1]
May 16 16:55:10 email-threat-docker postfix/cleanup[661]: B5D1065502: message-id=<>
May 16 16:55:10 email-threat-docker postfix/qmgr[100]: B5D1065502: from=<communications@company.com>, size=633, nrcpt=1 (queue active)
May 16 16:55:10 email-threat-docker postfix/smtpd[663]: connect from scanner.yara_final_project_threat-net[172.20.0.2]
May 16 16:55:10 email-threat-docker postfix/smtpd[663]: BD86565504: client=scanner.yara_final_project_threat-net[172.20.0.2]
May 16 16:55:10 email-threat-docker postfix/cleanup[661]: BD86565504: message-id=<>
May 16 16:55:10 email-threat-docker postfix/qmgr[100]: BD86565504: from=<communications@company.com>, size=868, nrcpt=1 (queue active)
May 16 16:55:10 email-threat-docker postfix/smtpd[663]: disconnect from scanner.yara_final_project_threat-net[172.20.0.2] ehlo=1 mail=1 rcpt=1 data=1 quit=1 commands=5
May 16 16:55:10 email-threat-docker postfix/smtp[662]: B5D1065502: to=<recipient@email-threat-docker.local>, relay=scanner[172.20.0.2]:10025, delay=0.04, delays=0.01/0/0.01/0.02, dsn=2.0.0, status=sent (250 Message delivered)
May 16 16:55:10 email-threat-docker postfix/qmgr[100]: B5D1065502: removed
May 16 16:55:10 email-threat-docker postfix/local[664]: BD86565504: to=<recipient@email-threat-docker.local>, relay=local, delay=0.01, delays=0.01/0/0/0.01, dsn=2.0.0, status=sent (delivered to mailbox)
May 16 16:55:10 email-threat-docker postfix/qmgr[100]: BD86565504: removed
May 16 16:55:12 email-threat-docker postfix/smtpd[657]: BCB5665502: client=unknown[172.20.0.1]
May 16 16:55:12 email-threat-docker postfix/cleanup[661]: BCB5665502: message-id=<>
May 16 16:55:12 email-threat-docker postfix/qmgr[100]: BCB5665502: from=<billing@legit-company.com>, size=565, nrcpt=1 (queue active)
May 16 16:55:12 email-threat-docker postfix/smtpd[663]: connect from scanner.yara_final_project_threat-net[172.20.0.2]
May 16 16:55:12 email-threat-docker postfix/smtpd[663]: C316365504: client=scanner.yara_final_project_threat-net[172.20.0.2]
May 16 16:55:12 email-threat-docker postfix/cleanup[661]: C316365504: message-id=<>
May 16 16:55:12 email-threat-docker postfix/qmgr[100]: C316365504: from=<billing@legit-company.com>, size=800, nrcpt=1 (queue active)
May 16 16:55:12 email-threat-docker postfix/smtpd[663]: disconnect from scanner.yara_final_project_threat-net[172.20.0.2] ehlo=1 mail=1 rcpt=1 data=1 quit=1 commands=5
May 16 16:55:12 email-threat-docker postfix/smtp[662]: BCB5665502: to=<recipient@email-threat-docker.local>, relay=scanner[172.20.0.2]:10025, delay=0.04, delays=0.01/0/0.01/0.02, dsn=2.0.0, status=sent (250 Message delivered)
May 16 16:55:12 email-threat-docker postfix/qmgr[100]: BCB5665502: removed
May 16 16:55:12 email-threat-docker postfix/local[664]: C316365504: to=<recipient@email-threat-docker.local>, relay=local, delay=0.01, delays=0.01/0/0/0.01, dsn=2.0.0, status=sent (delivered to mailbox)
May 16 16:55:12 email-threat-docker postfix/qmgr[100]: C316365504: removed
May 16 16:55:14 email-threat-docker postfix/smtpd[657]: B584365502: client=unknown[172.20.0.1]
May 16 16:55:14 email-threat-docker postfix/cleanup[661]: B584365502: message-id=<>
May 16 16:55:14 email-threat-docker postfix/qmgr[100]: B584365502: from=<deals@newsletter.com>, size=538, nrcpt=1 (queue active)
May 16 16:55:14 email-threat-docker postfix/smtpd[663]: connect from scanner.yara_final_project_threat-net[172.20.0.2]
May 16 16:55:14 email-threat-docker postfix/smtpd[663]: BC2A065504: client=scanner.yara_final_project_threat-net[172.20.0.2]
May 16 16:55:14 email-threat-docker postfix/cleanup[661]: BC2A065504: message-id=<>
May 16 16:55:14 email-threat-docker postfix/qmgr[100]: BC2A065504: from=<deals@newsletter.com>, size=773, nrcpt=1 (queue active)
May 16 16:55:14 email-threat-docker postfix/smtpd[663]: disconnect from scanner.yara_final_project_threat-net[172.20.0.2] ehlo=1 mail=1 rcpt=1 data=1 quit=1 commands=5
May 16 16:55:14 email-threat-docker postfix/smtp[662]: B584365502: to=<recipient@email-threat-docker.local>, relay=scanner[172.20.0.2]:10025, delay=0.04, delays=0.01/0/0.01/0.02, dsn=2.0.0, status=sent (250 Message delivered)
May 16 16:55:14 email-threat-docker postfix/qmgr[100]: B584365502: removed
May 16 16:55:14 email-threat-docker postfix/local[664]: BC2A065504: to=<recipient@email-threat-docker.local>, relay=local, delay=0.01, delays=0.01/0/0/0, dsn=2.0.0, status=sent (delivered to mailbox)
May 16 16:55:14 email-threat-docker postfix/qmgr[100]: BC2A065504: removed
May 16 16:55:16 email-threat-docker postfix/smtpd[657]: B50B265502: client=unknown[172.20.0.1]
May 16 16:55:16 email-threat-docker postfix/cleanup[661]: B50B265502: message-id=<>
May 16 16:55:16 email-threat-docker postfix/qmgr[100]: B50B265502: from=<security@onlinebank.com>, size=553, nrcpt=1 (queue active)
May 16 16:55:16 email-threat-docker postfix/smtpd[663]: connect from scanner.yara_final_project_threat-net[172.20.0.2]
May 16 16:55:16 email-threat-docker postfix/smtpd[663]: BB8B465504: client=scanner.yara_final_project_threat-net[172.20.0.2]
May 16 16:55:16 email-threat-docker postfix/cleanup[661]: BB8B465504: message-id=<>
May 16 16:55:16 email-threat-docker postfix/qmgr[100]: BB8B465504: from=<security@onlinebank.com>, size=788, nrcpt=1 (queue active)
May 16 16:55:16 email-threat-docker postfix/smtpd[663]: disconnect from scanner.yara_final_project_threat-net[172.20.0.2] ehlo=1 mail=1 rcpt=1 data=1 quit=1 commands=5
May 16 16:55:16 email-threat-docker postfix/smtp[662]: B50B265502: to=<recipient@email-threat-docker.local>, relay=scanner[172.20.0.2]:10025, delay=0.04, delays=0.01/0/0.01/0.02, dsn=2.0.0, status=sent (250 Message delivered)
May 16 16:55:16 email-threat-docker postfix/qmgr[100]: B50B265502: removed
May 16 16:55:16 email-threat-docker postfix/local[664]: BB8B465504: to=<recipient@email-threat-docker.local>, relay=local, delay=0.01, delays=0.01/0/0/0.01, dsn=2.0.0, status=sent (delivered to mailbox)
May 16 16:55:16 email-threat-docker postfix/qmgr[100]: BB8B465504: removed
May 16 16:55:18 email-threat-docker postfix/smtpd[657]: B51DD654C8: client=unknown[172.20.0.1]
May 16 16:55:18 email-threat-docker postfix/cleanup[661]: B51DD654C8: message-id=<>
May 16 16:55:18 email-threat-docker postfix/qmgr[100]: B51DD654C8: from=<support@service.com>, size=585, nrcpt=1 (queue active)
May 16 16:55:18 email-threat-docker postfix/smtpd[663]: connect from scanner.yara_final_project_threat-net[172.20.0.2]
May 16 16:55:18 email-threat-docker postfix/smtpd[663]: BBB4765504: client=scanner.yara_final_project_threat-net[172.20.0.2]
May 16 16:55:18 email-threat-docker postfix/cleanup[661]: BBB4765504: message-id=<>
May 16 16:55:18 email-threat-docker postfix/qmgr[100]: BBB4765504: from=<support@service.com>, size=820, nrcpt=1 (queue active)
May 16 16:55:18 email-threat-docker postfix/smtpd[663]: disconnect from scanner.yara_final_project_threat-net[172.20.0.2] ehlo=1 mail=1 rcpt=1 data=1 quit=1 commands=5
May 16 16:55:18 email-threat-docker postfix/smtp[662]: B51DD654C8: to=<recipient@email-threat-docker.local>, relay=scanner[172.20.0.2]:10025, delay=0.04, delays=0.01/0/0.01/0.02, dsn=2.0.0, status=sent (250 Message delivered)
May 16 16:55:18 email-threat-docker postfix/qmgr[100]: B51DD654C8: removed
May 16 16:55:18 email-threat-docker postfix/local[664]: BBB4765504: to=<recipient@email-threat-docker.local>, relay=local, delay=0.01, delays=0.01/0/0/0.01, dsn=2.0.0, status=sent (delivered to mailbox)
May 16 16:55:18 email-threat-docker postfix/qmgr[100]: BBB4765504: removed
May 16 16:55:20 email-threat-docker postfix/smtpd[657]: B6F1D654C8: client=unknown[172.20.0.1]
May 16 16:55:20 email-threat-docker postfix/cleanup[661]: B6F1D654C8: message-id=<>
May 16 16:55:20 email-threat-docker postfix/qmgr[100]: B6F1D654C8: from=<alice.smith@bigcorp.com>, size=581, nrcpt=1 (queue active)
May 16 16:55:20 email-threat-docker postfix/smtpd[663]: connect from scanner.yara_final_project_threat-net[172.20.0.2]
May 16 16:55:20 email-threat-docker postfix/smtpd[663]: BE68A65504: client=scanner.yara_final_project_threat-net[172.20.0.2]
May 16 16:55:20 email-threat-docker postfix/cleanup[661]: BE68A65504: message-id=<>
May 16 16:55:20 email-threat-docker postfix/qmgr[100]: BE68A65504: from=<alice.smith@bigcorp.com>, size=816, nrcpt=1 (queue active)
May 16 16:55:20 email-threat-docker postfix/smtpd[663]: disconnect from scanner.yara_final_project_threat-net[172.20.0.2] ehlo=1 mail=1 rcpt=1 data=1 quit=1 commands=5
May 16 16:55:20 email-threat-docker postfix/smtp[662]: B6F1D654C8: to=<recipient@email-threat-docker.local>, relay=scanner[172.20.0.2]:10025, delay=0.04, delays=0.01/0/0.01/0.02, dsn=2.0.0, status=sent (250 Message delivered)
May 16 16:55:20 email-threat-docker postfix/qmgr[100]: B6F1D654C8: removed
May 16 16:55:20 email-threat-docker postfix/local[664]: BE68A65504: to=<recipient@email-threat-docker.local>, relay=local, delay=0.01, delays=0.01/0/0/0, dsn=2.0.0, status=sent (delivered to mailbox)
May 16 16:55:20 email-threat-docker postfix/qmgr[100]: BE68A65504: removed
May 16 16:55:22 email-threat-docker postfix/smtpd[657]: BA29F654C8: client=unknown[172.20.0.1]
May 16 16:55:22 email-threat-docker postfix/cleanup[661]: BA29F654C8: message-id=<>
May 16 16:55:22 email-threat-docker postfix/qmgr[100]: BA29F654C8: from=<info@company.com>, size=513, nrcpt=1 (queue active)
May 16 16:55:22 email-threat-docker postfix/smtpd[663]: connect from scanner.yara_final_project_threat-net[172.20.0.2]
May 16 16:55:22 email-threat-docker postfix/smtpd[663]: C0C9E65504: client=scanner.yara_final_project_threat-net[172.20.0.2]
May 16 16:55:22 email-threat-docker postfix/cleanup[661]: C0C9E65504: message-id=<>
May 16 16:55:22 email-threat-docker postfix/qmgr[100]: C0C9E65504: from=<info@company.com>, size=748, nrcpt=1 (queue active)
