May 16 17:30:43 email-threat-docker postfix/cleanup[338]: 4CFB367C99: message-id=<>
May 16 17:30:43 email-threat-docker postfix/qmgr[100]: 4CFB367C99: from=<updates@deals.com>, size=699, nrcpt=1 (queue active)
May 16 17:30:43 email-threat-docker postfix/smtpd[340]: disconnect from scanner.yara_final_project_threat-net[172.20.0.3] ehlo=1 mail=1 rcpt=1 data=1 quit=1 commands=5
May 16 17:30:43 email-threat-docker postfix/smtp[339]: 4169067C62: to=<recipient@email-threat-docker.local>, relay=scanner[172.20.0.3]:10025, delay=0.06, delays=0.02/0/0.01/0.03, dsn=2.0.0, status=sent (250 Message delivered)
May 16 17:30:43 email-threat-docker postfix/qmgr[100]: 4169067C62: removed
May 16 17:30:43 email-threat-docker postfix/local[341]: 4CFB367C99: to=<recipient@email-threat-docker.local>, relay=local, delay=0.02, delays=0.01/0/0/0.01, dsn=2.0.0, status=sent (delivered to mailbox)
May 16 17:30:43 email-threat-docker postfix/qmgr[100]: 4CFB367C99: removed
May 16 17:30:44 email-threat-docker postfix/smtpd[334]: 4543F67C39: client=unknown[172.20.0.1]
May 16 17:30:44 email-threat-docker postfix/cleanup[338]: 4543F67C39: message-id=<>
May 16 17:30:44 email-threat-docker postfix/qmgr[100]: 4543F67C39: from=<support@apple.com>, size=563, nrcpt=1 (queue active)
May 16 17:30:44 email-threat-docker postfix/smtp[339]: 4543F67C39: to=<recipient@email-threat-docker.local>, relay=scanner[172.20.0.3]:10025, delay=0.03, delays=0.01/0/0.01/0.01, dsn=2.0.0, status=sent (250 Message quarantined)
May 16 17:30:44 email-threat-docker postfix/qmgr[100]: 4543F67C39: removed
May 16 17:30:45 email-threat-docker postfix/smtpd[334]: 4776E67C39: client=unknown[172.20.0.1]
May 16 17:30:45 email-threat-docker postfix/cleanup[338]: 4776E67C39: message-id=<>
May 16 17:30:45 email-threat-docker postfix/qmgr[100]: 4776E67C39: from=<support@bank.com>, size=528, nrcpt=1 (queue active)
May 16 17:30:45 email-threat-docker postfix/smtpd[340]: connect from scanner.yara_final_project_threat-net[172.20.0.3]
May 16 17:30:45 email-threat-docker postfix/smtpd[340]: 4E45567CAB: client=scanner.yara_final_project_threat-net[172.20.0.3]
May 16 17:30:45 email-threat-docker postfix/cleanup[338]: 4E45567CAB: message-id=<>
May 16 17:30:45 email-threat-docker postfix/qmgr[100]: 4E45567CAB: from=<support@bank.com>, size=763, nrcpt=1 (queue active)
May 16 17:30:45 email-threat-docker postfix/smtpd[340]: disconnect from scanner.yara_final_project_threat-net[172.20.0.3] ehlo=1 mail=1 rcpt=1 data=1 quit=1 commands=5
May 16 17:30:45 email-threat-docker postfix/smtp[339]: 4776E67C39: to=<recipient@email-threat-docker.local>, relay=scanner[172.20.0.3]:10025, delay=0.04, delays=0.01/0/0.01/0.02, dsn=2.0.0, status=sent (250 Message delivered)
May 16 17:30:45 email-threat-docker postfix/qmgr[100]: 4776E67C39: removed
May 16 17:30:45 email-threat-docker postfix/local[341]: 4E45567CAB: to=<recipient@email-threat-docker.local>, relay=local, delay=0.01, delays=0.01/0/0/0, dsn=2.0.0, status=sent (delivered to mailbox)
May 16 17:30:45 email-threat-docker postfix/qmgr[100]: 4E45567CAB: removed
May 16 17:30:46 email-threat-docker postfix/smtpd[334]: 49E3567C39: client=unknown[172.20.0.1]
May 16 17:30:46 email-threat-docker postfix/cleanup[338]: 49E3567C39: message-id=<>
May 16 17:30:46 email-threat-docker postfix/qmgr[100]: 49E3567C39: from=<hr@company.com>, size=519, nrcpt=1 (queue active)
May 16 17:30:46 email-threat-docker postfix/smtpd[340]: connect from scanner.yara_final_project_threat-net[172.20.0.3]
May 16 17:30:46 email-threat-docker postfix/smtpd[340]: 525D567CAB: client=scanner.yara_final_project_threat-net[172.20.0.3]
May 16 17:30:46 email-threat-docker postfix/cleanup[338]: 525D567CAB: message-id=<>
May 16 17:30:46 email-threat-docker postfix/qmgr[100]: 525D567CAB: from=<hr@company.com>, size=754, nrcpt=1 (queue active)
May 16 17:30:46 email-threat-docker postfix/smtpd[340]: disconnect from scanner.yara_final_project_threat-net[172.20.0.3] ehlo=1 mail=1 rcpt=1 data=1 quit=1 commands=5
May 16 17:30:46 email-threat-docker postfix/smtp[339]: 49E3567C39: to=<recipient@email-threat-docker.local>, relay=scanner[172.20.0.3]:10025, delay=0.05, delays=0.01/0/0.01/0.03, dsn=2.0.0, status=sent (250 Message delivered)
May 16 17:30:46 email-threat-docker postfix/qmgr[100]: 49E3567C39: removed
May 16 17:30:46 email-threat-docker postfix/local[341]: 525D567CAB: to=<recipient@email-threat-docker.local>, relay=local, delay=0.01, delays=0.01/0/0/0.01, dsn=2.0.0, status=sent (delivered to mailbox)
May 16 17:30:46 email-threat-docker postfix/qmgr[100]: 525D567CAB: removed
May 16 17:30:47 email-threat-docker postfix/smtpd[334]: 4D55A67C39: client=unknown[172.20.0.1]
May 16 17:30:47 email-threat-docker postfix/cleanup[338]: 4D55A67C39: message-id=<>
May 16 17:30:47 email-threat-docker postfix/qmgr[100]: 4D55A67C39: from=<support@onlineservice.com>, size=545, nrcpt=1 (queue active)
May 16 17:30:47 email-threat-docker postfix/smtpd[340]: connect from scanner.yara_final_project_threat-net[172.20.0.3]
May 16 17:30:47 email-threat-docker postfix/smtpd[340]: 53C5667CAB: client=scanner.yara_final_project_threat-net[172.20.0.3]
May 16 17:30:47 email-threat-docker postfix/cleanup[338]: 53C5667CAB: message-id=<>
May 16 17:30:47 email-threat-docker postfix/qmgr[100]: 53C5667CAB: from=<support@onlineservice.com>, size=780, nrcpt=1 (queue active)
May 16 17:30:47 email-threat-docker postfix/smtpd[340]: disconnect from scanner.yara_final_project_threat-net[172.20.0.3] ehlo=1 mail=1 rcpt=1 data=1 quit=1 commands=5
May 16 17:30:47 email-threat-docker postfix/smtp[339]: 4D55A67C39: to=<recipient@email-threat-docker.local>, relay=scanner[172.20.0.3]:10025, delay=0.04, delays=0.01/0/0.01/0.02, dsn=2.0.0, status=sent (250 Message delivered)
May 16 17:30:47 email-threat-docker postfix/qmgr[100]: 4D55A67C39: removed
May 16 17:30:47 email-threat-docker postfix/local[341]: 53C5667CAB: to=<recipient@email-threat-docker.local>, relay=local, delay=0.01, delays=0.01/0/0/0.01, dsn=2.0.0, status=sent (delivered to mailbox)
May 16 17:30:47 email-threat-docker postfix/qmgr[100]: 53C5667CAB: removed
May 16 17:30:48 email-threat-docker postfix/smtpd[334]: 50D3667C39: client=unknown[172.20.0.1]
May 16 17:30:48 email-threat-docker postfix/cleanup[338]: 50D3667C39: message-id=<>
May 16 17:30:48 email-threat-docker postfix/qmgr[100]: 50D3667C39: from=<security@bigcorp.com>, size=515, nrcpt=1 (queue active)
May 16 17:30:48 email-threat-docker postfix/smtpd[340]: connect from scanner.yara_final_project_threat-net[172.20.0.3]
May 16 17:30:48 email-threat-docker postfix/smtpd[340]: 591D067CAB: client=scanner.yara_final_project_threat-net[172.20.0.3]
May 16 17:30:48 email-threat-docker postfix/cleanup[338]: 591D067CAB: message-id=<>
May 16 17:30:48 email-threat-docker postfix/qmgr[100]: 591D067CAB: from=<security@bigcorp.com>, size=750, nrcpt=1 (queue active)
May 16 17:30:48 email-threat-docker postfix/smtpd[340]: disconnect from scanner.yara_final_project_threat-net[172.20.0.3] ehlo=1 mail=1 rcpt=1 data=1 quit=1 commands=5
May 16 17:30:48 email-threat-docker postfix/smtp[339]: 50D3667C39: to=<recipient@email-threat-docker.local>, relay=scanner[172.20.0.3]:10025, delay=0.05, delays=0.01/0/0.01/0.03, dsn=2.0.0, status=sent (250 Message delivered)
May 16 17:30:48 email-threat-docker postfix/qmgr[100]: 50D3667C39: removed
May 16 17:30:48 email-threat-docker postfix/local[341]: 591D067CAB: to=<recipient@email-threat-docker.local>, relay=local, delay=0.01, delays=0.01/0/0/0.01, dsn=2.0.0, status=sent (delivered to mailbox)
May 16 17:30:48 email-threat-docker postfix/qmgr[100]: 591D067CAB: removed
May 16 17:30:49 email-threat-docker postfix/smtpd[334]: 54FAF67C39: client=unknown[172.20.0.1]
May 16 17:30:49 email-threat-docker postfix/cleanup[338]: 54FAF67C39: message-id=<>
May 16 17:30:49 email-threat-docker postfix/qmgr[100]: 54FAF67C39: from=<rewards@shopping.com>, size=523, nrcpt=1 (queue active)
May 16 17:30:49 email-threat-docker postfix/smtpd[340]: connect from scanner.yara_final_project_threat-net[172.20.0.3]
May 16 17:30:49 email-threat-docker postfix/smtpd[340]: 5B65267CAB: client=scanner.yara_final_project_threat-net[172.20.0.3]
May 16 17:30:49 email-threat-docker postfix/cleanup[338]: 5B65267CAB: message-id=<>
May 16 17:30:49 email-threat-docker postfix/qmgr[100]: 5B65267CAB: from=<rewards@shopping.com>, size=758, nrcpt=1 (queue active)
May 16 17:30:49 email-threat-docker postfix/smtpd[340]: disconnect from scanner.yara_final_project_threat-net[172.20.0.3] ehlo=1 mail=1 rcpt=1 data=1 quit=1 commands=5
May 16 17:30:49 email-threat-docker postfix/smtp[339]: 54FAF67C39: to=<recipient@email-threat-docker.local>, relay=scanner[172.20.0.3]:10025, delay=0.04, delays=0.01/0/0.01/0.02, dsn=2.0.0, status=sent (250 Message delivered)
May 16 17:30:49 email-threat-docker postfix/qmgr[100]: 54FAF67C39: removed
May 16 17:30:49 email-threat-docker postfix/local[341]: 5B65267CAB: to=<recipient@email-threat-docker.local>, relay=local, delay=0.01, delays=0.01/0/0/0, dsn=2.0.0, status=sent (delivered to mailbox)
May 16 17:30:49 email-threat-docker postfix/qmgr[100]: 5B65267CAB: removed
May 16 17:30:50 email-threat-docker postfix/smtpd[334]: 598FC67C39: client=unknown[172.20.0.1]
May 16 17:30:50 email-threat-docker postfix/cleanup[338]: 598FC67C39: message-id=<>
May 16 17:30:50 email-threat-docker postfix/qmgr[100]: 598FC67C39: from=<survey@company.com>, size=489, nrcpt=1 (queue active)
May 16 17:30:50 email-threat-docker postfix/smtpd[340]: connect from scanner.yara_final_project_threat-net[172.20.0.3]
May 16 17:30:50 email-threat-docker postfix/smtpd[340]: 62DE767CAB: client=scanner.yara_final_project_threat-net[172.20.0.3]
May 16 17:30:50 email-threat-docker postfix/cleanup[338]: 62DE767CAB: message-id=<>
May 16 17:30:50 email-threat-docker postfix/qmgr[100]: 62DE767CAB: from=<survey@company.com>, size=724, nrcpt=1 (queue active)
May 16 17:30:50 email-threat-docker postfix/smtpd[340]: disconnect from scanner.yara_final_project_threat-net[172.20.0.3] ehlo=1 mail=1 rcpt=1 data=1 quit=1 commands=5
May 16 17:30:50 email-threat-docker postfix/smtp[339]: 598FC67C39: to=<recipient@email-threat-docker.local>, relay=scanner[172.20.0.3]:10025, delay=0.05, delays=0.01/0/0.01/0.03, dsn=2.0.0, status=sent (250 Message delivered)
May 16 17:30:50 email-threat-docker postfix/qmgr[100]: 598FC67C39: removed
May 16 17:30:50 email-threat-docker postfix/local[341]: 62DE767CAB: to=<recipient@email-threat-docker.local>, relay=local, delay=0.02, delays=0.01/0/0/0.01, dsn=2.0.0, status=sent (delivered to mailbox)
May 16 17:30:50 email-threat-docker postfix/qmgr[100]: 62DE767CAB: removed
May 16 17:30:51 email-threat-docker postfix/smtpd[334]: 5ECA867C39: client=unknown[172.20.0.1]
May 16 17:30:51 email-threat-docker postfix/cleanup[338]: 5ECA867C39: message-id=<>
May 16 17:30:51 email-threat-docker postfix/qmgr[100]: 5ECA867C39: from=<recruiter@jobs.com>, size=531, nrcpt=1 (queue active)
May 16 17:30:51 email-threat-docker postfix/smtpd[334]: disconnect from unknown[172.20.0.1] ehlo=1 mail=30 rcpt=30 data=30 quit=1 commands=92
May 16 17:30:51 email-threat-docker postfix/smtpd[340]: connect from scanner.yara_final_project_threat-net[172.20.0.3]
May 16 17:30:51 email-threat-docker postfix/smtpd[340]: 668AF67CAB: client=scanner.yara_final_project_threat-net[172.20.0.3]
May 16 17:30:51 email-threat-docker postfix/cleanup[338]: 668AF67CAB: message-id=<>
May 16 17:30:51 email-threat-docker postfix/qmgr[100]: 668AF67CAB: from=<recruiter@jobs.com>, size=766, nrcpt=1 (queue active)
May 16 17:30:51 email-threat-docker postfix/smtpd[340]: disconnect from scanner.yara_final_project_threat-net[172.20.0.3] ehlo=1 mail=1 rcpt=1 data=1 quit=1 commands=5
May 16 17:30:51 email-threat-docker postfix/smtp[339]: 5ECA867C39: to=<recipient@email-threat-docker.local>, relay=scanner[172.20.0.3]:10025, delay=0.04, delays=0.01/0/0.01/0.02, dsn=2.0.0, status=sent (250 Message delivered)
May 16 17:30:51 email-threat-docker postfix/qmgr[100]: 5ECA867C39: removed
May 16 17:30:51 email-threat-docker postfix/local[341]: 668AF67CAB: to=<recipient@email-threat-docker.local>, relay=local, delay=0.01, delays=0.01/0/0/0.01, dsn=2.0.0, status=sent (delivered to mailbox)
May 16 17:30:51 email-threat-docker postfix/qmgr[100]: 668AF67CAB: removed
May 16 17:35:45 email-threat-docker postfix/smtpd[793]: connect from scanner.yara_final_project_threat-net[172.20.0.3]
May 16 17:35:45 email-threat-docker postfix/smtpd[793]: 5600E67C62: client=scanner.yara_final_project_threat-net[172.20.0.3]
May 16 17:35:45 email-threat-docker postfix/cleanup[796]: 5600E67C62: message-id=<>
May 16 17:35:45 email-threat-docker postfix/qmgr[100]: 5600E67C62: from=<sender@email-threat-docker.local>, size=465, nrcpt=1 (queue active)
May 16 17:35:45 email-threat-docker postfix/smtpd[793]: disconnect from scanner.yara_final_project_threat-net[172.20.0.3] ehlo=1 mail=1 rcpt=1 data=1 quit=1 commands=5
May 16 17:35:45 email-threat-docker postfix/local[797]: warning: dict_nis_init: NIS domain name not set - NIS lookups disabled
May 16 17:35:45 email-threat-docker postfix/local[797]: 5600E67C62: to=<recipient@email-threat-docker.local>, relay=local, delay=0.04, delays=0.02/0.01/0/0.01, dsn=2.0.0, status=sent (delivered to mailbox)
May 16 17:35:45 email-threat-docker postfix/qmgr[100]: 5600E67C62: removed
May 16 17:35:45 email-threat-docker postfix/smtpd[793]: connect from scanner.yara_final_project_threat-net[172.20.0.3]
May 16 17:35:45 email-threat-docker postfix/smtpd[793]: 7A2F867C62: client=scanner.yara_final_project_threat-net[172.20.0.3]
May 16 17:35:45 email-threat-docker postfix/cleanup[796]: 7A2F867C62: message-id=<>
May 16 17:35:45 email-threat-docker postfix/qmgr[100]: 7A2F867C62: from=<sender@email-threat-docker.local>, size=870, nrcpt=1 (queue active)
May 16 17:35:45 email-threat-docker postfix/smtpd[793]: disconnect from scanner.yara_final_project_threat-net[172.20.0.3] ehlo=1 mail=1 rcpt=1 data=1 quit=1 commands=5
May 16 17:35:45 email-threat-docker postfix/local[797]: 7A2F867C62: to=<recipient@email-threat-docker.local>, relay=local, delay=0.01, delays=0.01/0/0/0.01, dsn=2.0.0, status=sent (delivered to mailbox)
May 16 17:35:45 email-threat-docker postfix/qmgr[100]: 7A2F867C62: removed
May 16 17:35:45 email-threat-docker postfix/smtpd[793]: connect from scanner.yara_final_project_threat-net[172.20.0.3]
May 16 17:35:45 email-threat-docker postfix/smtpd[793]: 9DAAA67C62: client=scanner.yara_final_project_threat-net[172.20.0.3]
May 16 17:35:45 email-threat-docker postfix/cleanup[796]: 9DAAA67C62: message-id=<>
May 16 17:35:45 email-threat-docker postfix/qmgr[100]: 9DAAA67C62: from=<sender@email-threat-docker.local>, size=471, nrcpt=1 (queue active)
May 16 17:35:45 email-threat-docker postfix/smtpd[793]: disconnect from scanner.yara_final_project_threat-net[172.20.0.3] ehlo=1 mail=1 rcpt=1 data=1 quit=1 commands=5
May 16 17:35:45 email-threat-docker postfix/local[797]: 9DAAA67C62: to=<recipient@email-threat-docker.local>, relay=local, delay=0.01, delays=0.01/0/0/0, dsn=2.0.0, status=sent (delivered to mailbox)
May 16 17:35:45 email-threat-docker postfix/qmgr[100]: 9DAAA67C62: removed
May 16 17:35:45 email-threat-docker postfix/smtpd[793]: connect from scanner.yara_final_project_threat-net[172.20.0.3]
May 16 17:35:45 email-threat-docker postfix/smtpd[793]: C15CD67C62: client=scanner.yara_final_project_threat-net[172.20.0.3]
May 16 17:35:45 email-threat-docker postfix/cleanup[796]: C15CD67C62: message-id=<>
May 16 17:35:45 email-threat-docker postfix/qmgr[100]: C15CD67C62: from=<sender@email-threat-docker.local>, size=480, nrcpt=1 (queue active)
May 16 17:35:45 email-threat-docker postfix/smtpd[793]: disconnect from scanner.yara_final_project_threat-net[172.20.0.3] ehlo=1 mail=1 rcpt=1 data=1 quit=1 commands=5
May 16 17:35:45 email-threat-docker postfix/local[797]: C15CD67C62: to=<recipient@email-threat-docker.local>, relay=local, delay=0.01, delays=0.01/0/0/0.01, dsn=2.0.0, status=sent (delivered to mailbox)
May 16 17:35:45 email-threat-docker postfix/qmgr[100]: C15CD67C62: removed
May 16 17:35:45 email-threat-docker postfix/smtpd[793]: connect from scanner.yara_final_project_threat-net[172.20.0.3]
May 16 17:35:45 email-threat-docker postfix/smtpd[793]: E606C67C62: client=scanner.yara_final_project_threat-net[172.20.0.3]
May 16 17:35:45 email-threat-docker postfix/cleanup[796]: E606C67C62: message-id=<>
May 16 17:35:45 email-threat-docker postfix/qmgr[100]: E606C67C62: from=<sender@email-threat-docker.local>, size=877, nrcpt=1 (queue active)
May 16 17:35:45 email-threat-docker postfix/smtpd[793]: disconnect from scanner.yara_final_project_threat-net[172.20.0.3] ehlo=1 mail=1 rcpt=1 data=1 quit=1 commands=5
May 16 17:35:45 email-threat-docker postfix/local[797]: E606C67C62: to=<recipient@email-threat-docker.local>, relay=local, delay=0.01, delays=0.01/0/0/0.01, dsn=2.0.0, status=sent (delivered to mailbox)
May 16 17:35:45 email-threat-docker postfix/qmgr[100]: E606C67C62: removed
May 16 17:35:46 email-threat-docker postfix/smtpd[793]: connect from scanner.yara_final_project_threat-net[172.20.0.3]
May 16 17:35:46 email-threat-docker postfix/smtpd[793]: 178AF67C62: client=scanner.yara_final_project_threat-net[172.20.0.3]
May 16 17:35:46 email-threat-docker postfix/cleanup[796]: 178AF67C62: message-id=<>
May 16 17:35:46 email-threat-docker postfix/qmgr[100]: 178AF67C62: from=<sender@email-threat-docker.local>, size=475, nrcpt=1 (queue active)
May 16 17:35:46 email-threat-docker postfix/smtpd[793]: disconnect from scanner.yara_final_project_threat-net[172.20.0.3] ehlo=1 mail=1 rcpt=1 data=1 quit=1 commands=5
May 16 17:35:46 email-threat-docker postfix/local[797]: 178AF67C62: to=<recipient@email-threat-docker.local>, relay=local, delay=0.01, delays=0.01/0/0/0.01, dsn=2.0.0, status=sent (delivered to mailbox)
May 16 17:35:46 email-threat-docker postfix/qmgr[100]: 178AF67C62: removed
May 16 17:35:46 email-threat-docker postfix/smtpd[793]: connect from scanner.yara_final_project_threat-net[172.20.0.3]
May 16 17:35:46 email-threat-docker postfix/smtpd[793]: 3B37567C62: client=scanner.yara_final_project_threat-net[172.20.0.3]
May 16 17:35:46 email-threat-docker postfix/cleanup[796]: 3B37567C62: message-id=<>
May 16 17:35:46 email-threat-docker postfix/qmgr[100]: 3B37567C62: from=<sender@email-threat-docker.local>, size=474, nrcpt=1 (queue active)
May 16 17:35:46 email-threat-docker postfix/smtpd[793]: disconnect from scanner.yara_final_project_threat-net[172.20.0.3] ehlo=1 mail=1 rcpt=1 data=1 quit=1 commands=5
May 16 17:35:46 email-threat-docker postfix/local[797]: 3B37567C62: to=<recipient@email-threat-docker.local>, relay=local, delay=0.01, delays=0.01/0/0/0.01, dsn=2.0.0, status=sent (delivered to mailbox)
May 16 17:35:46 email-threat-docker postfix/qmgr[100]: 3B37567C62: removed
May 16 17:35:46 email-threat-docker postfix/smtpd[793]: connect from scanner.yara_final_project_threat-net[172.20.0.3]
May 16 17:35:46 email-threat-docker postfix/smtpd[793]: 5F1FE67C62: client=scanner.yara_final_project_threat-net[172.20.0.3]
May 16 17:35:46 email-threat-docker postfix/cleanup[796]: 5F1FE67C62: message-id=<>
May 16 17:35:46 email-threat-docker postfix/qmgr[100]: 5F1FE67C62: from=<sender@email-threat-docker.local>, size=473, nrcpt=1 (queue active)
May 16 17:35:46 email-threat-docker postfix/smtpd[793]: disconnect from scanner.yara_final_project_threat-net[172.20.0.3] ehlo=1 mail=1 rcpt=1 data=1 quit=1 commands=5
May 16 17:35:46 email-threat-docker postfix/local[797]: 5F1FE67C62: to=<recipient@email-threat-docker.local>, relay=local, delay=0.01, delays=0.01/0/0/0.01, dsn=2.0.0, status=sent (delivered to mailbox)
May 16 17:35:46 email-threat-docker postfix/qmgr[100]: 5F1FE67C62: removed
May 16 17:35:46 email-threat-docker postfix/smtpd[793]: connect from scanner.yara_final_project_threat-net[172.20.0.3]
May 16 17:35:46 email-threat-docker postfix/smtpd[793]: 82A2867C62: client=scanner.yara_final_project_threat-net[172.20.0.3]
May 16 17:35:46 email-threat-docker postfix/cleanup[796]: 82A2867C62: message-id=<>
May 16 17:35:46 email-threat-docker postfix/qmgr[100]: 82A2867C62: from=<sender@email-threat-docker.local>, size=488, nrcpt=1 (queue active)
May 16 17:35:46 email-threat-docker postfix/smtpd[793]: disconnect from scanner.yara_final_project_threat-net[172.20.0.3] ehlo=1 mail=1 rcpt=1 data=1 quit=1 commands=5
May 16 17:35:46 email-threat-docker postfix/local[797]: 82A2867C62: to=<recipient@email-threat-docker.local>, relay=local, delay=0.01, delays=0.01/0/0/0.01, dsn=2.0.0, status=sent (delivered to mailbox)
May 16 17:35:46 email-threat-docker postfix/qmgr[100]: 82A2867C62: removed
May 16 17:35:46 email-threat-docker postfix/smtpd[793]: connect from scanner.yara_final_project_threat-net[172.20.0.3]
May 16 17:35:46 email-threat-docker postfix/smtpd[793]: A660F67C62: client=scanner.yara_final_project_threat-net[172.20.0.3]
May 16 17:35:46 email-threat-docker postfix/cleanup[796]: A660F67C62: message-id=<>
May 16 17:35:46 email-threat-docker postfix/qmgr[100]: A660F67C62: from=<sender@email-threat-docker.local>, size=482, nrcpt=1 (queue active)
May 16 17:35:46 email-threat-docker postfix/smtpd[793]: disconnect from scanner.yara_final_project_threat-net[172.20.0.3] ehlo=1 mail=1 rcpt=1 data=1 quit=1 commands=5
May 16 17:35:46 email-threat-docker postfix/local[797]: A660F67C62: to=<recipient@email-threat-docker.local>, relay=local, delay=0.01, delays=0.01/0/0/0.01, dsn=2.0.0, status=sent (delivered to mailbox)
May 16 17:35:46 email-threat-docker postfix/qmgr[100]: A660F67C62: removed
May 16 17:35:46 email-threat-docker postfix/smtpd[793]: connect from scanner.yara_final_project_threat-net[172.20.0.3]
May 16 17:35:46 email-threat-docker postfix/smtpd[793]: CADB967C62: client=scanner.yara_final_project_threat-net[172.20.0.3]
May 16 17:35:46 email-threat-docker postfix/cleanup[796]: CADB967C62: message-id=<>
May 16 17:35:46 email-threat-docker postfix/qmgr[100]: CADB967C62: from=<sender@email-threat-docker.local>, size=934, nrcpt=1 (queue active)
May 16 17:35:46 email-threat-docker postfix/smtpd[793]: disconnect from scanner.yara_final_project_threat-net[172.20.0.3] ehlo=1 mail=1 rcpt=1 data=1 quit=1 commands=5
May 16 17:35:46 email-threat-docker postfix/local[797]: CADB967C62: to=<recipient@email-threat-docker.local>, relay=local, delay=0.01, delays=0.01/0/0/0.01, dsn=2.0.0, status=sent (delivered to mailbox)
May 16 17:35:46 email-threat-docker postfix/qmgr[100]: CADB967C62: removed
May 16 17:35:46 email-threat-docker postfix/smtpd[793]: connect from scanner.yara_final_project_threat-net[172.20.0.3]
May 16 17:35:46 email-threat-docker postfix/smtpd[793]: EFEF367C62: client=scanner.yara_final_project_threat-net[172.20.0.3]
May 16 17:35:46 email-threat-docker postfix/cleanup[796]: EFEF367C62: message-id=<>
May 16 17:35:46 email-threat-docker postfix/qmgr[100]: EFEF367C62: from=<sender@email-threat-docker.local>, size=2229, nrcpt=1 (queue active)
May 16 17:35:46 email-threat-docker postfix/smtpd[793]: disconnect from scanner.yara_final_project_threat-net[172.20.0.3] ehlo=1 mail=1 rcpt=1 data=1 quit=1 commands=5
May 16 17:35:46 email-threat-docker postfix/local[797]: EFEF367C62: to=<recipient@email-threat-docker.local>, relay=local, delay=0.01, delays=0.01/0/0/0.01, dsn=2.0.0, status=sent (delivered to mailbox)
May 16 17:35:46 email-threat-docker postfix/qmgr[100]: EFEF367C62: removed
May 16 17:35:47 email-threat-docker postfix/smtpd[793]: connect from scanner.yara_final_project_threat-net[172.20.0.3]
May 16 17:35:47 email-threat-docker postfix/smtpd[793]: 1FFDF67C62: client=scanner.yara_final_project_threat-net[172.20.0.3]
May 16 17:35:47 email-threat-docker postfix/cleanup[796]: 1FFDF67C62: message-id=<>
May 16 17:35:47 email-threat-docker postfix/qmgr[100]: 1FFDF67C62: from=<sender@email-threat-docker.local>, size=528, nrcpt=1 (queue active)
May 16 17:35:47 email-threat-docker postfix/smtpd[793]: disconnect from scanner.yara_final_project_threat-net[172.20.0.3] ehlo=1 mail=1 rcpt=1 data=1 quit=1 commands=5
May 16 17:35:47 email-threat-docker postfix/local[797]: 1FFDF67C62: to=<recipient@email-threat-docker.local>, relay=local, delay=0.01, delays=0.01/0/0/0.01, dsn=2.0.0, status=sent (delivered to mailbox)
May 16 17:35:47 email-threat-docker postfix/qmgr[100]: 1FFDF67C62: removed
May 16 17:35:47 email-threat-docker postfix/smtpd[793]: connect from scanner.yara_final_project_threat-net[172.20.0.3]
May 16 17:35:47 email-threat-docker postfix/smtpd[793]: 4346867C62: client=scanner.yara_final_project_threat-net[172.20.0.3]
May 16 17:35:47 email-threat-docker postfix/cleanup[796]: 4346867C62: message-id=<>
May 16 17:35:47 email-threat-docker postfix/qmgr[100]: 4346867C62: from=<sender@email-threat-docker.local>, size=514, nrcpt=1 (queue active)
May 16 17:35:47 email-threat-docker postfix/smtpd[793]: disconnect from scanner.yara_final_project_threat-net[172.20.0.3] ehlo=1 mail=1 rcpt=1 data=1 quit=1 commands=5
May 16 17:35:47 email-threat-docker postfix/local[797]: 4346867C62: to=<recipient@email-threat-docker.local>, relay=local, delay=0.01, delays=0.01/0/0/0, dsn=2.0.0, status=sent (delivered to mailbox)
May 16 17:35:47 email-threat-docker postfix/qmgr[100]: 4346867C62: removed
May 16 17:35:47 email-threat-docker postfix/smtpd[793]: connect from scanner.yara_final_project_threat-net[172.20.0.3]
May 16 17:35:47 email-threat-docker postfix/smtpd[793]: 6769567C62: client=scanner.yara_final_project_threat-net[172.20.0.3]
May 16 17:35:47 email-threat-docker postfix/cleanup[796]: 6769567C62: message-id=<>
May 16 17:35:47 email-threat-docker postfix/qmgr[100]: 6769567C62: from=<sender@email-threat-docker.local>, size=2222, nrcpt=1 (queue active)
May 16 17:35:47 email-threat-docker postfix/smtpd[793]: disconnect from scanner.yara_final_project_threat-net[172.20.0.3] ehlo=1 mail=1 rcpt=1 data=1 quit=1 commands=5
May 16 17:35:47 email-threat-docker postfix/local[797]: 6769567C62: to=<recipient@email-threat-docker.local>, relay=local, delay=0.01, delays=0.01/0/0/0.01, dsn=2.0.0, status=sent (delivered to mailbox)
May 16 17:35:47 email-threat-docker postfix/qmgr[100]: 6769567C62: removed
May 16 17:35:47 email-threat-docker postfix/smtpd[793]: connect from scanner.yara_final_project_threat-net[172.20.0.3]
May 16 17:35:47 email-threat-docker postfix/smtpd[793]: 8ACFD67C62: client=scanner.yara_final_project_threat-net[172.20.0.3]
May 16 17:35:47 email-threat-docker postfix/cleanup[796]: 8ACFD67C62: message-id=<>
May 16 17:35:47 email-threat-docker postfix/qmgr[100]: 8ACFD67C62: from=<sender@email-threat-docker.local>, size=506, nrcpt=1 (queue active)
May 16 17:35:47 email-threat-docker postfix/smtpd[793]: disconnect from scanner.yara_final_project_threat-net[172.20.0.3] ehlo=1 mail=1 rcpt=1 data=1 quit=1 commands=5
May 16 17:35:47 email-threat-docker postfix/local[797]: 8ACFD67C62: to=<recipient@email-threat-docker.local>, relay=local, delay=0.01, delays=0.01/0/0/0, dsn=2.0.0, status=sent (delivered to mailbox)
May 16 17:35:47 email-threat-docker postfix/qmgr[100]: 8ACFD67C62: removed
May 16 17:35:47 email-threat-docker postfix/smtpd[793]: connect from scanner.yara_final_project_threat-net[172.20.0.3]
May 16 17:35:47 email-threat-docker postfix/smtpd[793]: AE70667C62: client=scanner.yara_final_project_threat-net[172.20.0.3]
May 16 17:35:47 email-threat-docker postfix/cleanup[796]: AE70667C62: message-id=<>
May 16 17:35:47 email-threat-docker postfix/qmgr[100]: AE70667C62: from=<sender@email-threat-docker.local>, size=502, nrcpt=1 (queue active)
May 16 17:35:47 email-threat-docker postfix/smtpd[793]: disconnect from scanner.yara_final_project_threat-net[172.20.0.3] ehlo=1 mail=1 rcpt=1 data=1 quit=1 commands=5
May 16 17:35:47 email-threat-docker postfix/local[797]: AE70667C62: to=<recipient@email-threat-docker.local>, relay=local, delay=0.01, delays=0.01/0/0/0.01, dsn=2.0.0, status=sent (delivered to mailbox)
May 16 17:35:47 email-threat-docker postfix/qmgr[100]: AE70667C62: removed
May 16 17:35:47 email-threat-docker postfix/smtpd[793]: connect from scanner.yara_final_project_threat-net[172.20.0.3]
May 16 17:35:47 email-threat-docker postfix/smtpd[793]: D229D67C62: client=scanner.yara_final_project_threat-net[172.20.0.3]
May 16 17:35:47 email-threat-docker postfix/cleanup[796]: D229D67C62: message-id=<>
May 16 17:35:47 email-threat-docker postfix/qmgr[100]: D229D67C62: from=<sender@email-threat-docker.local>, size=1513, nrcpt=1 (queue active)
May 16 17:35:47 email-threat-docker postfix/smtpd[793]: disconnect from scanner.yara_final_project_threat-net[172.20.0.3] ehlo=1 mail=1 rcpt=1 data=1 quit=1 commands=5
May 16 17:35:47 email-threat-docker postfix/local[797]: D229D67C62: to=<recipient@email-threat-docker.local>, relay=local, delay=0.01, delays=0.01/0/0/0.01, dsn=2.0.0, status=sent (delivered to mailbox)
May 16 17:35:47 email-threat-docker postfix/qmgr[100]: D229D67C62: removed
May 16 17:35:47 email-threat-docker postfix/smtpd[793]: connect from scanner.yara_final_project_threat-net[172.20.0.3]
May 16 17:35:47 email-threat-docker postfix/smtpd[793]: 01EE367C62: client=scanner.yara_final_project_threat-net[172.20.0.3]
May 16 17:35:47 email-threat-docker postfix/cleanup[796]: 01EE367C62: message-id=<>
May 16 17:35:47 email-threat-docker postfix/qmgr[100]: 01EE367C62: from=<sender@email-threat-docker.local>, size=2217, nrcpt=1 (queue active)
May 16 17:35:47 email-threat-docker postfix/smtpd[793]: disconnect from scanner.yara_final_project_threat-net[172.20.0.3] ehlo=1 mail=1 rcpt=1 data=1 quit=1 commands=5
May 16 17:35:48 email-threat-docker postfix/local[797]: 01EE367C62: to=<recipient@email-threat-docker.local>, relay=local, delay=0.01, delays=0.01/0/0/0.01, dsn=2.0.0, status=sent (delivered to mailbox)
May 16 17:35:48 email-threat-docker postfix/qmgr[100]: 01EE367C62: removed
May 16 17:35:48 email-threat-docker postfix/smtpd[793]: connect from scanner.yara_final_project_threat-net[172.20.0.3]
May 16 17:35:48 email-threat-docker postfix/smtpd[793]: 25B4D67C62: client=scanner.yara_final_project_threat-net[172.20.0.3]
May 16 17:35:48 email-threat-docker postfix/cleanup[796]: 25B4D67C62: message-id=<>
May 16 17:35:48 email-threat-docker postfix/qmgr[100]: 25B4D67C62: from=<sender@email-threat-docker.local>, size=922, nrcpt=1 (queue active)
May 16 17:35:48 email-threat-docker postfix/smtpd[793]: disconnect from scanner.yara_final_project_threat-net[172.20.0.3] ehlo=1 mail=1 rcpt=1 data=1 quit=1 commands=5
May 16 17:35:48 email-threat-docker postfix/local[797]: 25B4D67C62: to=<recipient@email-threat-docker.local>, relay=local, delay=0.01, delays=0.01/0/0/0.01, dsn=2.0.0, status=sent (delivered to mailbox)
May 16 17:35:48 email-threat-docker postfix/qmgr[100]: 25B4D67C62: removed
May 16 17:36:19 email-threat-docker postfix/smtpd[847]: connect from unknown[172.20.0.1]
May 16 17:36:19 email-threat-docker postfix/smtpd[847]: 25C1167CAD: client=unknown[172.20.0.1]
May 16 17:36:19 email-threat-docker postfix/cleanup[796]: 25C1167CAD: message-id=<>
May 16 17:36:19 email-threat-docker postfix/qmgr[100]: 25C1167CAD: from=<sender@email-threat-docker.local>, size=437, nrcpt=1 (queue active)
May 16 17:36:19 email-threat-docker postfix/smtpd[847]: disconnect from unknown[172.20.0.1] ehlo=1 mail=1 rcpt=1 data=1 quit=1 commands=5
May 16 17:36:19 email-threat-docker postfix/smtpd[793]: connect from scanner.yara_final_project_threat-net[172.20.0.3]
May 16 17:36:19 email-threat-docker postfix/smtpd[793]: 2EA9467CAE: client=scanner.yara_final_project_threat-net[172.20.0.3]
May 16 17:36:19 email-threat-docker postfix/cleanup[796]: 2EA9467CAE: message-id=<>
May 16 17:36:19 email-threat-docker postfix/qmgr[100]: 2EA9467CAE: from=<sender@email-threat-docker.local>, size=672, nrcpt=1 (queue active)
May 16 17:36:19 email-threat-docker postfix/smtpd[793]: disconnect from scanner.yara_final_project_threat-net[172.20.0.3] ehlo=1 mail=1 rcpt=1 data=1 quit=1 commands=5
May 16 17:36:19 email-threat-docker postfix/smtp[848]: 25C1167CAD: to=<recipient@email-threat-docker.local>, relay=scanner[172.20.0.3]:10025, delay=0.05, delays=0.01/0.01/0.01/0.02, dsn=2.0.0, status=sent (250 Message delivered)
May 16 17:36:19 email-threat-docker postfix/qmgr[100]: 25C1167CAD: removed
May 16 17:36:19 email-threat-docker postfix/local[797]: 2EA9467CAE: to=<recipient@email-threat-docker.local>, relay=local, delay=0.01, delays=0.01/0/0/0.01, dsn=2.0.0, status=sent (delivered to mailbox)
May 16 17:36:19 email-threat-docker postfix/qmgr[100]: 2EA9467CAE: removed
May 16 17:36:19 email-threat-docker postfix/smtpd[847]: connect from unknown[172.20.0.1]
May 16 17:36:19 email-threat-docker postfix/smtpd[847]: 4516E67CAD: client=unknown[172.20.0.1]
May 16 17:36:19 email-threat-docker postfix/cleanup[796]: 4516E67CAD: message-id=<>
May 16 17:36:19 email-threat-docker postfix/qmgr[100]: 4516E67CAD: from=<sender@email-threat-docker.local>, size=842, nrcpt=1 (queue active)
May 16 17:36:19 email-threat-docker postfix/smtpd[847]: disconnect from unknown[172.20.0.1] ehlo=1 mail=1 rcpt=1 data=1 quit=1 commands=5
May 16 17:36:19 email-threat-docker postfix/smtpd[793]: connect from scanner.yara_final_project_threat-net[172.20.0.3]
May 16 17:36:19 email-threat-docker postfix/smtpd[793]: 4BD6167CAE: client=scanner.yara_final_project_threat-net[172.20.0.3]
May 16 17:36:19 email-threat-docker postfix/cleanup[796]: 4BD6167CAE: message-id=<>
May 16 17:36:19 email-threat-docker postfix/qmgr[100]: 4BD6167CAE: from=<sender@email-threat-docker.local>, size=1077, nrcpt=1 (queue active)
May 16 17:36:19 email-threat-docker postfix/smtpd[793]: disconnect from scanner.yara_final_project_threat-net[172.20.0.3] ehlo=1 mail=1 rcpt=1 data=1 quit=1 commands=5
May 16 17:36:19 email-threat-docker postfix/smtp[848]: 4516E67CAD: to=<recipient@email-threat-docker.local>, relay=scanner[172.20.0.3]:10025, delay=0.04, delays=0.01/0/0.01/0.02, dsn=2.0.0, status=sent (250 Message delivered)
May 16 17:36:19 email-threat-docker postfix/qmgr[100]: 4516E67CAD: removed
May 16 17:36:19 email-threat-docker postfix/local[797]: 4BD6167CAE: to=<recipient@email-threat-docker.local>, relay=local, delay=0.01, delays=0.01/0/0/0, dsn=2.0.0, status=sent (delivered to mailbox)
May 16 17:36:19 email-threat-docker postfix/qmgr[100]: 4BD6167CAE: removed
May 16 17:36:19 email-threat-docker postfix/smtpd[847]: connect from unknown[172.20.0.1]
May 16 17:36:19 email-threat-docker postfix/smtpd[847]: 6417467CAD: client=unknown[172.20.0.1]
May 16 17:36:19 email-threat-docker postfix/cleanup[796]: 6417467CAD: message-id=<>
May 16 17:36:19 email-threat-docker postfix/qmgr[100]: 6417467CAD: from=<sender@email-threat-docker.local>, size=443, nrcpt=1 (queue active)
May 16 17:36:19 email-threat-docker postfix/smtpd[847]: disconnect from unknown[172.20.0.1] ehlo=1 mail=1 rcpt=1 data=1 quit=1 commands=5
May 16 17:36:19 email-threat-docker postfix/smtpd[793]: connect from scanner.yara_final_project_threat-net[172.20.0.3]
May 16 17:36:19 email-threat-docker postfix/smtpd[793]: 6A47C67CAE: client=scanner.yara_final_project_threat-net[172.20.0.3]
May 16 17:36:19 email-threat-docker postfix/cleanup[796]: 6A47C67CAE: message-id=<>
May 16 17:36:19 email-threat-docker postfix/qmgr[100]: 6A47C67CAE: from=<sender@email-threat-docker.local>, size=678, nrcpt=1 (queue active)
May 16 17:36:19 email-threat-docker postfix/smtpd[793]: disconnect from scanner.yara_final_project_threat-net[172.20.0.3] ehlo=1 mail=1 rcpt=1 data=1 quit=1 commands=5
May 16 17:36:19 email-threat-docker postfix/smtp[848]: 6417467CAD: to=<recipient@email-threat-docker.local>, relay=scanner[172.20.0.3]:10025, delay=0.03, delays=0.01/0/0.01/0.02, dsn=2.0.0, status=sent (250 Message delivered)
May 16 17:36:19 email-threat-docker postfix/qmgr[100]: 6417467CAD: removed
May 16 17:36:19 email-threat-docker postfix/local[797]: 6A47C67CAE: to=<recipient@email-threat-docker.local>, relay=local, delay=0.01, delays=0.01/0/0/0, dsn=2.0.0, status=sent (delivered to mailbox)
May 16 17:36:19 email-threat-docker postfix/qmgr[100]: 6A47C67CAE: removed
May 16 17:36:19 email-threat-docker postfix/smtpd[847]: connect from unknown[172.20.0.1]
May 16 17:36:19 email-threat-docker postfix/smtpd[847]: 82E1267CAD: client=unknown[172.20.0.1]
May 16 17:36:19 email-threat-docker postfix/cleanup[796]: 82E1267CAD: message-id=<>
May 16 17:36:19 email-threat-docker postfix/qmgr[100]: 82E1267CAD: from=<sender@email-threat-docker.local>, size=452, nrcpt=1 (queue active)
May 16 17:36:19 email-threat-docker postfix/smtpd[847]: disconnect from unknown[172.20.0.1] ehlo=1 mail=1 rcpt=1 data=1 quit=1 commands=5
May 16 17:36:19 email-threat-docker postfix/smtpd[793]: connect from scanner.yara_final_project_threat-net[172.20.0.3]
May 16 17:36:19 email-threat-docker postfix/smtpd[793]: 89A0167CAE: client=scanner.yara_final_project_threat-net[172.20.0.3]
May 16 17:36:19 email-threat-docker postfix/cleanup[796]: 89A0167CAE: message-id=<>
May 16 17:36:19 email-threat-docker postfix/qmgr[100]: 89A0167CAE: from=<sender@email-threat-docker.local>, size=687, nrcpt=1 (queue active)
May 16 17:36:19 email-threat-docker postfix/smtpd[793]: disconnect from scanner.yara_final_project_threat-net[172.20.0.3] ehlo=1 mail=1 rcpt=1 data=1 quit=1 commands=5
May 16 17:36:19 email-threat-docker postfix/smtp[848]: 82E1267CAD: to=<recipient@email-threat-docker.local>, relay=scanner[172.20.0.3]:10025, delay=0.04, delays=0.01/0/0.01/0.02, dsn=2.0.0, status=sent (250 Message delivered)
May 16 17:36:19 email-threat-docker postfix/qmgr[100]: 82E1267CAD: removed
May 16 17:36:19 email-threat-docker postfix/local[797]: 89A0167CAE: to=<recipient@email-threat-docker.local>, relay=local, delay=0.01, delays=0.01/0/0/0, dsn=2.0.0, status=sent (delivered to mailbox)
May 16 17:36:19 email-threat-docker postfix/qmgr[100]: 89A0167CAE: removed
May 16 17:36:19 email-threat-docker postfix/smtpd[847]: connect from unknown[172.20.0.1]
May 16 17:36:19 email-threat-docker postfix/smtpd[847]: A1EFA67CAD: client=unknown[172.20.0.1]
May 16 17:36:19 email-threat-docker postfix/cleanup[796]: A1EFA67CAD: message-id=<>
May 16 17:36:19 email-threat-docker postfix/qmgr[100]: A1EFA67CAD: from=<sender@email-threat-docker.local>, size=849, nrcpt=1 (queue active)
May 16 17:36:19 email-threat-docker postfix/smtpd[847]: disconnect from unknown[172.20.0.1] ehlo=1 mail=1 rcpt=1 data=1 quit=1 commands=5
May 16 17:36:19 email-threat-docker postfix/smtpd[793]: connect from scanner.yara_final_project_threat-net[172.20.0.3]
May 16 17:36:19 email-threat-docker postfix/smtpd[793]: A826D67CAE: client=scanner.yara_final_project_threat-net[172.20.0.3]
May 16 17:36:19 email-threat-docker postfix/cleanup[796]: A826D67CAE: message-id=<>
May 16 17:36:19 email-threat-docker postfix/qmgr[100]: A826D67CAE: from=<sender@email-threat-docker.local>, size=1084, nrcpt=1 (queue active)
May 16 17:36:19 email-threat-docker postfix/smtpd[793]: disconnect from scanner.yara_final_project_threat-net[172.20.0.3] ehlo=1 mail=1 rcpt=1 data=1 quit=1 commands=5
May 16 17:36:19 email-threat-docker postfix/smtp[848]: A1EFA67CAD: to=<recipient@email-threat-docker.local>, relay=scanner[172.20.0.3]:10025, delay=0.04, delays=0.01/0/0.01/0.02, dsn=2.0.0, status=sent (250 Message delivered)
May 16 17:36:19 email-threat-docker postfix/qmgr[100]: A1EFA67CAD: removed
May 16 17:36:19 email-threat-docker postfix/local[797]: A826D67CAE: to=<recipient@email-threat-docker.local>, relay=local, delay=0.01, delays=0.01/0/0/0.01, dsn=2.0.0, status=sent (delivered to mailbox)
May 16 17:36:19 email-threat-docker postfix/qmgr[100]: A826D67CAE: removed
May 16 17:36:19 email-threat-docker postfix/smtpd[847]: connect from unknown[172.20.0.1]
May 16 17:36:19 email-threat-docker postfix/smtpd[847]: C08A867CAD: client=unknown[172.20.0.1]
May 16 17:36:19 email-threat-docker postfix/cleanup[796]: C08A867CAD: message-id=<>
May 16 17:36:19 email-threat-docker postfix/qmgr[100]: C08A867CAD: from=<sender@email-threat-docker.local>, size=447, nrcpt=1 (queue active)
May 16 17:36:19 email-threat-docker postfix/smtpd[847]: disconnect from unknown[172.20.0.1] ehlo=1 mail=1 rcpt=1 data=1 quit=1 commands=5
May 16 17:36:19 email-threat-docker postfix/smtpd[793]: connect from scanner.yara_final_project_threat-net[172.20.0.3]
May 16 17:36:19 email-threat-docker postfix/smtpd[793]: C713267CAE: client=scanner.yara_final_project_threat-net[172.20.0.3]
May 16 17:36:19 email-threat-docker postfix/cleanup[796]: C713267CAE: message-id=<>
May 16 17:36:19 email-threat-docker postfix/qmgr[100]: C713267CAE: from=<sender@email-threat-docker.local>, size=682, nrcpt=1 (queue active)
May 16 17:36:19 email-threat-docker postfix/smtpd[793]: disconnect from scanner.yara_final_project_threat-net[172.20.0.3] ehlo=1 mail=1 rcpt=1 data=1 quit=1 commands=5
May 16 17:36:19 email-threat-docker postfix/smtp[848]: C08A867CAD: to=<recipient@email-threat-docker.local>, relay=scanner[172.20.0.3]:10025, delay=0.04, delays=0.01/0/0.01/0.02, dsn=2.0.0, status=sent (250 Message delivered)
May 16 17:36:19 email-threat-docker postfix/qmgr[100]: C08A867CAD: removed
May 16 17:36:19 email-threat-docker postfix/local[797]: C713267CAE: to=<recipient@email-threat-docker.local>, relay=local, delay=0.01, delays=0.01/0/0/0, dsn=2.0.0, status=sent (delivered to mailbox)
May 16 17:36:19 email-threat-docker postfix/qmgr[100]: C713267CAE: removed
May 16 17:36:19 email-threat-docker postfix/smtpd[847]: connect from unknown[172.20.0.1]
May 16 17:36:19 email-threat-docker postfix/smtpd[847]: DFE3767CAD: client=unknown[172.20.0.1]
May 16 17:36:19 email-threat-docker postfix/cleanup[796]: DFE3767CAD: message-id=<>
May 16 17:36:19 email-threat-docker postfix/qmgr[100]: DFE3767CAD: from=<sender@email-threat-docker.local>, size=446, nrcpt=1 (queue active)
May 16 17:36:19 email-threat-docker postfix/smtpd[847]: disconnect from unknown[172.20.0.1] ehlo=1 mail=1 rcpt=1 data=1 quit=1 commands=5
May 16 17:36:19 email-threat-docker postfix/smtpd[793]: connect from scanner.yara_final_project_threat-net[172.20.0.3]
May 16 17:36:19 email-threat-docker postfix/smtpd[793]: E79FF67CAE: client=scanner.yara_final_project_threat-net[172.20.0.3]
May 16 17:36:19 email-threat-docker postfix/cleanup[796]: E79FF67CAE: message-id=<>
May 16 17:36:19 email-threat-docker postfix/qmgr[100]: E79FF67CAE: from=<sender@email-threat-docker.local>, size=681, nrcpt=1 (queue active)
May 16 17:36:19 email-threat-docker postfix/smtpd[793]: disconnect from scanner.yara_final_project_threat-net[172.20.0.3] ehlo=1 mail=1 rcpt=1 data=1 quit=1 commands=5
May 16 17:36:19 email-threat-docker postfix/smtp[848]: DFE3767CAD: to=<recipient@email-threat-docker.local>, relay=scanner[172.20.0.3]:10025, delay=0.04, delays=0.01/0/0.01/0.02, dsn=2.0.0, status=sent (250 Message delivered)
May 16 17:36:19 email-threat-docker postfix/qmgr[100]: DFE3767CAD: removed
May 16 17:36:19 email-threat-docker postfix/local[797]: E79FF67CAE: to=<recipient@email-threat-docker.local>, relay=local, delay=0.01, delays=0.01/0/0/0.01, dsn=2.0.0, status=sent (delivered to mailbox)
May 16 17:36:19 email-threat-docker postfix/qmgr[100]: E79FF67CAE: removed
May 16 17:36:20 email-threat-docker postfix/smtpd[847]: connect from unknown[172.20.0.1]
May 16 17:36:20 email-threat-docker postfix/smtpd[847]: 0AF3167CAD: client=unknown[172.20.0.1]
May 16 17:36:20 email-threat-docker postfix/cleanup[796]: 0AF3167CAD: message-id=<>
May 16 17:36:20 email-threat-docker postfix/qmgr[100]: 0AF3167CAD: from=<sender@email-threat-docker.local>, size=445, nrcpt=1 (queue active)
May 16 17:36:20 email-threat-docker postfix/smtpd[847]: disconnect from unknown[172.20.0.1] ehlo=1 mail=1 rcpt=1 data=1 quit=1 commands=5
May 16 17:36:20 email-threat-docker postfix/smtpd[793]: connect from scanner.yara_final_project_threat-net[172.20.0.3]
May 16 17:36:20 email-threat-docker postfix/smtpd[793]: 1179C67CAE: client=scanner.yara_final_project_threat-net[172.20.0.3]
May 16 17:36:20 email-threat-docker postfix/cleanup[796]: 1179C67CAE: message-id=<>
May 16 17:36:20 email-threat-docker postfix/qmgr[100]: 1179C67CAE: from=<sender@email-threat-docker.local>, size=680, nrcpt=1 (queue active)
May 16 17:36:20 email-threat-docker postfix/smtpd[793]: disconnect from scanner.yara_final_project_threat-net[172.20.0.3] ehlo=1 mail=1 rcpt=1 data=1 quit=1 commands=5
May 16 17:36:20 email-threat-docker postfix/smtp[848]: 0AF3167CAD: to=<recipient@email-threat-docker.local>, relay=scanner[172.20.0.3]:10025, delay=0.04, delays=0.01/0/0.01/0.02, dsn=2.0.0, status=sent (250 Message delivered)
May 16 17:36:20 email-threat-docker postfix/qmgr[100]: 0AF3167CAD: removed
May 16 17:36:20 email-threat-docker postfix/local[797]: 1179C67CAE: to=<recipient@email-threat-docker.local>, relay=local, delay=0.01, delays=0.01/0/0/0.01, dsn=2.0.0, status=sent (delivered to mailbox)
May 16 17:36:20 email-threat-docker postfix/qmgr[100]: 1179C67CAE: removed
May 16 17:36:20 email-threat-docker postfix/smtpd[847]: connect from unknown[172.20.0.1]
May 16 17:36:20 email-threat-docker postfix/smtpd[847]: 29A9F67CAD: client=unknown[172.20.0.1]
May 16 17:36:20 email-threat-docker postfix/cleanup[796]: 29A9F67CAD: message-id=<>
May 16 17:36:20 email-threat-docker postfix/qmgr[100]: 29A9F67CAD: from=<sender@email-threat-docker.local>, size=460, nrcpt=1 (queue active)
May 16 17:36:20 email-threat-docker postfix/smtpd[847]: disconnect from unknown[172.20.0.1] ehlo=1 mail=1 rcpt=1 data=1 quit=1 commands=5
May 16 17:36:20 email-threat-docker postfix/smtpd[793]: connect from scanner.yara_final_project_threat-net[172.20.0.3]
May 16 17:36:20 email-threat-docker postfix/smtpd[793]: 2FD6367CAE: client=scanner.yara_final_project_threat-net[172.20.0.3]
May 16 17:36:20 email-threat-docker postfix/cleanup[796]: 2FD6367CAE: message-id=<>
May 16 17:36:20 email-threat-docker postfix/qmgr[100]: 2FD6367CAE: from=<sender@email-threat-docker.local>, size=695, nrcpt=1 (queue active)
May 16 17:36:20 email-threat-docker postfix/smtpd[793]: disconnect from scanner.yara_final_project_threat-net[172.20.0.3] ehlo=1 mail=1 rcpt=1 data=1 quit=1 commands=5
May 16 17:36:20 email-threat-docker postfix/smtp[848]: 29A9F67CAD: to=<recipient@email-threat-docker.local>, relay=scanner[172.20.0.3]:10025, delay=0.03, delays=0.01/0/0.01/0.02, dsn=2.0.0, status=sent (250 Message delivered)
May 16 17:36:20 email-threat-docker postfix/qmgr[100]: 29A9F67CAD: removed
May 16 17:36:20 email-threat-docker postfix/local[797]: 2FD6367CAE: to=<recipient@email-threat-docker.local>, relay=local, delay=0.01, delays=0.01/0/0/0.01, dsn=2.0.0, status=sent (delivered to mailbox)
May 16 17:36:20 email-threat-docker postfix/qmgr[100]: 2FD6367CAE: removed
May 16 17:36:20 email-threat-docker postfix/smtpd[847]: connect from unknown[172.20.0.1]
May 16 17:36:20 email-threat-docker postfix/smtpd[847]: 484C867CAD: client=unknown[172.20.0.1]
May 16 17:36:20 email-threat-docker postfix/cleanup[796]: 484C867CAD: message-id=<>
May 16 17:36:20 email-threat-docker postfix/qmgr[100]: 484C867CAD: from=<sender@email-threat-docker.local>, size=454, nrcpt=1 (queue active)
May 16 17:36:20 email-threat-docker postfix/smtpd[847]: disconnect from unknown[172.20.0.1] ehlo=1 mail=1 rcpt=1 data=1 quit=1 commands=5
May 16 17:36:20 email-threat-docker postfix/smtpd[793]: connect from scanner.yara_final_project_threat-net[172.20.0.3]
May 16 17:36:20 email-threat-docker postfix/smtpd[793]: 4F0C967CAE: client=scanner.yara_final_project_threat-net[172.20.0.3]
May 16 17:36:20 email-threat-docker postfix/cleanup[796]: 4F0C967CAE: message-id=<>
May 16 17:36:20 email-threat-docker postfix/qmgr[100]: 4F0C967CAE: from=<sender@email-threat-docker.local>, size=689, nrcpt=1 (queue active)
May 16 17:36:20 email-threat-docker postfix/smtpd[793]: disconnect from scanner.yara_final_project_threat-net[172.20.0.3] ehlo=1 mail=1 rcpt=1 data=1 quit=1 commands=5
May 16 17:36:20 email-threat-docker postfix/smtp[848]: 484C867CAD: to=<recipient@email-threat-docker.local>, relay=scanner[172.20.0.3]:10025, delay=0.04, delays=0.01/0/0.01/0.02, dsn=2.0.0, status=sent (250 Message delivered)
May 16 17:36:20 email-threat-docker postfix/qmgr[100]: 484C867CAD: removed
May 16 17:36:20 email-threat-docker postfix/local[797]: 4F0C967CAE: to=<recipient@email-threat-docker.local>, relay=local, delay=0.01, delays=0.01/0/0/0.01, dsn=2.0.0, status=sent (delivered to mailbox)
May 16 17:36:20 email-threat-docker postfix/qmgr[100]: 4F0C967CAE: removed
May 16 17:36:20 email-threat-docker postfix/smtpd[847]: connect from unknown[172.20.0.1]
May 16 17:36:20 email-threat-docker postfix/smtpd[847]: 6786F67CAD: client=unknown[172.20.0.1]
May 16 17:36:20 email-threat-docker postfix/cleanup[796]: 6786F67CAD: message-id=<>
May 16 17:36:20 email-threat-docker postfix/qmgr[100]: 6786F67CAD: from=<sender@email-threat-docker.local>, size=906, nrcpt=1 (queue active)
May 16 17:36:20 email-threat-docker postfix/smtpd[847]: disconnect from unknown[172.20.0.1] ehlo=1 mail=1 rcpt=1 data=1 quit=1 commands=5
May 16 17:36:20 email-threat-docker postfix/smtpd[793]: connect from scanner.yara_final_project_threat-net[172.20.0.3]
May 16 17:36:20 email-threat-docker postfix/smtpd[793]: 6E00767CAE: client=scanner.yara_final_project_threat-net[172.20.0.3]
May 16 17:36:20 email-threat-docker postfix/cleanup[796]: 6E00767CAE: message-id=<>
May 16 17:36:20 email-threat-docker postfix/qmgr[100]: 6E00767CAE: from=<sender@email-threat-docker.local>, size=1141, nrcpt=1 (queue active)
May 16 17:36:20 email-threat-docker postfix/smtpd[793]: disconnect from scanner.yara_final_project_threat-net[172.20.0.3] ehlo=1 mail=1 rcpt=1 data=1 quit=1 commands=5
May 16 17:36:20 email-threat-docker postfix/smtp[848]: 6786F67CAD: to=<recipient@email-threat-docker.local>, relay=scanner[172.20.0.3]:10025, delay=0.04, delays=0.01/0/0.01/0.02, dsn=2.0.0, status=sent (250 Message delivered)
May 16 17:36:20 email-threat-docker postfix/qmgr[100]: 6786F67CAD: removed
