May 16 17:36:20 email-threat-docker postfix/local[797]: 6E00767CAE: to=<recipient@email-threat-docker.local>, relay=local, delay=0.01, delays=0.01/0/0/0.01, dsn=2.0.0, status=sent (delivered to mailbox)
May 16 17:36:20 email-threat-docker postfix/qmgr[100]: 6E00767CAE: removed
May 16 17:36:20 email-threat-docker postfix/smtpd[847]: connect from unknown[172.20.0.1]
May 16 17:36:20 email-threat-docker postfix/smtpd[847]: 86DC167CAD: client=unknown[172.20.0.1]
May 16 17:36:20 email-threat-docker postfix/cleanup[796]: 86DC167CAD: message-id=<>
May 16 17:36:20 email-threat-docker postfix/qmgr[100]: 86DC167CAD: from=<sender@email-threat-docker.local>, size=2201, nrcpt=1 (queue active)
May 16 17:36:20 email-threat-docker postfix/smtpd[847]: disconnect from unknown[172.20.0.1] ehlo=1 mail=1 rcpt=1 data=1 quit=1 commands=5
May 16 17:36:20 email-threat-docker postfix/smtpd[793]: connect from scanner.yara_final_project_threat-net[172.20.0.3]
May 16 17:36:20 email-threat-docker postfix/smtpd[793]: 8D55367CAE: client=scanner.yara_final_project_threat-net[172.20.0.3]
May 16 17:36:20 email-threat-docker postfix/cleanup[796]: 8D55367CAE: message-id=<>
May 16 17:36:20 email-threat-docker postfix/qmgr[100]: 8D55367CAE: from=<sender@email-threat-docker.local>, size=2436, nrcpt=1 (queue active)
May 16 17:36:20 email-threat-docker postfix/smtpd[793]: disconnect from scanner.yara_final_project_threat-net[172.20.0.3] ehlo=1 mail=1 rcpt=1 data=1 quit=1 commands=5
May 16 17:36:20 email-threat-docker postfix/smtp[848]: 86DC167CAD: to=<recipient@email-threat-docker.local>, relay=scanner[172.20.0.3]:10025, delay=0.04, delays=0.01/0/0.01/0.02, dsn=2.0.0, status=sent (250 Message delivered)
May 16 17:36:20 email-threat-docker postfix/qmgr[100]: 86DC167CAD: removed
May 16 17:36:20 email-threat-docker postfix/local[797]: 8D55367CAE: to=<recipient@email-threat-docker.local>, relay=local, delay=0.01, delays=0.01/0/0/0.01, dsn=2.0.0, status=sent (delivered to mailbox)
May 16 17:36:20 email-threat-docker postfix/qmgr[100]: 8D55367CAE: removed
May 16 17:36:20 email-threat-docker postfix/smtpd[847]: connect from unknown[172.20.0.1]
May 16 17:36:20 email-threat-docker postfix/smtpd[847]: A607267CAD: client=unknown[172.20.0.1]
May 16 17:36:20 email-threat-docker postfix/cleanup[796]: A607267CAD: message-id=<>
May 16 17:36:20 email-threat-docker postfix/qmgr[100]: A607267CAD: from=<sender@email-threat-docker.local>, size=500, nrcpt=1 (queue active)
May 16 17:36:20 email-threat-docker postfix/smtpd[847]: disconnect from unknown[172.20.0.1] ehlo=1 mail=1 rcpt=1 data=1 quit=1 commands=5
May 16 17:36:20 email-threat-docker postfix/smtpd[793]: connect from scanner.yara_final_project_threat-net[172.20.0.3]
May 16 17:36:20 email-threat-docker postfix/smtpd[793]: AD70867CAE: client=scanner.yara_final_project_threat-net[172.20.0.3]
May 16 17:36:20 email-threat-docker postfix/cleanup[796]: AD70867CAE: message-id=<>
May 16 17:36:20 email-threat-docker postfix/qmgr[100]: AD70867CAE: from=<sender@email-threat-docker.local>, size=735, nrcpt=1 (queue active)
May 16 17:36:20 email-threat-docker postfix/smtpd[793]: disconnect from scanner.yara_final_project_threat-net[172.20.0.3] ehlo=1 mail=1 rcpt=1 data=1 quit=1 commands=5
May 16 17:36:20 email-threat-docker postfix/smtp[848]: A607267CAD: to=<recipient@email-threat-docker.local>, relay=scanner[172.20.0.3]:10025, delay=0.04, delays=0.01/0/0.01/0.02, dsn=2.0.0, status=sent (250 Message delivered)
May 16 17:36:20 email-threat-docker postfix/qmgr[100]: A607267CAD: removed
May 16 17:36:20 email-threat-docker postfix/local[797]: AD70867CAE: to=<recipient@email-threat-docker.local>, relay=local, delay=0.01, delays=0.01/0/0/0.01, dsn=2.0.0, status=sent (delivered to mailbox)
May 16 17:36:20 email-threat-docker postfix/qmgr[100]: AD70867CAE: removed
May 16 17:36:20 email-threat-docker postfix/smtpd[847]: connect from unknown[172.20.0.1]
May 16 17:36:20 email-threat-docker postfix/smtpd[847]: CD21667CAD: client=unknown[172.20.0.1]
May 16 17:36:20 email-threat-docker postfix/cleanup[796]: CD21667CAD: message-id=<>
May 16 17:36:20 email-threat-docker postfix/qmgr[100]: CD21667CAD: from=<sender@email-threat-docker.local>, size=486, nrcpt=1 (queue active)
May 16 17:36:20 email-threat-docker postfix/smtpd[847]: disconnect from unknown[172.20.0.1] ehlo=1 mail=1 rcpt=1 data=1 quit=1 commands=5
May 16 17:36:20 email-threat-docker postfix/smtpd[793]: connect from scanner.yara_final_project_threat-net[172.20.0.3]
May 16 17:36:20 email-threat-docker postfix/smtpd[793]: D446667CAE: client=scanner.yara_final_project_threat-net[172.20.0.3]
May 16 17:36:20 email-threat-docker postfix/cleanup[796]: D446667CAE: message-id=<>
May 16 17:36:20 email-threat-docker postfix/qmgr[100]: D446667CAE: from=<sender@email-threat-docker.local>, size=721, nrcpt=1 (queue active)
May 16 17:36:20 email-threat-docker postfix/smtpd[793]: disconnect from scanner.yara_final_project_threat-net[172.20.0.3] ehlo=1 mail=1 rcpt=1 data=1 quit=1 commands=5
May 16 17:36:20 email-threat-docker postfix/smtp[848]: CD21667CAD: to=<recipient@email-threat-docker.local>, relay=scanner[172.20.0.3]:10025, delay=0.04, delays=0.01/0/0.01/0.02, dsn=2.0.0, status=sent (250 Message delivered)
May 16 17:36:20 email-threat-docker postfix/qmgr[100]: CD21667CAD: removed
May 16 17:36:20 email-threat-docker postfix/local[797]: D446667CAE: to=<recipient@email-threat-docker.local>, relay=local, delay=0.01, delays=0.01/0/0/0.01, dsn=2.0.0, status=sent (delivered to mailbox)
May 16 17:36:20 email-threat-docker postfix/qmgr[100]: D446667CAE: removed
May 16 17:36:20 email-threat-docker postfix/smtpd[847]: connect from unknown[172.20.0.1]
May 16 17:36:20 email-threat-docker postfix/smtpd[847]: ECB1467CAD: client=unknown[172.20.0.1]
May 16 17:36:20 email-threat-docker postfix/cleanup[796]: ECB1467CAD: message-id=<>
May 16 17:36:20 email-threat-docker postfix/qmgr[100]: ECB1467CAD: from=<sender@email-threat-docker.local>, size=2194, nrcpt=1 (queue active)
May 16 17:36:20 email-threat-docker postfix/smtpd[847]: disconnect from unknown[172.20.0.1] ehlo=1 mail=1 rcpt=1 data=1 quit=1 commands=5
May 16 17:36:20 email-threat-docker postfix/smtpd[793]: connect from scanner.yara_final_project_threat-net[172.20.0.3]
May 16 17:36:20 email-threat-docker postfix/smtpd[793]: F30CE67CAE: client=scanner.yara_final_project_threat-net[172.20.0.3]
May 16 17:36:20 email-threat-docker postfix/cleanup[796]: F30CE67CAE: message-id=<>
May 16 17:36:20 email-threat-docker postfix/qmgr[100]: F30CE67CAE: from=<sender@email-threat-docker.local>, size=2429, nrcpt=1 (queue active)
May 16 17:36:20 email-threat-docker postfix/smtpd[793]: disconnect from scanner.yara_final_project_threat-net[172.20.0.3] ehlo=1 mail=1 rcpt=1 data=1 quit=1 commands=5
May 16 17:36:20 email-threat-docker postfix/smtp[848]: ECB1467CAD: to=<recipient@email-threat-docker.local>, relay=scanner[172.20.0.3]:10025, delay=0.04, delays=0.01/0/0.01/0.02, dsn=2.0.0, status=sent (250 Message delivered)
May 16 17:36:20 email-threat-docker postfix/qmgr[100]: ECB1467CAD: removed
May 16 17:36:20 email-threat-docker postfix/local[797]: F30CE67CAE: to=<recipient@email-threat-docker.local>, relay=local, delay=0.01, delays=0.01/0/0/0.01, dsn=2.0.0, status=sent (delivered to mailbox)
May 16 17:36:20 email-threat-docker postfix/qmgr[100]: F30CE67CAE: removed
May 16 17:36:21 email-threat-docker postfix/smtpd[847]: connect from unknown[172.20.0.1]
May 16 17:36:21 email-threat-docker postfix/smtpd[847]: 17D3E67CAD: client=unknown[172.20.0.1]
May 16 17:36:21 email-threat-docker postfix/cleanup[796]: 17D3E67CAD: message-id=<>
May 16 17:36:21 email-threat-docker postfix/qmgr[100]: 17D3E67CAD: from=<sender@email-threat-docker.local>, size=478, nrcpt=1 (queue active)
May 16 17:36:21 email-threat-docker postfix/smtpd[847]: disconnect from unknown[172.20.0.1] ehlo=1 mail=1 rcpt=1 data=1 quit=1 commands=5
May 16 17:36:21 email-threat-docker postfix/smtpd[793]: connect from scanner.yara_final_project_threat-net[172.20.0.3]
May 16 17:36:21 email-threat-docker postfix/smtpd[793]: 1F5DB67CAE: client=scanner.yara_final_project_threat-net[172.20.0.3]
May 16 17:36:21 email-threat-docker postfix/cleanup[796]: 1F5DB67CAE: message-id=<>
May 16 17:36:21 email-threat-docker postfix/qmgr[100]: 1F5DB67CAE: from=<sender@email-threat-docker.local>, size=713, nrcpt=1 (queue active)
May 16 17:36:21 email-threat-docker postfix/smtpd[793]: disconnect from scanner.yara_final_project_threat-net[172.20.0.3] ehlo=1 mail=1 rcpt=1 data=1 quit=1 commands=5
May 16 17:36:21 email-threat-docker postfix/smtp[848]: 17D3E67CAD: to=<recipient@email-threat-docker.local>, relay=scanner[172.20.0.3]:10025, delay=0.04, delays=0.01/0/0.01/0.02, dsn=2.0.0, status=sent (250 Message delivered)
May 16 17:36:21 email-threat-docker postfix/qmgr[100]: 17D3E67CAD: removed
May 16 17:36:21 email-threat-docker postfix/local[797]: 1F5DB67CAE: to=<recipient@email-threat-docker.local>, relay=local, delay=0.01, delays=0.01/0/0/0, dsn=2.0.0, status=sent (delivered to mailbox)
May 16 17:36:21 email-threat-docker postfix/qmgr[100]: 1F5DB67CAE: removed
May 16 17:36:21 email-threat-docker postfix/smtpd[847]: connect from unknown[172.20.0.1]
May 16 17:36:21 email-threat-docker postfix/smtpd[847]: 377A767CAD: client=unknown[172.20.0.1]
May 16 17:36:21 email-threat-docker postfix/cleanup[796]: 377A767CAD: message-id=<>
May 16 17:36:21 email-threat-docker postfix/qmgr[100]: 377A767CAD: from=<sender@email-threat-docker.local>, size=474, nrcpt=1 (queue active)
May 16 17:36:21 email-threat-docker postfix/smtpd[847]: disconnect from unknown[172.20.0.1] ehlo=1 mail=1 rcpt=1 data=1 quit=1 commands=5
May 16 17:36:21 email-threat-docker postfix/smtpd[793]: connect from scanner.yara_final_project_threat-net[172.20.0.3]
May 16 17:36:21 email-threat-docker postfix/smtpd[793]: 3E26F67CAE: client=scanner.yara_final_project_threat-net[172.20.0.3]
May 16 17:36:21 email-threat-docker postfix/cleanup[796]: 3E26F67CAE: message-id=<>
May 16 17:36:21 email-threat-docker postfix/qmgr[100]: 3E26F67CAE: from=<sender@email-threat-docker.local>, size=709, nrcpt=1 (queue active)
May 16 17:36:21 email-threat-docker postfix/smtpd[793]: disconnect from scanner.yara_final_project_threat-net[172.20.0.3] ehlo=1 mail=1 rcpt=1 data=1 quit=1 commands=5
May 16 17:36:21 email-threat-docker postfix/smtp[848]: 377A767CAD: to=<recipient@email-threat-docker.local>, relay=scanner[172.20.0.3]:10025, delay=0.04, delays=0.01/0/0.01/0.02, dsn=2.0.0, status=sent (250 Message delivered)
May 16 17:36:21 email-threat-docker postfix/qmgr[100]: 377A767CAD: removed
May 16 17:36:21 email-threat-docker postfix/local[797]: 3E26F67CAE: to=<recipient@email-threat-docker.local>, relay=local, delay=0.01, delays=0.01/0/0/0, dsn=2.0.0, status=sent (delivered to mailbox)
May 16 17:36:21 email-threat-docker postfix/qmgr[100]: 3E26F67CAE: removed
May 16 17:36:21 email-threat-docker postfix/smtpd[847]: connect from unknown[172.20.0.1]
May 16 17:36:21 email-threat-docker postfix/smtpd[847]: 5683667CAD: client=unknown[172.20.0.1]
May 16 17:36:21 email-threat-docker postfix/cleanup[796]: 5683667CAD: message-id=<>
May 16 17:36:21 email-threat-docker postfix/qmgr[100]: 5683667CAD: from=<sender@email-threat-docker.local>, size=1485, nrcpt=1 (queue active)
May 16 17:36:21 email-threat-docker postfix/smtpd[847]: disconnect from unknown[172.20.0.1] ehlo=1 mail=1 rcpt=1 data=1 quit=1 commands=5
May 16 17:36:21 email-threat-docker postfix/smtpd[793]: connect from scanner.yara_final_project_threat-net[172.20.0.3]
May 16 17:36:21 email-threat-docker postfix/smtpd[793]: 5CCD167CAE: client=scanner.yara_final_project_threat-net[172.20.0.3]
May 16 17:36:21 email-threat-docker postfix/cleanup[796]: 5CCD167CAE: message-id=<>
May 16 17:36:21 email-threat-docker postfix/qmgr[100]: 5CCD167CAE: from=<sender@email-threat-docker.local>, size=1720, nrcpt=1 (queue active)
May 16 17:36:21 email-threat-docker postfix/smtpd[793]: disconnect from scanner.yara_final_project_threat-net[172.20.0.3] ehlo=1 mail=1 rcpt=1 data=1 quit=1 commands=5
May 16 17:36:21 email-threat-docker postfix/smtp[848]: 5683667CAD: to=<recipient@email-threat-docker.local>, relay=scanner[172.20.0.3]:10025, delay=0.04, delays=0.01/0/0.01/0.02, dsn=2.0.0, status=sent (250 Message delivered)
May 16 17:36:21 email-threat-docker postfix/qmgr[100]: 5683667CAD: removed
May 16 17:36:21 email-threat-docker postfix/local[797]: 5CCD167CAE: to=<recipient@email-threat-docker.local>, relay=local, delay=0.01, delays=0.01/0/0/0.01, dsn=2.0.0, status=sent (delivered to mailbox)
May 16 17:36:21 email-threat-docker postfix/qmgr[100]: 5CCD167CAE: removed
May 16 17:36:21 email-threat-docker postfix/smtpd[847]: connect from unknown[172.20.0.1]
May 16 17:36:21 email-threat-docker postfix/smtpd[847]: 75E9967CAD: client=unknown[172.20.0.1]
May 16 17:36:21 email-threat-docker postfix/cleanup[796]: 75E9967CAD: message-id=<>
May 16 17:36:21 email-threat-docker postfix/qmgr[100]: 75E9967CAD: from=<sender@email-threat-docker.local>, size=2189, nrcpt=1 (queue active)
May 16 17:36:21 email-threat-docker postfix/smtpd[847]: disconnect from unknown[172.20.0.1] ehlo=1 mail=1 rcpt=1 data=1 quit=1 commands=5
May 16 17:36:21 email-threat-docker postfix/smtpd[793]: connect from scanner.yara_final_project_threat-net[172.20.0.3]
May 16 17:36:21 email-threat-docker postfix/smtpd[793]: 7E04067CAE: client=scanner.yara_final_project_threat-net[172.20.0.3]
May 16 17:36:21 email-threat-docker postfix/cleanup[796]: 7E04067CAE: message-id=<>
May 16 17:36:21 email-threat-docker postfix/qmgr[100]: 7E04067CAE: from=<sender@email-threat-docker.local>, size=2424, nrcpt=1 (queue active)
May 16 17:36:21 email-threat-docker postfix/smtpd[793]: disconnect from scanner.yara_final_project_threat-net[172.20.0.3] ehlo=1 mail=1 rcpt=1 data=1 quit=1 commands=5
May 16 17:36:21 email-threat-docker postfix/smtp[848]: 75E9967CAD: to=<recipient@email-threat-docker.local>, relay=scanner[172.20.0.3]:10025, delay=0.04, delays=0.01/0/0.01/0.02, dsn=2.0.0, status=sent (250 Message delivered)
May 16 17:36:21 email-threat-docker postfix/qmgr[100]: 75E9967CAD: removed
May 16 17:36:21 email-threat-docker postfix/local[797]: 7E04067CAE: to=<recipient@email-threat-docker.local>, relay=local, delay=0.01, delays=0.01/0/0/0.01, dsn=2.0.0, status=sent (delivered to mailbox)
May 16 17:36:21 email-threat-docker postfix/qmgr[100]: 7E04067CAE: removed
May 16 17:36:21 email-threat-docker postfix/smtpd[847]: connect from unknown[172.20.0.1]
May 16 17:36:21 email-threat-docker postfix/smtpd[847]: 9602467C39: client=unknown[172.20.0.1]
May 16 17:36:21 email-threat-docker postfix/cleanup[796]: 9602467C39: message-id=<>
May 16 17:36:21 email-threat-docker postfix/qmgr[100]: 9602467C39: from=<sender@email-threat-docker.local>, size=894, nrcpt=1 (queue active)
May 16 17:36:21 email-threat-docker postfix/smtpd[847]: disconnect from unknown[172.20.0.1] ehlo=1 mail=1 rcpt=1 data=1 quit=1 commands=5
May 16 17:36:21 email-threat-docker postfix/smtpd[793]: connect from scanner.yara_final_project_threat-net[172.20.0.3]
May 16 17:36:21 email-threat-docker postfix/smtpd[793]: 9C96467CAE: client=scanner.yara_final_project_threat-net[172.20.0.3]
May 16 17:36:21 email-threat-docker postfix/cleanup[796]: 9C96467CAE: message-id=<>
May 16 17:36:21 email-threat-docker postfix/qmgr[100]: 9C96467CAE: from=<sender@email-threat-docker.local>, size=1129, nrcpt=1 (queue active)
May 16 17:36:21 email-threat-docker postfix/smtpd[793]: disconnect from scanner.yara_final_project_threat-net[172.20.0.3] ehlo=1 mail=1 rcpt=1 data=1 quit=1 commands=5
May 16 17:36:21 email-threat-docker postfix/smtp[848]: 9602467C39: to=<recipient@email-threat-docker.local>, relay=scanner[172.20.0.3]:10025, delay=0.04, delays=0.01/0/0.01/0.02, dsn=2.0.0, status=sent (250 Message delivered)
May 16 17:36:21 email-threat-docker postfix/qmgr[100]: 9602467C39: removed
May 16 17:36:21 email-threat-docker postfix/local[797]: 9C96467CAE: to=<recipient@email-threat-docker.local>, relay=local, delay=0.02, delays=0.01/0/0/0.01, dsn=2.0.0, status=sent (delivered to mailbox)
May 16 17:36:21 email-threat-docker postfix/qmgr[100]: 9C96467CAE: removed
May 16 17:36:57 email-threat-docker postfix/smtpd[847]: connect from unknown[172.20.0.1]
May 16 17:36:57 email-threat-docker postfix/smtpd[847]: B252F67C62: client=unknown[172.20.0.1]
May 16 17:36:57 email-threat-docker postfix/cleanup[796]: B252F67C62: message-id=<>
May 16 17:36:57 email-threat-docker postfix/qmgr[100]: B252F67C62: from=<sender@email-threat-docker.local>, size=437, nrcpt=1 (queue active)
May 16 17:36:57 email-threat-docker postfix/smtpd[847]: disconnect from unknown[172.20.0.1] ehlo=1 mail=1 rcpt=1 data=1 quit=1 commands=5
May 16 17:36:57 email-threat-docker postfix/smtpd[793]: connect from scanner.yara_final_project_threat-net[172.20.0.3]
May 16 17:36:57 email-threat-docker postfix/smtpd[793]: B869E67CAE: client=scanner.yara_final_project_threat-net[172.20.0.3]
May 16 17:36:57 email-threat-docker postfix/cleanup[796]: B869E67CAE: message-id=<>
May 16 17:36:57 email-threat-docker postfix/qmgr[100]: B869E67CAE: from=<sender@email-threat-docker.local>, size=672, nrcpt=1 (queue active)
May 16 17:36:57 email-threat-docker postfix/smtpd[793]: disconnect from scanner.yara_final_project_threat-net[172.20.0.3] ehlo=1 mail=1 rcpt=1 data=1 quit=1 commands=5
May 16 17:36:57 email-threat-docker postfix/smtp[848]: B252F67C62: to=<recipient@email-threat-docker.local>, relay=scanner[172.20.0.3]:10025, delay=0.03, delays=0.01/0/0.01/0.02, dsn=2.0.0, status=sent (250 Message delivered)
May 16 17:36:57 email-threat-docker postfix/qmgr[100]: B252F67C62: removed
May 16 17:36:57 email-threat-docker postfix/local[797]: B869E67CAE: to=<recipient@email-threat-docker.local>, relay=local, delay=0.01, delays=0.01/0/0/0, dsn=2.0.0, status=sent (delivered to mailbox)
May 16 17:36:57 email-threat-docker postfix/qmgr[100]: B869E67CAE: removed
May 16 17:36:58 email-threat-docker postfix/smtpd[847]: connect from unknown[172.20.0.1]
May 16 17:36:58 email-threat-docker postfix/smtpd[847]: BAA2967C62: client=unknown[172.20.0.1]
May 16 17:36:58 email-threat-docker postfix/cleanup[796]: BAA2967C62: message-id=<>
May 16 17:36:58 email-threat-docker postfix/qmgr[100]: BAA2967C62: from=<sender@email-threat-docker.local>, size=842, nrcpt=1 (queue active)
May 16 17:36:58 email-threat-docker postfix/smtpd[847]: disconnect from unknown[172.20.0.1] ehlo=1 mail=1 rcpt=1 data=1 quit=1 commands=5
May 16 17:36:58 email-threat-docker postfix/smtpd[793]: connect from scanner.yara_final_project_threat-net[172.20.0.3]
May 16 17:36:58 email-threat-docker postfix/smtpd[793]: C199967CAE: client=scanner.yara_final_project_threat-net[172.20.0.3]
May 16 17:36:58 email-threat-docker postfix/cleanup[796]: C199967CAE: message-id=<>
May 16 17:36:58 email-threat-docker postfix/qmgr[100]: C199967CAE: from=<sender@email-threat-docker.local>, size=1077, nrcpt=1 (queue active)
May 16 17:36:58 email-threat-docker postfix/smtpd[793]: disconnect from scanner.yara_final_project_threat-net[172.20.0.3] ehlo=1 mail=1 rcpt=1 data=1 quit=1 commands=5
May 16 17:36:58 email-threat-docker postfix/smtp[848]: BAA2967C62: to=<recipient@email-threat-docker.local>, relay=scanner[172.20.0.3]:10025, delay=0.04, delays=0.01/0/0.01/0.02, dsn=2.0.0, status=sent (250 Message delivered)
May 16 17:36:58 email-threat-docker postfix/qmgr[100]: BAA2967C62: removed
May 16 17:36:58 email-threat-docker postfix/local[797]: C199967CAE: to=<recipient@email-threat-docker.local>, relay=local, delay=0.01, delays=0.01/0/0/0, dsn=2.0.0, status=sent (delivered to mailbox)
May 16 17:36:58 email-threat-docker postfix/qmgr[100]: C199967CAE: removed
May 16 17:36:59 email-threat-docker postfix/smtpd[847]: connect from unknown[172.20.0.1]
May 16 17:36:59 email-threat-docker postfix/smtpd[847]: C2A7467C62: client=unknown[172.20.0.1]
May 16 17:36:59 email-threat-docker postfix/cleanup[796]: C2A7467C62: message-id=<>
May 16 17:36:59 email-threat-docker postfix/qmgr[100]: C2A7467C62: from=<sender@email-threat-docker.local>, size=443, nrcpt=1 (queue active)
May 16 17:36:59 email-threat-docker postfix/smtpd[847]: disconnect from unknown[172.20.0.1] ehlo=1 mail=1 rcpt=1 data=1 quit=1 commands=5
May 16 17:36:59 email-threat-docker postfix/smtpd[793]: connect from scanner.yara_final_project_threat-net[172.20.0.3]
May 16 17:36:59 email-threat-docker postfix/smtpd[793]: C9AB667CAE: client=scanner.yara_final_project_threat-net[172.20.0.3]
May 16 17:36:59 email-threat-docker postfix/cleanup[796]: C9AB667CAE: message-id=<>
May 16 17:36:59 email-threat-docker postfix/qmgr[100]: C9AB667CAE: from=<sender@email-threat-docker.local>, size=678, nrcpt=1 (queue active)
May 16 17:36:59 email-threat-docker postfix/smtpd[793]: disconnect from scanner.yara_final_project_threat-net[172.20.0.3] ehlo=1 mail=1 rcpt=1 data=1 quit=1 commands=5
May 16 17:36:59 email-threat-docker postfix/smtp[848]: C2A7467C62: to=<recipient@email-threat-docker.local>, relay=scanner[172.20.0.3]:10025, delay=0.04, delays=0.01/0/0.01/0.02, dsn=2.0.0, status=sent (250 Message delivered)
May 16 17:36:59 email-threat-docker postfix/qmgr[100]: C2A7467C62: removed
May 16 17:36:59 email-threat-docker postfix/local[797]: C9AB667CAE: to=<recipient@email-threat-docker.local>, relay=local, delay=0.01, delays=0.01/0/0/0.01, dsn=2.0.0, status=sent (delivered to mailbox)
May 16 17:36:59 email-threat-docker postfix/qmgr[100]: C9AB667CAE: removed
May 16 17:37:00 email-threat-docker postfix/smtpd[847]: connect from unknown[172.20.0.1]
May 16 17:37:00 email-threat-docker postfix/smtpd[847]: CBDA067C62: client=unknown[172.20.0.1]
May 16 17:37:00 email-threat-docker postfix/cleanup[796]: CBDA067C62: message-id=<>
May 16 17:37:00 email-threat-docker postfix/qmgr[100]: CBDA067C62: from=<sender@email-threat-docker.local>, size=452, nrcpt=1 (queue active)
May 16 17:37:00 email-threat-docker postfix/smtpd[847]: disconnect from unknown[172.20.0.1] ehlo=1 mail=1 rcpt=1 data=1 quit=1 commands=5
May 16 17:37:00 email-threat-docker postfix/smtpd[793]: connect from scanner.yara_final_project_threat-net[172.20.0.3]
May 16 17:37:00 email-threat-docker postfix/smtpd[793]: D400567CAE: client=scanner.yara_final_project_threat-net[172.20.0.3]
May 16 17:37:00 email-threat-docker postfix/cleanup[796]: D400567CAE: message-id=<>
May 16 17:37:00 email-threat-docker postfix/qmgr[100]: D400567CAE: from=<sender@email-threat-docker.local>, size=687, nrcpt=1 (queue active)
May 16 17:37:00 email-threat-docker postfix/smtpd[793]: disconnect from scanner.yara_final_project_threat-net[172.20.0.3] ehlo=1 mail=1 rcpt=1 data=1 quit=1 commands=5
May 16 17:37:00 email-threat-docker postfix/smtp[848]: CBDA067C62: to=<recipient@email-threat-docker.local>, relay=scanner[172.20.0.3]:10025, delay=0.04, delays=0.01/0/0.01/0.02, dsn=2.0.0, status=sent (250 Message delivered)
May 16 17:37:00 email-threat-docker postfix/qmgr[100]: CBDA067C62: removed
May 16 17:37:00 email-threat-docker postfix/local[797]: D400567CAE: to=<recipient@email-threat-docker.local>, relay=local, delay=0.01, delays=0.01/0/0/0.01, dsn=2.0.0, status=sent (delivered to mailbox)
May 16 17:37:00 email-threat-docker postfix/qmgr[100]: D400567CAE: removed
May 16 17:37:01 email-threat-docker postfix/smtpd[847]: connect from unknown[172.20.0.1]
May 16 17:37:01 email-threat-docker postfix/smtpd[847]: DCC39633CF: client=unknown[172.20.0.1]
May 16 17:37:01 email-threat-docker postfix/cleanup[796]: DCC39633CF: message-id=<>
May 16 17:37:01 email-threat-docker postfix/qmgr[100]: DCC39633CF: from=<sender@email-threat-docker.local>, size=849, nrcpt=1 (queue active)
May 16 17:37:01 email-threat-docker postfix/smtpd[847]: disconnect from unknown[172.20.0.1] ehlo=1 mail=1 rcpt=1 data=1 quit=1 commands=5
May 16 17:37:01 email-threat-docker postfix/smtpd[793]: connect from scanner.yara_final_project_threat-net[172.20.0.3]
May 16 17:37:01 email-threat-docker postfix/smtpd[793]: E337F67C66: client=scanner.yara_final_project_threat-net[172.20.0.3]
May 16 17:37:01 email-threat-docker postfix/cleanup[796]: E337F67C66: message-id=<>
May 16 17:37:01 email-threat-docker postfix/qmgr[100]: E337F67C66: from=<sender@email-threat-docker.local>, size=1084, nrcpt=1 (queue active)
May 16 17:37:01 email-threat-docker postfix/smtpd[793]: disconnect from scanner.yara_final_project_threat-net[172.20.0.3] ehlo=1 mail=1 rcpt=1 data=1 quit=1 commands=5
May 16 17:37:01 email-threat-docker postfix/smtp[848]: DCC39633CF: to=<recipient@email-threat-docker.local>, relay=scanner[172.20.0.3]:10025, delay=0.04, delays=0.01/0/0.01/0.02, dsn=2.0.0, status=sent (250 Message delivered)
May 16 17:37:01 email-threat-docker postfix/qmgr[100]: DCC39633CF: removed
May 16 17:37:01 email-threat-docker postfix/local[797]: E337F67C66: to=<recipient@email-threat-docker.local>, relay=local, delay=0.01, delays=0.01/0/0/0, dsn=2.0.0, status=sent (delivered to mailbox)
May 16 17:37:01 email-threat-docker postfix/qmgr[100]: E337F67C66: removed
May 16 17:37:02 email-threat-docker postfix/smtpd[847]: connect from unknown[172.20.0.1]
May 16 17:37:02 email-threat-docker postfix/smtpd[847]: ECD81633CF: client=unknown[172.20.0.1]
May 16 17:37:02 email-threat-docker postfix/cleanup[796]: ECD81633CF: message-id=<>
May 16 17:37:02 email-threat-docker postfix/qmgr[100]: ECD81633CF: from=<sender@email-threat-docker.local>, size=447, nrcpt=1 (queue active)
May 16 17:37:02 email-threat-docker postfix/smtpd[847]: disconnect from unknown[172.20.0.1] ehlo=1 mail=1 rcpt=1 data=1 quit=1 commands=5
May 16 17:37:02 email-threat-docker postfix/smtpd[793]: connect from scanner.yara_final_project_threat-net[172.20.0.3]
May 16 17:37:02 email-threat-docker postfix/smtpd[793]: 0180467C66: client=scanner.yara_final_project_threat-net[172.20.0.3]
May 16 17:37:02 email-threat-docker postfix/cleanup[796]: 0180467C66: message-id=<>
May 16 17:37:03 email-threat-docker postfix/qmgr[100]: 0180467C66: from=<sender@email-threat-docker.local>, size=682, nrcpt=1 (queue active)
May 16 17:37:03 email-threat-docker postfix/smtpd[793]: disconnect from scanner.yara_final_project_threat-net[172.20.0.3] ehlo=1 mail=1 rcpt=1 data=1 quit=1 commands=5
May 16 17:37:03 email-threat-docker postfix/smtp[848]: ECD81633CF: to=<recipient@email-threat-docker.local>, relay=scanner[172.20.0.3]:10025, delay=0.05, delays=0.01/0/0.01/0.03, dsn=2.0.0, status=sent (250 Message delivered)
May 16 17:37:03 email-threat-docker postfix/qmgr[100]: ECD81633CF: removed
May 16 17:37:03 email-threat-docker postfix/local[797]: 0180467C66: to=<recipient@email-threat-docker.local>, relay=local, delay=0.01, delays=0.01/0/0/0.01, dsn=2.0.0, status=sent (delivered to mailbox)
May 16 17:37:03 email-threat-docker postfix/qmgr[100]: 0180467C66: removed
May 16 17:37:03 email-threat-docker postfix/smtpd[847]: connect from unknown[172.20.0.1]
May 16 17:37:03 email-threat-docker postfix/smtpd[847]: 01C89633CF: client=unknown[172.20.0.1]
May 16 17:37:03 email-threat-docker postfix/cleanup[796]: 01C89633CF: message-id=<>
May 16 17:37:04 email-threat-docker postfix/qmgr[100]: 01C89633CF: from=<sender@email-threat-docker.local>, size=446, nrcpt=1 (queue active)
May 16 17:37:04 email-threat-docker postfix/smtpd[847]: disconnect from unknown[172.20.0.1] ehlo=1 mail=1 rcpt=1 data=1 quit=1 commands=5
May 16 17:37:04 email-threat-docker postfix/smtpd[793]: connect from scanner.yara_final_project_threat-net[172.20.0.3]
May 16 17:37:04 email-threat-docker postfix/smtpd[793]: 08B8A67C66: client=scanner.yara_final_project_threat-net[172.20.0.3]
May 16 17:37:04 email-threat-docker postfix/cleanup[796]: 08B8A67C66: message-id=<>
May 16 17:37:04 email-threat-docker postfix/qmgr[100]: 08B8A67C66: from=<sender@email-threat-docker.local>, size=681, nrcpt=1 (queue active)
May 16 17:37:04 email-threat-docker postfix/smtpd[793]: disconnect from scanner.yara_final_project_threat-net[172.20.0.3] ehlo=1 mail=1 rcpt=1 data=1 quit=1 commands=5
May 16 17:37:04 email-threat-docker postfix/smtp[848]: 01C89633CF: to=<recipient@email-threat-docker.local>, relay=scanner[172.20.0.3]:10025, delay=0.04, delays=0.01/0/0.01/0.02, dsn=2.0.0, status=sent (250 Message delivered)
May 16 17:37:04 email-threat-docker postfix/qmgr[100]: 01C89633CF: removed
May 16 17:37:04 email-threat-docker postfix/local[797]: 08B8A67C66: to=<recipient@email-threat-docker.local>, relay=local, delay=0.01, delays=0.01/0/0/0.01, dsn=2.0.0, status=sent (delivered to mailbox)
May 16 17:37:04 email-threat-docker postfix/qmgr[100]: 08B8A67C66: removed
May 16 17:37:05 email-threat-docker postfix/smtpd[847]: connect from unknown[172.20.0.1]
May 16 17:37:05 email-threat-docker postfix/smtpd[847]: 0A8DF633CF: client=unknown[172.20.0.1]
May 16 17:37:05 email-threat-docker postfix/cleanup[796]: 0A8DF633CF: message-id=<>
May 16 17:37:05 email-threat-docker postfix/qmgr[100]: 0A8DF633CF: from=<sender@email-threat-docker.local>, size=445, nrcpt=1 (queue active)
May 16 17:37:05 email-threat-docker postfix/smtpd[847]: disconnect from unknown[172.20.0.1] ehlo=1 mail=1 rcpt=1 data=1 quit=1 commands=5
May 16 17:37:05 email-threat-docker postfix/smtpd[793]: connect from scanner.yara_final_project_threat-net[172.20.0.3]
May 16 17:37:05 email-threat-docker postfix/smtpd[793]: 11F3567C66: client=scanner.yara_final_project_threat-net[172.20.0.3]
May 16 17:37:05 email-threat-docker postfix/cleanup[796]: 11F3567C66: message-id=<>
May 16 17:37:05 email-threat-docker postfix/qmgr[100]: 11F3567C66: from=<sender@email-threat-docker.local>, size=680, nrcpt=1 (queue active)
May 16 17:37:05 email-threat-docker postfix/smtpd[793]: disconnect from scanner.yara_final_project_threat-net[172.20.0.3] ehlo=1 mail=1 rcpt=1 data=1 quit=1 commands=5
May 16 17:37:05 email-threat-docker postfix/smtp[848]: 0A8DF633CF: to=<recipient@email-threat-docker.local>, relay=scanner[172.20.0.3]:10025, delay=0.04, delays=0.01/0/0.01/0.02, dsn=2.0.0, status=sent (250 Message delivered)
May 16 17:37:05 email-threat-docker postfix/qmgr[100]: 0A8DF633CF: removed
May 16 17:37:05 email-threat-docker postfix/local[797]: 11F3567C66: to=<recipient@email-threat-docker.local>, relay=local, delay=0.01, delays=0.01/0/0/0.01, dsn=2.0.0, status=sent (delivered to mailbox)
May 16 17:37:05 email-threat-docker postfix/qmgr[100]: 11F3567C66: removed
May 16 17:37:06 email-threat-docker postfix/smtpd[847]: connect from unknown[172.20.0.1]
May 16 17:37:06 email-threat-docker postfix/smtpd[847]: 13A32633CF: client=unknown[172.20.0.1]
May 16 17:37:06 email-threat-docker postfix/cleanup[796]: 13A32633CF: message-id=<>
May 16 17:37:06 email-threat-docker postfix/qmgr[100]: 13A32633CF: from=<sender@email-threat-docker.local>, size=460, nrcpt=1 (queue active)
May 16 17:37:06 email-threat-docker postfix/smtpd[847]: disconnect from unknown[172.20.0.1] ehlo=1 mail=1 rcpt=1 data=1 quit=1 commands=5
May 16 17:37:06 email-threat-docker postfix/smtpd[793]: connect from scanner.yara_final_project_threat-net[172.20.0.3]
May 16 17:37:06 email-threat-docker postfix/smtpd[793]: 1B06E67C66: client=scanner.yara_final_project_threat-net[172.20.0.3]
May 16 17:37:06 email-threat-docker postfix/cleanup[796]: 1B06E67C66: message-id=<>
May 16 17:37:06 email-threat-docker postfix/qmgr[100]: 1B06E67C66: from=<sender@email-threat-docker.local>, size=695, nrcpt=1 (queue active)
May 16 17:37:06 email-threat-docker postfix/smtpd[793]: disconnect from scanner.yara_final_project_threat-net[172.20.0.3] ehlo=1 mail=1 rcpt=1 data=1 quit=1 commands=5
May 16 17:37:06 email-threat-docker postfix/smtp[848]: 13A32633CF: to=<recipient@email-threat-docker.local>, relay=scanner[172.20.0.3]:10025, delay=0.05, delays=0.01/0/0.01/0.03, dsn=2.0.0, status=sent (250 Message delivered)
May 16 17:37:06 email-threat-docker postfix/qmgr[100]: 13A32633CF: removed
May 16 17:37:06 email-threat-docker postfix/local[797]: 1B06E67C66: to=<recipient@email-threat-docker.local>, relay=local, delay=0.02, delays=0.01/0/0/0.01, dsn=2.0.0, status=sent (delivered to mailbox)
May 16 17:37:06 email-threat-docker postfix/qmgr[100]: 1B06E67C66: removed
May 16 17:37:07 email-threat-docker postfix/smtpd[847]: connect from unknown[172.20.0.1]
May 16 17:37:07 email-threat-docker postfix/smtpd[847]: 22129633CF: client=unknown[172.20.0.1]
May 16 17:37:07 email-threat-docker postfix/cleanup[796]: 22129633CF: message-id=<>
May 16 17:37:07 email-threat-docker postfix/qmgr[100]: 22129633CF: from=<sender@email-threat-docker.local>, size=454, nrcpt=1 (queue active)
May 16 17:37:07 email-threat-docker postfix/smtpd[847]: disconnect from unknown[172.20.0.1] ehlo=1 mail=1 rcpt=1 data=1 quit=1 commands=5
May 16 17:37:07 email-threat-docker postfix/smtpd[793]: connect from scanner.yara_final_project_threat-net[172.20.0.3]
May 16 17:37:07 email-threat-docker postfix/smtpd[793]: 2AF8967C66: client=scanner.yara_final_project_threat-net[172.20.0.3]
May 16 17:37:07 email-threat-docker postfix/cleanup[796]: 2AF8967C66: message-id=<>
May 16 17:37:07 email-threat-docker postfix/qmgr[100]: 2AF8967C66: from=<sender@email-threat-docker.local>, size=689, nrcpt=1 (queue active)
May 16 17:37:07 email-threat-docker postfix/smtpd[793]: disconnect from scanner.yara_final_project_threat-net[172.20.0.3] ehlo=1 mail=1 rcpt=1 data=1 quit=1 commands=5
May 16 17:37:07 email-threat-docker postfix/smtp[848]: 22129633CF: to=<recipient@email-threat-docker.local>, relay=scanner[172.20.0.3]:10025, delay=0.05, delays=0.02/0/0.01/0.02, dsn=2.0.0, status=sent (250 Message delivered)
May 16 17:37:07 email-threat-docker postfix/qmgr[100]: 22129633CF: removed
May 16 17:37:07 email-threat-docker postfix/local[797]: 2AF8967C66: to=<recipient@email-threat-docker.local>, relay=local, delay=0.01, delays=0.01/0/0/0.01, dsn=2.0.0, status=sent (delivered to mailbox)
May 16 17:37:07 email-threat-docker postfix/qmgr[100]: 2AF8967C66: removed
May 16 17:37:08 email-threat-docker postfix/smtpd[847]: connect from unknown[172.20.0.1]
May 16 17:37:08 email-threat-docker postfix/smtpd[847]: 3267D633CF: client=unknown[172.20.0.1]
May 16 17:37:08 email-threat-docker postfix/cleanup[796]: 3267D633CF: message-id=<>
May 16 17:37:08 email-threat-docker postfix/qmgr[100]: 3267D633CF: from=<sender@email-threat-docker.local>, size=906, nrcpt=1 (queue active)
May 16 17:37:08 email-threat-docker postfix/smtpd[847]: disconnect from unknown[172.20.0.1] ehlo=1 mail=1 rcpt=1 data=1 quit=1 commands=5
May 16 17:37:08 email-threat-docker postfix/smtpd[793]: connect from scanner.yara_final_project_threat-net[172.20.0.3]
May 16 17:37:08 email-threat-docker postfix/smtpd[793]: 38FA867C66: client=scanner.yara_final_project_threat-net[172.20.0.3]
May 16 17:37:08 email-threat-docker postfix/cleanup[796]: 38FA867C66: message-id=<>
May 16 17:37:08 email-threat-docker postfix/qmgr[100]: 38FA867C66: from=<sender@email-threat-docker.local>, size=1141, nrcpt=1 (queue active)
May 16 17:37:08 email-threat-docker postfix/smtpd[793]: disconnect from scanner.yara_final_project_threat-net[172.20.0.3] ehlo=1 mail=1 rcpt=1 data=1 quit=1 commands=5
May 16 17:37:08 email-threat-docker postfix/smtp[848]: 3267D633CF: to=<recipient@email-threat-docker.local>, relay=scanner[172.20.0.3]:10025, delay=0.04, delays=0.01/0/0.01/0.02, dsn=2.0.0, status=sent (250 Message delivered)
May 16 17:37:08 email-threat-docker postfix/qmgr[100]: 3267D633CF: removed
May 16 17:37:08 email-threat-docker postfix/local[797]: 38FA867C66: to=<recipient@email-threat-docker.local>, relay=local, delay=0.01, delays=0.01/0/0/0, dsn=2.0.0, status=sent (delivered to mailbox)
May 16 17:37:08 email-threat-docker postfix/qmgr[100]: 38FA867C66: removed
May 16 17:37:09 email-threat-docker postfix/smtpd[847]: connect from unknown[172.20.0.1]
May 16 17:37:09 email-threat-docker postfix/smtpd[847]: 3B69D633CF: client=unknown[172.20.0.1]
May 16 17:37:09 email-threat-docker postfix/cleanup[796]: 3B69D633CF: message-id=<>
May 16 17:37:09 email-threat-docker postfix/qmgr[100]: 3B69D633CF: from=<sender@email-threat-docker.local>, size=2201, nrcpt=1 (queue active)
May 16 17:37:09 email-threat-docker postfix/smtpd[847]: disconnect from unknown[172.20.0.1] ehlo=1 mail=1 rcpt=1 data=1 quit=1 commands=5
May 16 17:37:09 email-threat-docker postfix/smtpd[793]: connect from scanner.yara_final_project_threat-net[172.20.0.3]
May 16 17:37:09 email-threat-docker postfix/smtpd[793]: 4350F67C66: client=scanner.yara_final_project_threat-net[172.20.0.3]
May 16 17:37:09 email-threat-docker postfix/cleanup[796]: 4350F67C66: message-id=<>
May 16 17:37:09 email-threat-docker postfix/qmgr[100]: 4350F67C66: from=<sender@email-threat-docker.local>, size=2436, nrcpt=1 (queue active)
May 16 17:37:09 email-threat-docker postfix/smtpd[793]: disconnect from scanner.yara_final_project_threat-net[172.20.0.3] ehlo=1 mail=1 rcpt=1 data=1 quit=1 commands=5
May 16 17:37:09 email-threat-docker postfix/smtp[848]: 3B69D633CF: to=<recipient@email-threat-docker.local>, relay=scanner[172.20.0.3]:10025, delay=0.04, delays=0.01/0/0.01/0.02, dsn=2.0.0, status=sent (250 Message delivered)
May 16 17:37:09 email-threat-docker postfix/qmgr[100]: 3B69D633CF: removed
May 16 17:37:09 email-threat-docker postfix/local[797]: 4350F67C66: to=<recipient@email-threat-docker.local>, relay=local, delay=0.01, delays=0.01/0/0/0.01, dsn=2.0.0, status=sent (delivered to mailbox)
May 16 17:37:09 email-threat-docker postfix/qmgr[100]: 4350F67C66: removed
May 16 17:37:10 email-threat-docker postfix/smtpd[847]: connect from unknown[172.20.0.1]
May 16 17:37:10 email-threat-docker postfix/smtpd[847]: 31146633CF: client=unknown[172.20.0.1]
May 16 17:37:10 email-threat-docker postfix/cleanup[796]: 31146633CF: message-id=<>
May 16 17:37:10 email-threat-docker postfix/qmgr[100]: 31146633CF: from=<sender@email-threat-docker.local>, size=500, nrcpt=1 (queue active)
May 16 17:37:10 email-threat-docker postfix/smtpd[847]: disconnect from unknown[172.20.0.1] ehlo=1 mail=1 rcpt=1 data=1 quit=1 commands=5
May 16 17:37:10 email-threat-docker postfix/smtpd[793]: connect from scanner.yara_final_project_threat-net[172.20.0.3]
May 16 17:37:10 email-threat-docker postfix/smtpd[793]: 37CE167C66: client=scanner.yara_final_project_threat-net[172.20.0.3]
May 16 17:37:10 email-threat-docker postfix/cleanup[796]: 37CE167C66: message-id=<>
May 16 17:37:10 email-threat-docker postfix/qmgr[100]: 37CE167C66: from=<sender@email-threat-docker.local>, size=735, nrcpt=1 (queue active)
May 16 17:37:10 email-threat-docker postfix/smtpd[793]: disconnect from scanner.yara_final_project_threat-net[172.20.0.3] ehlo=1 mail=1 rcpt=1 data=1 quit=1 commands=5
May 16 17:37:10 email-threat-docker postfix/smtp[848]: 31146633CF: to=<recipient@email-threat-docker.local>, relay=scanner[172.20.0.3]:10025, delay=0.04, delays=0.01/0/0.01/0.02, dsn=2.0.0, status=sent (250 Message delivered)
May 16 17:37:10 email-threat-docker postfix/qmgr[100]: 31146633CF: removed
May 16 17:37:10 email-threat-docker postfix/local[797]: 37CE167C66: to=<recipient@email-threat-docker.local>, relay=local, delay=0.01, delays=0.01/0/0/0.01, dsn=2.0.0, status=sent (delivered to mailbox)
May 16 17:37:10 email-threat-docker postfix/qmgr[100]: 37CE167C66: removed
May 16 17:37:11 email-threat-docker postfix/smtpd[847]: connect from unknown[172.20.0.1]
May 16 17:37:11 email-threat-docker postfix/smtpd[847]: 34690633CF: client=unknown[172.20.0.1]
May 16 17:37:11 email-threat-docker postfix/cleanup[796]: 34690633CF: message-id=<>
May 16 17:37:11 email-threat-docker postfix/qmgr[100]: 34690633CF: from=<sender@email-threat-docker.local>, size=486, nrcpt=1 (queue active)
May 16 17:37:11 email-threat-docker postfix/smtpd[847]: disconnect from unknown[172.20.0.1] ehlo=1 mail=1 rcpt=1 data=1 quit=1 commands=5
May 16 17:37:11 email-threat-docker postfix/smtpd[793]: connect from scanner.yara_final_project_threat-net[172.20.0.3]
May 16 17:37:11 email-threat-docker postfix/smtpd[793]: 3BFB767C66: client=scanner.yara_final_project_threat-net[172.20.0.3]
May 16 17:37:11 email-threat-docker postfix/cleanup[796]: 3BFB767C66: message-id=<>
May 16 17:37:11 email-threat-docker postfix/qmgr[100]: 3BFB767C66: from=<sender@email-threat-docker.local>, size=721, nrcpt=1 (queue active)
May 16 17:37:11 email-threat-docker postfix/smtpd[793]: disconnect from scanner.yara_final_project_threat-net[172.20.0.3] ehlo=1 mail=1 rcpt=1 data=1 quit=1 commands=5
May 16 17:37:11 email-threat-docker postfix/smtp[848]: 34690633CF: to=<recipient@email-threat-docker.local>, relay=scanner[172.20.0.3]:10025, delay=0.04, delays=0.01/0/0.01/0.02, dsn=2.0.0, status=sent (250 Message delivered)
May 16 17:37:11 email-threat-docker postfix/qmgr[100]: 34690633CF: removed
May 16 17:37:11 email-threat-docker postfix/local[797]: 3BFB767C66: to=<recipient@email-threat-docker.local>, relay=local, delay=0.01, delays=0.01/0/0/0.01, dsn=2.0.0, status=sent (delivered to mailbox)
May 16 17:37:11 email-threat-docker postfix/qmgr[100]: 3BFB767C66: removed
May 16 17:37:12 email-threat-docker postfix/smtpd[847]: connect from unknown[172.20.0.1]
May 16 17:37:12 email-threat-docker postfix/smtpd[847]: 3C6C067C62: client=unknown[172.20.0.1]
May 16 17:37:12 email-threat-docker postfix/cleanup[796]: 3C6C067C62: message-id=<>
May 16 17:37:12 email-threat-docker postfix/qmgr[100]: 3C6C067C62: from=<sender@email-threat-docker.local>, size=2194, nrcpt=1 (queue active)
May 16 17:37:12 email-threat-docker postfix/smtpd[847]: disconnect from unknown[172.20.0.1] ehlo=1 mail=1 rcpt=1 data=1 quit=1 commands=5
May 16 17:37:12 email-threat-docker postfix/smtpd[793]: connect from scanner.yara_final_project_threat-net[172.20.0.3]
May 16 17:37:12 email-threat-docker postfix/smtpd[793]: 4472E67C66: client=scanner.yara_final_project_threat-net[172.20.0.3]
May 16 17:37:12 email-threat-docker postfix/cleanup[796]: 4472E67C66: message-id=<>
May 16 17:37:12 email-threat-docker postfix/qmgr[100]: 4472E67C66: from=<sender@email-threat-docker.local>, size=2429, nrcpt=1 (queue active)
May 16 17:37:12 email-threat-docker postfix/smtpd[793]: disconnect from scanner.yara_final_project_threat-net[172.20.0.3] ehlo=1 mail=1 rcpt=1 data=1 quit=1 commands=5
May 16 17:37:12 email-threat-docker postfix/smtp[848]: 3C6C067C62: to=<recipient@email-threat-docker.local>, relay=scanner[172.20.0.3]:10025, delay=0.04, delays=0.01/0/0.01/0.02, dsn=2.0.0, status=sent (250 Message delivered)
May 16 17:37:12 email-threat-docker postfix/qmgr[100]: 3C6C067C62: removed
May 16 17:37:12 email-threat-docker postfix/local[797]: 4472E67C66: to=<recipient@email-threat-docker.local>, relay=local, delay=0.01, delays=0.01/0/0/0.01, dsn=2.0.0, status=sent (delivered to mailbox)
May 16 17:37:12 email-threat-docker postfix/qmgr[100]: 4472E67C66: removed
May 16 17:37:13 email-threat-docker postfix/smtpd[847]: connect from unknown[172.20.0.1]
May 16 17:37:13 email-threat-docker postfix/smtpd[847]: 46B5467C62: client=unknown[172.20.0.1]
May 16 17:37:13 email-threat-docker postfix/cleanup[796]: 46B5467C62: message-id=<>
May 16 17:37:13 email-threat-docker postfix/qmgr[100]: 46B5467C62: from=<sender@email-threat-docker.local>, size=478, nrcpt=1 (queue active)
May 16 17:37:13 email-threat-docker postfix/smtpd[847]: disconnect from unknown[172.20.0.1] ehlo=1 mail=1 rcpt=1 data=1 quit=1 commands=5
May 16 17:37:13 email-threat-docker postfix/smtpd[793]: connect from scanner.yara_final_project_threat-net[172.20.0.3]
May 16 17:37:13 email-threat-docker postfix/smtpd[793]: 4D05E67C66: client=scanner.yara_final_project_threat-net[172.20.0.3]
May 16 17:37:13 email-threat-docker postfix/cleanup[796]: 4D05E67C66: message-id=<>
May 16 17:37:13 email-threat-docker postfix/qmgr[100]: 4D05E67C66: from=<sender@email-threat-docker.local>, size=713, nrcpt=1 (queue active)
May 16 17:37:13 email-threat-docker postfix/smtpd[793]: disconnect from scanner.yara_final_project_threat-net[172.20.0.3] ehlo=1 mail=1 rcpt=1 data=1 quit=1 commands=5
May 16 17:37:13 email-threat-docker postfix/smtp[848]: 46B5467C62: to=<recipient@email-threat-docker.local>, relay=scanner[172.20.0.3]:10025, delay=0.03, delays=0.01/0/0.01/0.02, dsn=2.0.0, status=sent (250 Message delivered)
May 16 17:37:13 email-threat-docker postfix/qmgr[100]: 46B5467C62: removed
May 16 17:37:13 email-threat-docker postfix/local[797]: 4D05E67C66: to=<recipient@email-threat-docker.local>, relay=local, delay=0.01, delays=0.01/0/0/0, dsn=2.0.0, status=sent (delivered to mailbox)
May 16 17:37:13 email-threat-docker postfix/qmgr[100]: 4D05E67C66: removed
May 16 17:37:14 email-threat-docker postfix/smtpd[847]: connect from unknown[172.20.0.1]
May 16 17:37:14 email-threat-docker postfix/smtpd[847]: 4BB1D67C62: client=unknown[172.20.0.1]
May 16 17:37:14 email-threat-docker postfix/cleanup[796]: 4BB1D67C62: message-id=<>
May 16 17:37:14 email-threat-docker postfix/qmgr[100]: 4BB1D67C62: from=<sender@email-threat-docker.local>, size=474, nrcpt=1 (queue active)
May 16 17:37:14 email-threat-docker postfix/smtpd[847]: disconnect from unknown[172.20.0.1] ehlo=1 mail=1 rcpt=1 data=1 quit=1 commands=5
May 16 17:37:14 email-threat-docker postfix/smtpd[793]: connect from scanner.yara_final_project_threat-net[172.20.0.3]
May 16 17:37:14 email-threat-docker postfix/smtpd[793]: 5363F67C66: client=scanner.yara_final_project_threat-net[172.20.0.3]
May 16 17:37:14 email-threat-docker postfix/cleanup[796]: 5363F67C66: message-id=<>
May 16 17:37:14 email-threat-docker postfix/qmgr[100]: 5363F67C66: from=<sender@email-threat-docker.local>, size=709, nrcpt=1 (queue active)
May 16 17:37:14 email-threat-docker postfix/smtpd[793]: disconnect from scanner.yara_final_project_threat-net[172.20.0.3] ehlo=1 mail=1 rcpt=1 data=1 quit=1 commands=5
May 16 17:37:14 email-threat-docker postfix/smtp[848]: 4BB1D67C62: to=<recipient@email-threat-docker.local>, relay=scanner[172.20.0.3]:10025, delay=0.04, delays=0.01/0/0.01/0.02, dsn=2.0.0, status=sent (250 Message delivered)
May 16 17:37:14 email-threat-docker postfix/qmgr[100]: 4BB1D67C62: removed
May 16 17:37:14 email-threat-docker postfix/local[797]: 5363F67C66: to=<recipient@email-threat-docker.local>, relay=local, delay=0.01, delays=0.01/0/0/0.01, dsn=2.0.0, status=sent (delivered to mailbox)
May 16 17:37:14 email-threat-docker postfix/qmgr[100]: 5363F67C66: removed
May 16 17:37:15 email-threat-docker postfix/smtpd[847]: connect from unknown[172.20.0.1]
May 16 17:37:15 email-threat-docker postfix/smtpd[847]: 52DD767C62: client=unknown[172.20.0.1]
May 16 17:37:15 email-threat-docker postfix/cleanup[796]: 52DD767C62: message-id=<>
May 16 17:37:15 email-threat-docker postfix/qmgr[100]: 52DD767C62: from=<sender@email-threat-docker.local>, size=1485, nrcpt=1 (queue active)
May 16 17:37:15 email-threat-docker postfix/smtpd[847]: disconnect from unknown[172.20.0.1] ehlo=1 mail=1 rcpt=1 data=1 quit=1 commands=5
May 16 17:37:15 email-threat-docker postfix/smtpd[793]: connect from scanner.yara_final_project_threat-net[172.20.0.3]
May 16 17:37:15 email-threat-docker postfix/smtpd[793]: 5BE4467C66: client=scanner.yara_final_project_threat-net[172.20.0.3]
May 16 17:37:15 email-threat-docker postfix/cleanup[796]: 5BE4467C66: message-id=<>
May 16 17:37:15 email-threat-docker postfix/qmgr[100]: 5BE4467C66: from=<sender@email-threat-docker.local>, size=1720, nrcpt=1 (queue active)
May 16 17:37:15 email-threat-docker postfix/smtpd[793]: disconnect from scanner.yara_final_project_threat-net[172.20.0.3] ehlo=1 mail=1 rcpt=1 data=1 quit=1 commands=5
May 16 17:37:15 email-threat-docker postfix/smtp[848]: 52DD767C62: to=<recipient@email-threat-docker.local>, relay=scanner[172.20.0.3]:10025, delay=0.05, delays=0.01/0/0.01/0.03, dsn=2.0.0, status=sent (250 Message delivered)
May 16 17:37:15 email-threat-docker postfix/qmgr[100]: 52DD767C62: removed
May 16 17:37:15 email-threat-docker postfix/local[797]: 5BE4467C66: to=<recipient@email-threat-docker.local>, relay=local, delay=0.02, delays=0.01/0/0/0.01, dsn=2.0.0, status=sent (delivered to mailbox)
May 16 17:37:15 email-threat-docker postfix/qmgr[100]: 5BE4467C66: removed
May 16 17:37:16 email-threat-docker postfix/smtpd[847]: connect from unknown[172.20.0.1]
May 16 17:37:16 email-threat-docker postfix/smtpd[847]: 5A5F667C62: client=unknown[172.20.0.1]
May 16 17:37:16 email-threat-docker postfix/cleanup[796]: 5A5F667C62: message-id=<>
May 16 17:37:16 email-threat-docker postfix/qmgr[100]: 5A5F667C62: from=<sender@email-threat-docker.local>, size=2189, nrcpt=1 (queue active)
May 16 17:37:16 email-threat-docker postfix/smtpd[847]: disconnect from unknown[172.20.0.1] ehlo=1 mail=1 rcpt=1 data=1 quit=1 commands=5
May 16 17:37:16 email-threat-docker postfix/smtpd[793]: connect from scanner.yara_final_project_threat-net[172.20.0.3]
May 16 17:37:16 email-threat-docker postfix/smtpd[793]: 60AD067C66: client=scanner.yara_final_project_threat-net[172.20.0.3]
May 16 17:37:16 email-threat-docker postfix/cleanup[796]: 60AD067C66: message-id=<>
May 16 17:37:16 email-threat-docker postfix/qmgr[100]: 60AD067C66: from=<sender@email-threat-docker.local>, size=2424, nrcpt=1 (queue active)
May 16 17:37:16 email-threat-docker postfix/smtpd[793]: disconnect from scanner.yara_final_project_threat-net[172.20.0.3] ehlo=1 mail=1 rcpt=1 data=1 quit=1 commands=5
May 16 17:37:16 email-threat-docker postfix/smtp[848]: 5A5F667C62: to=<recipient@email-threat-docker.local>, relay=scanner[172.20.0.3]:10025, delay=0.04, delays=0.01/0/0.01/0.02, dsn=2.0.0, status=sent (250 Message delivered)
May 16 17:37:16 email-threat-docker postfix/qmgr[100]: 5A5F667C62: removed
May 16 17:37:16 email-threat-docker postfix/local[797]: 60AD067C66: to=<recipient@email-threat-docker.local>, relay=local, delay=0.01, delays=0.01/0/0/0.01, dsn=2.0.0, status=sent (delivered to mailbox)
May 16 17:37:16 email-threat-docker postfix/qmgr[100]: 60AD067C66: removed
May 16 17:37:17 email-threat-docker postfix/smtpd[847]: connect from unknown[172.20.0.1]
May 16 17:37:17 email-threat-docker postfix/smtpd[847]: 6858667C62: client=unknown[172.20.0.1]
May 16 17:37:17 email-threat-docker postfix/cleanup[796]: 6858667C62: message-id=<>
