May 16 16:55:22 email-threat-docker postfix/smtpd[663]: disconnect from scanner.yara_final_project_threat-net[172.20.0.2] ehlo=1 mail=1 rcpt=1 data=1 quit=1 commands=5
May 16 16:55:22 email-threat-docker postfix/smtp[662]: BA29F654C8: to=<recipient@email-threat-docker.local>, relay=scanner[172.20.0.2]:10025, delay=0.04, delays=0.01/0/0.01/0.02, dsn=2.0.0, status=sent (250 Message delivered)
May 16 16:55:22 email-threat-docker postfix/qmgr[100]: BA29F654C8: removed
May 16 16:55:22 email-threat-docker postfix/local[664]: C0C9E65504: to=<recipient@email-threat-docker.local>, relay=local, delay=0.01, delays=0.01/0/0/0, dsn=2.0.0, status=sent (delivered to mailbox)
May 16 16:55:22 email-threat-docker postfix/qmgr[100]: C0C9E65504: removed
May 16 16:55:24 email-threat-docker postfix/smtpd[657]: BE10A654C8: client=unknown[172.20.0.1]
May 16 16:55:24 email-threat-docker postfix/cleanup[661]: BE10A654C8: message-id=<>
May 16 16:55:24 email-threat-docker postfix/qmgr[100]: BE10A654C8: from=<admin@company.com>, size=572, nrcpt=1 (queue active)
May 16 16:55:24 email-threat-docker postfix/smtpd[663]: connect from scanner.yara_final_project_threat-net[172.20.0.2]
May 16 16:55:24 email-threat-docker postfix/smtpd[663]: C67B865504: client=scanner.yara_final_project_threat-net[172.20.0.2]
May 16 16:55:24 email-threat-docker postfix/cleanup[661]: C67B865504: message-id=<>
May 16 16:55:24 email-threat-docker postfix/qmgr[100]: C67B865504: from=<admin@company.com>, size=807, nrcpt=1 (queue active)
May 16 16:55:24 email-threat-docker postfix/smtpd[663]: disconnect from scanner.yara_final_project_threat-net[172.20.0.2] ehlo=1 mail=1 rcpt=1 data=1 quit=1 commands=5
May 16 16:55:24 email-threat-docker postfix/smtp[662]: BE10A654C8: to=<recipient@email-threat-docker.local>, relay=scanner[172.20.0.2]:10025, delay=0.04, delays=0.01/0/0.01/0.03, dsn=2.0.0, status=sent (250 Message delivered)
May 16 16:55:24 email-threat-docker postfix/qmgr[100]: BE10A654C8: removed
May 16 16:55:24 email-threat-docker postfix/local[664]: C67B865504: to=<recipient@email-threat-docker.local>, relay=local, delay=0.01, delays=0.01/0/0/0.01, dsn=2.0.0, status=sent (delivered to mailbox)
May 16 16:55:24 email-threat-docker postfix/qmgr[100]: C67B865504: removed
May 16 16:55:26 email-threat-docker postfix/smtpd[657]: C2A8C654C8: client=unknown[172.20.0.1]
May 16 16:55:26 email-threat-docker postfix/cleanup[661]: C2A8C654C8: message-id=<>
May 16 16:55:26 email-threat-docker postfix/qmgr[100]: C2A8C654C8: from=<notifications@company.com>, size=486, nrcpt=1 (queue active)
May 16 16:55:26 email-threat-docker postfix/smtpd[663]: connect from scanner.yara_final_project_threat-net[172.20.0.2]
May 16 16:55:26 email-threat-docker postfix/smtpd[663]: C91ED65504: client=scanner.yara_final_project_threat-net[172.20.0.2]
May 16 16:55:26 email-threat-docker postfix/cleanup[661]: C91ED65504: message-id=<>
May 16 16:55:26 email-threat-docker postfix/qmgr[100]: C91ED65504: from=<notifications@company.com>, size=721, nrcpt=1 (queue active)
May 16 16:55:26 email-threat-docker postfix/smtpd[663]: disconnect from scanner.yara_final_project_threat-net[172.20.0.2] ehlo=1 mail=1 rcpt=1 data=1 quit=1 commands=5
May 16 16:55:26 email-threat-docker postfix/smtp[662]: C2A8C654C8: to=<recipient@email-threat-docker.local>, relay=scanner[172.20.0.2]:10025, delay=0.04, delays=0.01/0/0.01/0.02, dsn=2.0.0, status=sent (250 Message delivered)
May 16 16:55:26 email-threat-docker postfix/qmgr[100]: C2A8C654C8: removed
May 16 16:55:26 email-threat-docker postfix/local[664]: C91ED65504: to=<recipient@email-threat-docker.local>, relay=local, delay=0.01, delays=0.01/0/0/0.01, dsn=2.0.0, status=sent (delivered to mailbox)
May 16 16:55:26 email-threat-docker postfix/qmgr[100]: C91ED65504: removed
May 16 16:55:28 email-threat-docker postfix/smtpd[657]: C7A4765502: client=unknown[172.20.0.1]
May 16 16:55:28 email-threat-docker postfix/cleanup[661]: C7A4765502: message-id=<>
May 16 16:55:28 email-threat-docker postfix/qmgr[100]: C7A4765502: from=<support@service.com>, size=520, nrcpt=1 (queue active)
May 16 16:55:28 email-threat-docker postfix/smtpd[663]: connect from scanner.yara_final_project_threat-net[172.20.0.2]
May 16 16:55:28 email-threat-docker postfix/smtpd[663]: CE0BF65504: client=scanner.yara_final_project_threat-net[172.20.0.2]
May 16 16:55:28 email-threat-docker postfix/cleanup[661]: CE0BF65504: message-id=<>
May 16 16:55:28 email-threat-docker postfix/qmgr[100]: CE0BF65504: from=<support@service.com>, size=755, nrcpt=1 (queue active)
May 16 16:55:28 email-threat-docker postfix/smtpd[663]: disconnect from scanner.yara_final_project_threat-net[172.20.0.2] ehlo=1 mail=1 rcpt=1 data=1 quit=1 commands=5
May 16 16:55:28 email-threat-docker postfix/smtp[662]: C7A4765502: to=<recipient@email-threat-docker.local>, relay=scanner[172.20.0.2]:10025, delay=0.04, delays=0.01/0/0.01/0.02, dsn=2.0.0, status=sent (250 Message delivered)
May 16 16:55:28 email-threat-docker postfix/qmgr[100]: C7A4765502: removed
May 16 16:55:28 email-threat-docker postfix/local[664]: CE0BF65504: to=<recipient@email-threat-docker.local>, relay=local, delay=0.01, delays=0.01/0/0/0.01, dsn=2.0.0, status=sent (delivered to mailbox)
May 16 16:55:28 email-threat-docker postfix/qmgr[100]: CE0BF65504: removed
May 16 16:55:30 email-threat-docker postfix/smtpd[657]: CD63B65502: client=unknown[172.20.0.1]
May 16 16:55:30 email-threat-docker postfix/cleanup[661]: CD63B65502: message-id=<>
May 16 16:55:30 email-threat-docker postfix/qmgr[100]: CD63B65502: from=<support@service.com>, size=564, nrcpt=1 (queue active)
May 16 16:55:30 email-threat-docker postfix/smtpd[663]: connect from scanner.yara_final_project_threat-net[172.20.0.2]
May 16 16:55:30 email-threat-docker postfix/smtpd[663]: D534D65504: client=scanner.yara_final_project_threat-net[172.20.0.2]
May 16 16:55:30 email-threat-docker postfix/cleanup[661]: D534D65504: message-id=<>
May 16 16:55:30 email-threat-docker postfix/qmgr[100]: D534D65504: from=<support@service.com>, size=799, nrcpt=1 (queue active)
May 16 16:55:30 email-threat-docker postfix/smtpd[663]: disconnect from scanner.yara_final_project_threat-net[172.20.0.2] ehlo=1 mail=1 rcpt=1 data=1 quit=1 commands=5
May 16 16:55:30 email-threat-docker postfix/smtp[662]: CD63B65502: to=<recipient@email-threat-docker.local>, relay=scanner[172.20.0.2]:10025, delay=0.05, delays=0.01/0/0.01/0.03, dsn=2.0.0, status=sent (250 Message delivered)
May 16 16:55:30 email-threat-docker postfix/qmgr[100]: CD63B65502: removed
May 16 16:55:30 email-threat-docker postfix/local[664]: D534D65504: to=<recipient@email-threat-docker.local>, relay=local, delay=0.02, delays=0.01/0/0/0.01, dsn=2.0.0, status=sent (delivered to mailbox)
May 16 16:55:30 email-threat-docker postfix/qmgr[100]: D534D65504: removed
May 16 16:55:32 email-threat-docker postfix/smtpd[657]: D414E6546A: client=unknown[172.20.0.1]
May 16 16:55:32 email-threat-docker postfix/cleanup[661]: D414E6546A: message-id=<>
May 16 16:55:32 email-threat-docker postfix/qmgr[100]: D414E6546A: from=<hr@company.com>, size=486, nrcpt=1 (queue active)
May 16 16:55:32 email-threat-docker postfix/smtpd[663]: connect from scanner.yara_final_project_threat-net[172.20.0.2]
May 16 16:55:32 email-threat-docker postfix/smtpd[663]: DBA2A65504: client=scanner.yara_final_project_threat-net[172.20.0.2]
May 16 16:55:32 email-threat-docker postfix/cleanup[661]: DBA2A65504: message-id=<>
May 16 16:55:32 email-threat-docker postfix/qmgr[100]: DBA2A65504: from=<hr@company.com>, size=721, nrcpt=1 (queue active)
May 16 16:55:32 email-threat-docker postfix/smtpd[663]: disconnect from scanner.yara_final_project_threat-net[172.20.0.2] ehlo=1 mail=1 rcpt=1 data=1 quit=1 commands=5
May 16 16:55:32 email-threat-docker postfix/smtp[662]: D414E6546A: to=<recipient@email-threat-docker.local>, relay=scanner[172.20.0.2]:10025, delay=0.04, delays=0.01/0/0.01/0.02, dsn=2.0.0, status=sent (250 Message delivered)
May 16 16:55:32 email-threat-docker postfix/qmgr[100]: D414E6546A: removed
May 16 16:55:32 email-threat-docker postfix/local[664]: DBA2A65504: to=<recipient@email-threat-docker.local>, relay=local, delay=0.01, delays=0.01/0/0/0, dsn=2.0.0, status=sent (delivered to mailbox)
May 16 16:55:32 email-threat-docker postfix/qmgr[100]: DBA2A65504: removed
May 16 16:55:34 email-threat-docker postfix/smtpd[657]: DAED8654B0: client=unknown[172.20.0.1]
May 16 16:55:34 email-threat-docker postfix/cleanup[661]: DAED8654B0: message-id=<>
May 16 16:55:34 email-threat-docker postfix/qmgr[100]: DAED8654B0: from=<updates@deals.com>, size=464, nrcpt=1 (queue active)
May 16 16:55:34 email-threat-docker postfix/smtpd[663]: connect from scanner.yara_final_project_threat-net[172.20.0.2]
May 16 16:55:34 email-threat-docker postfix/smtpd[663]: E2DD865502: client=scanner.yara_final_project_threat-net[172.20.0.2]
May 16 16:55:34 email-threat-docker postfix/cleanup[661]: E2DD865502: message-id=<>
May 16 16:55:34 email-threat-docker postfix/qmgr[100]: E2DD865502: from=<updates@deals.com>, size=699, nrcpt=1 (queue active)
May 16 16:55:34 email-threat-docker postfix/smtpd[663]: disconnect from scanner.yara_final_project_threat-net[172.20.0.2] ehlo=1 mail=1 rcpt=1 data=1 quit=1 commands=5
May 16 16:55:34 email-threat-docker postfix/smtp[662]: DAED8654B0: to=<recipient@email-threat-docker.local>, relay=scanner[172.20.0.2]:10025, delay=0.04, delays=0.01/0/0.01/0.02, dsn=2.0.0, status=sent (250 Message delivered)
May 16 16:55:34 email-threat-docker postfix/qmgr[100]: DAED8654B0: removed
May 16 16:55:34 email-threat-docker postfix/local[664]: E2DD865502: to=<recipient@email-threat-docker.local>, relay=local, delay=0.01, delays=0.01/0/0/0.01, dsn=2.0.0, status=sent (delivered to mailbox)
May 16 16:55:34 email-threat-docker postfix/qmgr[100]: E2DD865502: removed
May 16 16:55:36 email-threat-docker postfix/smtpd[657]: E1D34654B0: client=unknown[172.20.0.1]
May 16 16:55:36 email-threat-docker postfix/cleanup[661]: E1D34654B0: message-id=<>
May 16 16:55:36 email-threat-docker postfix/qmgr[100]: E1D34654B0: from=<support@apple.com>, size=563, nrcpt=1 (queue active)
May 16 16:55:36 email-threat-docker postfix/smtpd[663]: connect from scanner.yara_final_project_threat-net[172.20.0.2]
May 16 16:55:36 email-threat-docker postfix/smtpd[663]: E8BCC65502: client=scanner.yara_final_project_threat-net[172.20.0.2]
May 16 16:55:36 email-threat-docker postfix/cleanup[661]: E8BCC65502: message-id=<>
May 16 16:55:36 email-threat-docker postfix/qmgr[100]: E8BCC65502: from=<support@apple.com>, size=798, nrcpt=1 (queue active)
May 16 16:55:36 email-threat-docker postfix/smtpd[663]: disconnect from scanner.yara_final_project_threat-net[172.20.0.2] ehlo=1 mail=1 rcpt=1 data=1 quit=1 commands=5
May 16 16:55:36 email-threat-docker postfix/smtp[662]: E1D34654B0: to=<recipient@email-threat-docker.local>, relay=scanner[172.20.0.2]:10025, delay=0.04, delays=0.01/0/0.01/0.02, dsn=2.0.0, status=sent (250 Message delivered)
May 16 16:55:36 email-threat-docker postfix/qmgr[100]: E1D34654B0: removed
May 16 16:55:36 email-threat-docker postfix/local[664]: E8BCC65502: to=<recipient@email-threat-docker.local>, relay=local, delay=0.01, delays=0.01/0/0/0.01, dsn=2.0.0, status=sent (delivered to mailbox)
May 16 16:55:36 email-threat-docker postfix/qmgr[100]: E8BCC65502: removed
May 16 16:55:38 email-threat-docker postfix/smtpd[657]: E8748654C8: client=unknown[172.20.0.1]
May 16 16:55:38 email-threat-docker postfix/cleanup[661]: E8748654C8: message-id=<>
May 16 16:55:38 email-threat-docker postfix/qmgr[100]: E8748654C8: from=<support@bank.com>, size=528, nrcpt=1 (queue active)
May 16 16:55:38 email-threat-docker postfix/smtpd[663]: connect from scanner.yara_final_project_threat-net[172.20.0.2]
May 16 16:55:38 email-threat-docker postfix/smtpd[663]: EFB7765502: client=scanner.yara_final_project_threat-net[172.20.0.2]
May 16 16:55:38 email-threat-docker postfix/cleanup[661]: EFB7765502: message-id=<>
May 16 16:55:38 email-threat-docker postfix/qmgr[100]: EFB7765502: from=<support@bank.com>, size=763, nrcpt=1 (queue active)
May 16 16:55:38 email-threat-docker postfix/smtpd[663]: disconnect from scanner.yara_final_project_threat-net[172.20.0.2] ehlo=1 mail=1 rcpt=1 data=1 quit=1 commands=5
May 16 16:55:38 email-threat-docker postfix/smtp[662]: E8748654C8: to=<recipient@email-threat-docker.local>, relay=scanner[172.20.0.2]:10025, delay=0.04, delays=0.01/0/0.01/0.02, dsn=2.0.0, status=sent (250 Message delivered)
May 16 16:55:38 email-threat-docker postfix/qmgr[100]: E8748654C8: removed
May 16 16:55:38 email-threat-docker postfix/local[664]: EFB7765502: to=<recipient@email-threat-docker.local>, relay=local, delay=0.01, delays=0.01/0/0/0, dsn=2.0.0, status=sent (delivered to mailbox)
May 16 16:55:38 email-threat-docker postfix/qmgr[100]: EFB7765502: removed
May 16 16:55:40 email-threat-docker postfix/smtpd[657]: EF108654C8: client=unknown[172.20.0.1]
May 16 16:55:40 email-threat-docker postfix/cleanup[661]: EF108654C8: message-id=<>
May 16 16:55:40 email-threat-docker postfix/qmgr[100]: EF108654C8: from=<hr@company.com>, size=519, nrcpt=1 (queue active)
May 16 16:55:40 email-threat-docker postfix/smtpd[663]: connect from scanner.yara_final_project_threat-net[172.20.0.2]
May 16 16:55:40 email-threat-docker postfix/smtpd[663]: 0143565502: client=scanner.yara_final_project_threat-net[172.20.0.2]
May 16 16:55:40 email-threat-docker postfix/cleanup[661]: 0143565502: message-id=<>
May 16 16:55:40 email-threat-docker postfix/qmgr[100]: 0143565502: from=<hr@company.com>, size=754, nrcpt=1 (queue active)
May 16 16:55:40 email-threat-docker postfix/smtpd[663]: disconnect from scanner.yara_final_project_threat-net[172.20.0.2] ehlo=1 mail=1 rcpt=1 data=1 quit=1 commands=5
May 16 16:55:40 email-threat-docker postfix/smtp[662]: EF108654C8: to=<recipient@email-threat-docker.local>, relay=scanner[172.20.0.2]:10025, delay=0.04, delays=0.01/0/0.01/0.02, dsn=2.0.0, status=sent (250 Message delivered)
May 16 16:55:40 email-threat-docker postfix/qmgr[100]: EF108654C8: removed
May 16 16:55:40 email-threat-docker postfix/local[664]: 0143565502: to=<recipient@email-threat-docker.local>, relay=local, delay=0.01, delays=0.01/0/0/0, dsn=2.0.0, status=sent (delivered to mailbox)
May 16 16:55:40 email-threat-docker postfix/qmgr[100]: 0143565502: removed
May 16 16:55:42 email-threat-docker postfix/smtpd[657]: 01B5B654C8: client=unknown[172.20.0.1]
May 16 16:55:43 email-threat-docker postfix/cleanup[661]: 01B5B654C8: message-id=<>
May 16 16:55:43 email-threat-docker postfix/qmgr[100]: 01B5B654C8: from=<support@onlineservice.com>, size=545, nrcpt=1 (queue active)
May 16 16:55:43 email-threat-docker postfix/smtpd[663]: connect from scanner.yara_final_project_threat-net[172.20.0.2]
May 16 16:55:43 email-threat-docker postfix/smtpd[663]: 0822865502: client=scanner.yara_final_project_threat-net[172.20.0.2]
May 16 16:55:43 email-threat-docker postfix/cleanup[661]: 0822865502: message-id=<>
May 16 16:55:43 email-threat-docker postfix/qmgr[100]: 0822865502: from=<support@onlineservice.com>, size=780, nrcpt=1 (queue active)
May 16 16:55:43 email-threat-docker postfix/smtpd[663]: disconnect from scanner.yara_final_project_threat-net[172.20.0.2] ehlo=1 mail=1 rcpt=1 data=1 quit=1 commands=5
May 16 16:55:43 email-threat-docker postfix/smtp[662]: 01B5B654C8: to=<recipient@email-threat-docker.local>, relay=scanner[172.20.0.2]:10025, delay=0.04, delays=0.01/0/0.01/0.02, dsn=2.0.0, status=sent (250 Message delivered)
May 16 16:55:43 email-threat-docker postfix/qmgr[100]: 01B5B654C8: removed
May 16 16:55:43 email-threat-docker postfix/local[664]: 0822865502: to=<recipient@email-threat-docker.local>, relay=local, delay=0.01, delays=0.01/0/0/0.01, dsn=2.0.0, status=sent (delivered to mailbox)
May 16 16:55:43 email-threat-docker postfix/qmgr[100]: 0822865502: removed
May 16 16:55:44 email-threat-docker postfix/smtpd[657]: EF038654C8: client=unknown[172.20.0.1]
May 16 16:55:44 email-threat-docker postfix/cleanup[661]: EF038654C8: message-id=<>
May 16 16:55:44 email-threat-docker postfix/qmgr[100]: EF038654C8: from=<security@bigcorp.com>, size=515, nrcpt=1 (queue active)
May 16 16:55:44 email-threat-docker postfix/smtpd[663]: connect from scanner.yara_final_project_threat-net[172.20.0.2]
May 16 16:55:44 email-threat-docker postfix/smtpd[663]: 015B665502: client=scanner.yara_final_project_threat-net[172.20.0.2]
May 16 16:55:44 email-threat-docker postfix/cleanup[661]: 015B665502: message-id=<>
May 16 16:55:44 email-threat-docker postfix/qmgr[100]: 015B665502: from=<security@bigcorp.com>, size=750, nrcpt=1 (queue active)
May 16 16:55:45 email-threat-docker postfix/smtpd[663]: disconnect from scanner.yara_final_project_threat-net[172.20.0.2] ehlo=1 mail=1 rcpt=1 data=1 quit=1 commands=5
May 16 16:55:45 email-threat-docker postfix/smtp[662]: EF038654C8: to=<recipient@email-threat-docker.local>, relay=scanner[172.20.0.2]:10025, delay=0.04, delays=0.01/0/0.01/0.02, dsn=2.0.0, status=sent (250 Message delivered)
May 16 16:55:45 email-threat-docker postfix/qmgr[100]: EF038654C8: removed
May 16 16:55:45 email-threat-docker postfix/local[664]: 015B665502: to=<recipient@email-threat-docker.local>, relay=local, delay=0.01, delays=0.01/0/0/0.01, dsn=2.0.0, status=sent (delivered to mailbox)
May 16 16:55:45 email-threat-docker postfix/qmgr[100]: 015B665502: removed
May 16 16:55:46 email-threat-docker postfix/smtpd[657]: EDC3E654C8: client=unknown[172.20.0.1]
May 16 16:55:46 email-threat-docker postfix/cleanup[661]: EDC3E654C8: message-id=<>
May 16 16:55:46 email-threat-docker postfix/qmgr[100]: EDC3E654C8: from=<rewards@shopping.com>, size=523, nrcpt=1 (queue active)
May 16 16:55:46 email-threat-docker postfix/smtpd[663]: connect from scanner.yara_final_project_threat-net[172.20.0.2]
May 16 16:55:46 email-threat-docker postfix/smtpd[663]: 00D1C65502: client=scanner.yara_final_project_threat-net[172.20.0.2]
May 16 16:55:46 email-threat-docker postfix/cleanup[661]: 00D1C65502: message-id=<>
May 16 16:55:46 email-threat-docker postfix/qmgr[100]: 00D1C65502: from=<rewards@shopping.com>, size=758, nrcpt=1 (queue active)
May 16 16:55:46 email-threat-docker postfix/smtpd[663]: disconnect from scanner.yara_final_project_threat-net[172.20.0.2] ehlo=1 mail=1 rcpt=1 data=1 quit=1 commands=5
May 16 16:55:47 email-threat-docker postfix/smtp[662]: EDC3E654C8: to=<recipient@email-threat-docker.local>, relay=scanner[172.20.0.2]:10025, delay=0.04, delays=0.01/0/0.01/0.02, dsn=2.0.0, status=sent (250 Message delivered)
May 16 16:55:47 email-threat-docker postfix/qmgr[100]: EDC3E654C8: removed
May 16 16:55:47 email-threat-docker postfix/local[664]: 00D1C65502: to=<recipient@email-threat-docker.local>, relay=local, delay=0.01, delays=0.01/0/0/0.01, dsn=2.0.0, status=sent (delivered to mailbox)
May 16 16:55:47 email-threat-docker postfix/qmgr[100]: 00D1C65502: removed
May 16 16:55:48 email-threat-docker postfix/smtpd[657]: EE300654B0: client=unknown[172.20.0.1]
May 16 16:55:48 email-threat-docker postfix/cleanup[661]: EE300654B0: message-id=<>
May 16 16:55:48 email-threat-docker postfix/qmgr[100]: EE300654B0: from=<survey@company.com>, size=489, nrcpt=1 (queue active)
May 16 16:55:48 email-threat-docker postfix/smtpd[663]: connect from scanner.yara_final_project_threat-net[172.20.0.2]
May 16 16:55:48 email-threat-docker postfix/smtpd[663]: 00A1B65502: client=scanner.yara_final_project_threat-net[172.20.0.2]
May 16 16:55:48 email-threat-docker postfix/cleanup[661]: 00A1B65502: message-id=<>
May 16 16:55:48 email-threat-docker postfix/qmgr[100]: 00A1B65502: from=<survey@company.com>, size=724, nrcpt=1 (queue active)
May 16 16:55:48 email-threat-docker postfix/smtpd[663]: disconnect from scanner.yara_final_project_threat-net[172.20.0.2] ehlo=1 mail=1 rcpt=1 data=1 quit=1 commands=5
May 16 16:55:48 email-threat-docker postfix/smtp[662]: EE300654B0: to=<recipient@email-threat-docker.local>, relay=scanner[172.20.0.2]:10025, delay=0.04, delays=0.01/0/0.01/0.02, dsn=2.0.0, status=sent (250 Message delivered)
May 16 16:55:48 email-threat-docker postfix/qmgr[100]: EE300654B0: removed
May 16 16:55:49 email-threat-docker postfix/local[664]: 00A1B65502: to=<recipient@email-threat-docker.local>, relay=local, delay=0.01, delays=0.01/0/0/0, dsn=2.0.0, status=sent (delivered to mailbox)
May 16 16:55:49 email-threat-docker postfix/qmgr[100]: 00A1B65502: removed
May 16 16:55:50 email-threat-docker postfix/smtpd[657]: F00E8654B0: client=unknown[172.20.0.1]
May 16 16:55:50 email-threat-docker postfix/cleanup[661]: F00E8654B0: message-id=<>
May 16 16:55:50 email-threat-docker postfix/qmgr[100]: F00E8654B0: from=<recruiter@jobs.com>, size=531, nrcpt=1 (queue active)
May 16 16:55:50 email-threat-docker postfix/smtpd[657]: disconnect from unknown[172.20.0.1] ehlo=1 mail=30 rcpt=30 data=30 quit=1 commands=92
May 16 16:55:50 email-threat-docker postfix/smtpd[663]: connect from scanner.yara_final_project_threat-net[172.20.0.2]
May 16 16:55:51 email-threat-docker postfix/smtpd[663]: 035E865502: client=scanner.yara_final_project_threat-net[172.20.0.2]
May 16 16:55:51 email-threat-docker postfix/cleanup[661]: 035E865502: message-id=<>
May 16 16:55:51 email-threat-docker postfix/qmgr[100]: 035E865502: from=<recruiter@jobs.com>, size=766, nrcpt=1 (queue active)
May 16 16:55:51 email-threat-docker postfix/smtpd[663]: disconnect from scanner.yara_final_project_threat-net[172.20.0.2] ehlo=1 mail=1 rcpt=1 data=1 quit=1 commands=5
May 16 16:55:51 email-threat-docker postfix/smtp[662]: F00E8654B0: to=<recipient@email-threat-docker.local>, relay=scanner[172.20.0.2]:10025, delay=0.04, delays=0.01/0/0.01/0.02, dsn=2.0.0, status=sent (250 Message delivered)
May 16 16:55:51 email-threat-docker postfix/qmgr[100]: F00E8654B0: removed
May 16 16:55:51 email-threat-docker postfix/local[664]: 035E865502: to=<recipient@email-threat-docker.local>, relay=local, delay=0.01, delays=0.01/0/0/0.01, dsn=2.0.0, status=sent (delivered to mailbox)
May 16 16:55:51 email-threat-docker postfix/qmgr[100]: 035E865502: removed
May 16 16:58:18 email-threat-docker postfix/pickup[99]: 2252965507: uid=0 from=<sender@email-threat-docker.local>
May 16 16:58:18 email-threat-docker postfix/cleanup[961]: 2252965507: message-id=<20250516165818.2252965507@email-threat-docker.local>
May 16 16:58:18 email-threat-docker postfix/qmgr[100]: 2252965507: from=<sender@email-threat-docker.local>, size=361, nrcpt=1 (queue active)
May 16 16:58:18 email-threat-docker postfix/smtpd[965]: connect from scanner.yara_final_project_threat-net[172.20.0.2]
May 16 16:58:18 email-threat-docker postfix/smtpd[965]: 303CC65506: client=scanner.yara_final_project_threat-net[172.20.0.2]
May 16 16:58:18 email-threat-docker postfix/cleanup[961]: 303CC65506: message-id=<20250516165818.2252965507@email-threat-docker.local>
May 16 16:58:18 email-threat-docker postfix/qmgr[100]: 303CC65506: from=<sender@email-threat-docker.local>, size=596, nrcpt=1 (queue active)
May 16 16:58:18 email-threat-docker postfix/smtpd[965]: disconnect from scanner.yara_final_project_threat-net[172.20.0.2] ehlo=1 mail=1 rcpt=1 data=1 quit=1 commands=5
May 16 16:58:18 email-threat-docker postfix/smtp[964]: 2252965507: to=<recipient@email-threat-docker.local>, relay=scanner[172.20.0.2]:10025, delay=0.08, delays=0.03/0.01/0.01/0.03, dsn=2.0.0, status=sent (250 Message delivered)
May 16 16:58:18 email-threat-docker postfix/qmgr[100]: 2252965507: removed
May 16 16:58:18 email-threat-docker postfix/local[966]: warning: dict_nis_init: NIS domain name not set - NIS lookups disabled
May 16 16:58:18 email-threat-docker postfix/local[966]: 303CC65506: to=<recipient@email-threat-docker.local>, relay=local, delay=0.02, delays=0.01/0.01/0/0, dsn=2.0.0, status=sent (delivered to mailbox)
May 16 16:58:18 email-threat-docker postfix/qmgr[100]: 303CC65506: removed
May 16 17:04:47 email-threat-docker postfix/postfix-script[73]: warning: group or other writable: /etc/postfix/./main.cf
May 16 17:04:47 email-threat-docker postfix/postfix-script[74]: warning: group or other writable: /etc/postfix/./master.cf
May 16 17:04:47 email-threat-docker postfix/postfix-script[75]: warning: group or other writable: /etc/postfix/./transport
May 16 17:04:47 email-threat-docker postfix/postfix-script[98]: starting the Postfix mail system
May 16 17:04:47 email-threat-docker postfix/master[1]: daemon started -- version 3.6.4, configuration /etc/postfix
May 16 17:05:05 email-threat-docker postfix/pickup[99]: 6C910634FB: uid=0 from=<sender@email-threat-docker.local>
May 16 17:05:05 email-threat-docker postfix/cleanup[133]: 6C910634FB: message-id=<20250516170505.6C910634FB@email-threat-docker.local>
May 16 17:05:05 email-threat-docker postfix/qmgr[100]: 6C910634FB: from=<sender@email-threat-docker.local>, size=361, nrcpt=1 (queue active)
May 16 17:05:05 email-threat-docker postfix/smtpd[136]: connect from scanner.yara_final_project_threat-net[172.20.0.3]
May 16 17:05:05 email-threat-docker postfix/smtpd[136]: 8118963502: client=scanner.yara_final_project_threat-net[172.20.0.3]
May 16 17:05:05 email-threat-docker postfix/cleanup[133]: 8118963502: message-id=<20250516170505.6C910634FB@email-threat-docker.local>
May 16 17:05:05 email-threat-docker postfix/qmgr[100]: 8118963502: from=<sender@email-threat-docker.local>, size=596, nrcpt=1 (queue active)
May 16 17:05:05 email-threat-docker postfix/smtpd[136]: disconnect from scanner.yara_final_project_threat-net[172.20.0.3] ehlo=1 mail=1 rcpt=1 data=1 quit=1 commands=5
May 16 17:05:05 email-threat-docker postfix/smtp[135]: 6C910634FB: to=<recipient@email-threat-docker.local>, relay=scanner[172.20.0.3]:10025, delay=0.12, delays=0.06/0.01/0.01/0.04, dsn=2.0.0, status=sent (250 Message delivered)
May 16 17:05:05 email-threat-docker postfix/qmgr[100]: 6C910634FB: removed
May 16 17:05:05 email-threat-docker postfix/local[137]: warning: dict_nis_init: NIS domain name not set - NIS lookups disabled
May 16 17:05:05 email-threat-docker postfix/local[137]: 8118963502: to=<recipient@email-threat-docker.local>, relay=local, delay=0.03, delays=0.01/0.01/0/0.01, dsn=2.0.0, status=sent (delivered to mailbox)
May 16 17:05:05 email-threat-docker postfix/qmgr[100]: 8118963502: removed
May 16 17:13:35 email-threat-docker postfix/postfix-script[73]: warning: group or other writable: /etc/postfix/./main.cf
May 16 17:13:35 email-threat-docker postfix/postfix-script[74]: warning: group or other writable: /etc/postfix/./master.cf
May 16 17:13:36 email-threat-docker postfix/postfix-script[75]: warning: group or other writable: /etc/postfix/./transport
May 16 17:13:36 email-threat-docker postfix/postfix-script[98]: starting the Postfix mail system
May 16 17:13:36 email-threat-docker postfix/master[1]: daemon started -- version 3.6.4, configuration /etc/postfix
May 16 17:14:05 email-threat-docker postfix/pickup[100]: 3994368199: uid=0 from=<sender@email-threat-docker.local>
May 16 17:14:05 email-threat-docker postfix/cleanup[155]: 3994368199: message-id=<20250516171405.3994368199@email-threat-docker.local>
May 16 17:14:05 email-threat-docker postfix/qmgr[101]: 3994368199: from=<sender@email-threat-docker.local>, size=361, nrcpt=1 (queue active)
May 16 17:14:05 email-threat-docker postfix/smtp[157]: 3994368199: to=<recipient@email-threat-docker.local>, relay=scanner[172.20.0.3]:10025, delay=0.08, delays=0.04/0.01/0.01/0.02, dsn=2.0.0, status=sent (250 Message quarantined)
May 16 17:14:05 email-threat-docker postfix/qmgr[101]: 3994368199: removed
May 16 17:15:03 email-threat-docker postfix/smtpd[236]: connect from unknown[172.20.0.1]
May 16 17:15:03 email-threat-docker postfix/smtpd[236]: 2BEC9681A0: client=unknown[172.20.0.1]
May 16 17:15:03 email-threat-docker postfix/cleanup[155]: 2BEC9681A0: message-id=<>
May 16 17:15:03 email-threat-docker postfix/qmgr[101]: 2BEC9681A0: from=<notifications@company.com>, size=635, nrcpt=1 (queue active)
May 16 17:15:03 email-threat-docker postfix/smtp[157]: 2BEC9681A0: to=<recipient@email-threat-docker.local>, relay=scanner[172.20.0.3]:10025, delay=0.04, delays=0.01/0/0.01/0.02, dsn=2.0.0, status=sent (250 Message quarantined)
May 16 17:15:03 email-threat-docker postfix/qmgr[101]: 2BEC9681A0: removed
May 16 17:15:05 email-threat-docker postfix/smtpd[236]: 3298D681A0: client=unknown[172.20.0.1]
May 16 17:15:05 email-threat-docker postfix/cleanup[155]: 3298D681A0: message-id=<>
May 16 17:15:05 email-threat-docker postfix/qmgr[101]: 3298D681A0: from=<newsletter@store.com>, size=648, nrcpt=1 (queue active)
May 16 17:15:05 email-threat-docker postfix/smtp[157]: 3298D681A0: to=<recipient@email-threat-docker.local>, relay=scanner[172.20.0.3]:10025, delay=0.03, delays=0.01/0/0.01/0.02, dsn=2.0.0, status=sent (250 Message quarantined)
May 16 17:15:05 email-threat-docker postfix/qmgr[101]: 3298D681A0: removed
May 16 17:15:07 email-threat-docker postfix/smtpd[236]: 3982A68199: client=unknown[172.20.0.1]
May 16 17:15:07 email-threat-docker postfix/cleanup[155]: 3982A68199: message-id=<>
May 16 17:15:07 email-threat-docker postfix/qmgr[101]: 3982A68199: from=<hr@company.com>, size=601, nrcpt=1 (queue active)
May 16 17:15:07 email-threat-docker postfix/smtp[157]: 3982A68199: to=<recipient@email-threat-docker.local>, relay=scanner[172.20.0.3]:10025, delay=0.04, delays=0.01/0/0.01/0.02, dsn=2.0.0, status=sent (250 Message quarantined)
May 16 17:15:07 email-threat-docker postfix/qmgr[101]: 3982A68199: removed
May 16 17:15:09 email-threat-docker postfix/smtpd[236]: 40D8C68199: client=unknown[172.20.0.1]
May 16 17:15:09 email-threat-docker postfix/cleanup[155]: 40D8C68199: message-id=<>
May 16 17:15:09 email-threat-docker postfix/qmgr[101]: 40D8C68199: from=<teamlead@company.com>, size=627, nrcpt=1 (queue active)
May 16 17:15:09 email-threat-docker postfix/smtp[157]: 40D8C68199: to=<recipient@email-threat-docker.local>, relay=scanner[172.20.0.3]:10025, delay=0.03, delays=0.01/0/0.01/0.02, dsn=2.0.0, status=sent (250 Message quarantined)
May 16 17:15:09 email-threat-docker postfix/qmgr[101]: 40D8C68199: removed
May 16 17:15:11 email-threat-docker postfix/smtpd[236]: 47F3C68199: client=unknown[172.20.0.1]
May 16 17:15:11 email-threat-docker postfix/cleanup[155]: 47F3C68199: message-id=<>
May 16 17:15:11 email-threat-docker postfix/qmgr[101]: 47F3C68199: from=<noreply@itdept.company.com>, size=630, nrcpt=1 (queue active)
May 16 17:15:11 email-threat-docker postfix/smtp[157]: 47F3C68199: to=<recipient@email-threat-docker.local>, relay=scanner[172.20.0.3]:10025, delay=0.04, delays=0.01/0/0.01/0.02, dsn=2.0.0, status=sent (250 Message quarantined)
May 16 17:15:11 email-threat-docker postfix/qmgr[101]: 47F3C68199: removed
May 16 17:15:13 email-threat-docker postfix/smtpd[236]: 3F7E868199: client=unknown[172.20.0.1]
May 16 17:15:13 email-threat-docker postfix/cleanup[155]: 3F7E868199: message-id=<>
May 16 17:15:13 email-threat-docker postfix/qmgr[101]: 3F7E868199: from=<alerts@service.com>, size=596, nrcpt=1 (queue active)
May 16 17:15:13 email-threat-docker postfix/smtp[157]: 3F7E868199: to=<recipient@email-threat-docker.local>, relay=scanner[172.20.0.3]:10025, delay=0.03, delays=0.01/0/0.01/0.01, dsn=2.0.0, status=sent (250 Message quarantined)
May 16 17:15:13 email-threat-docker postfix/qmgr[101]: 3F7E868199: removed
May 16 17:15:15 email-threat-docker postfix/smtpd[236]: 3D78F681A0: client=unknown[172.20.0.1]
May 16 17:15:15 email-threat-docker postfix/cleanup[155]: 3D78F681A0: message-id=<>
May 16 17:15:15 email-threat-docker postfix/qmgr[101]: 3D78F681A0: from=<events@company.com>, size=628, nrcpt=1 (queue active)
May 16 17:15:15 email-threat-docker postfix/smtp[157]: 3D78F681A0: to=<recipient@email-threat-docker.local>, relay=scanner[172.20.0.3]:10025, delay=0.03, delays=0.01/0/0.01/0.02, dsn=2.0.0, status=sent (250 Message quarantined)
May 16 17:15:15 email-threat-docker postfix/qmgr[101]: 3D78F681A0: removed
May 16 17:15:17 email-threat-docker postfix/smtpd[236]: 3DF2D681A0: client=unknown[172.20.0.1]
May 16 17:15:17 email-threat-docker postfix/cleanup[155]: 3DF2D681A0: message-id=<>
May 16 17:15:17 email-threat-docker postfix/qmgr[101]: 3DF2D681A0: from=<security@service.com>, size=619, nrcpt=1 (queue active)
May 16 17:15:17 email-threat-docker postfix/smtp[157]: 3DF2D681A0: to=<recipient@email-threat-docker.local>, relay=scanner[172.20.0.3]:10025, delay=0.03, delays=0.01/0/0.01/0.02, dsn=2.0.0, status=sent (250 Message quarantined)
May 16 17:15:17 email-threat-docker postfix/qmgr[101]: 3DF2D681A0: removed
May 16 17:15:19 email-threat-docker postfix/smtpd[236]: 40081681A0: client=unknown[172.20.0.1]
May 16 17:15:19 email-threat-docker postfix/cleanup[155]: 40081681A0: message-id=<>
May 16 17:15:19 email-threat-docker postfix/qmgr[101]: 40081681A0: from=<devteam@company.com>, size=609, nrcpt=1 (queue active)
May 16 17:15:19 email-threat-docker postfix/smtp[157]: 40081681A0: to=<recipient@email-threat-docker.local>, relay=scanner[172.20.0.3]:10025, delay=0.03, delays=0.01/0/0.01/0.01, dsn=2.0.0, status=sent (250 Message quarantined)
May 16 17:15:19 email-threat-docker postfix/qmgr[101]: 40081681A0: removed
May 16 17:15:21 email-threat-docker postfix/smtpd[236]: 43471681A0: client=unknown[172.20.0.1]
May 16 17:15:21 email-threat-docker postfix/cleanup[155]: 43471681A0: message-id=<>
May 16 17:15:21 email-threat-docker postfix/qmgr[101]: 43471681A0: from=<communications@company.com>, size=633, nrcpt=1 (queue active)
May 16 17:15:21 email-threat-docker postfix/smtp[157]: 43471681A0: to=<recipient@email-threat-docker.local>, relay=scanner[172.20.0.3]:10025, delay=0.04, delays=0.01/0/0.01/0.02, dsn=2.0.0, status=sent (250 Message quarantined)
May 16 17:15:21 email-threat-docker postfix/qmgr[101]: 43471681A0: removed
May 16 17:15:23 email-threat-docker postfix/smtpd[236]: 4856F681A0: client=unknown[172.20.0.1]
May 16 17:15:23 email-threat-docker postfix/cleanup[155]: 4856F681A0: message-id=<>
May 16 17:15:23 email-threat-docker postfix/qmgr[101]: 4856F681A0: from=<billing@legit-company.com>, size=565, nrcpt=1 (queue active)
May 16 17:15:23 email-threat-docker postfix/smtp[157]: 4856F681A0: to=<recipient@email-threat-docker.local>, relay=scanner[172.20.0.3]:10025, delay=0.03, delays=0.01/0/0.01/0.02, dsn=2.0.0, status=sent (250 Message quarantined)
May 16 17:15:23 email-threat-docker postfix/qmgr[101]: 4856F681A0: removed
May 16 17:15:25 email-threat-docker postfix/smtpd[236]: 4D3CC68199: client=unknown[172.20.0.1]
May 16 17:15:25 email-threat-docker postfix/cleanup[155]: 4D3CC68199: message-id=<>
May 16 17:15:25 email-threat-docker postfix/qmgr[101]: 4D3CC68199: from=<deals@newsletter.com>, size=538, nrcpt=1 (queue active)
May 16 17:15:25 email-threat-docker postfix/smtp[157]: 4D3CC68199: to=<recipient@email-threat-docker.local>, relay=scanner[172.20.0.3]:10025, delay=0.03, delays=0.01/0/0.01/0.02, dsn=2.0.0, status=sent (250 Message quarantined)
May 16 17:15:25 email-threat-docker postfix/qmgr[101]: 4D3CC68199: removed
May 16 17:15:27 email-threat-docker postfix/smtpd[236]: 5323D68199: client=unknown[172.20.0.1]
May 16 17:15:27 email-threat-docker postfix/cleanup[155]: 5323D68199: message-id=<>
May 16 17:15:27 email-threat-docker postfix/qmgr[101]: 5323D68199: from=<security@onlinebank.com>, size=553, nrcpt=1 (queue active)
May 16 17:15:27 email-threat-docker postfix/smtp[157]: 5323D68199: to=<recipient@email-threat-docker.local>, relay=scanner[172.20.0.3]:10025, delay=0.03, delays=0.01/0/0.01/0.01, dsn=2.0.0, status=sent (250 Message quarantined)
May 16 17:15:27 email-threat-docker postfix/qmgr[101]: 5323D68199: removed
May 16 17:15:29 email-threat-docker postfix/smtpd[236]: 59CFB68199: client=unknown[172.20.0.1]
May 16 17:15:29 email-threat-docker postfix/cleanup[155]: 59CFB68199: message-id=<>
May 16 17:15:29 email-threat-docker postfix/qmgr[101]: 59CFB68199: from=<support@service.com>, size=585, nrcpt=1 (queue active)
May 16 17:15:29 email-threat-docker postfix/smtp[157]: 59CFB68199: to=<recipient@email-threat-docker.local>, relay=scanner[172.20.0.3]:10025, delay=0.03, delays=0.01/0/0.01/0.02, dsn=2.0.0, status=sent (250 Message quarantined)
May 16 17:15:29 email-threat-docker postfix/qmgr[101]: 59CFB68199: removed
May 16 17:15:31 email-threat-docker postfix/smtpd[236]: 60D9368199: client=unknown[172.20.0.1]
May 16 17:15:31 email-threat-docker postfix/cleanup[155]: 60D9368199: message-id=<>
May 16 17:15:31 email-threat-docker postfix/qmgr[101]: 60D9368199: from=<alice.smith@bigcorp.com>, size=581, nrcpt=1 (queue active)
May 16 17:15:31 email-threat-docker postfix/smtp[157]: 60D9368199: to=<recipient@email-threat-docker.local>, relay=scanner[172.20.0.3]:10025, delay=0.03, delays=0.01/0/0.01/0.01, dsn=2.0.0, status=sent (250 Message quarantined)
May 16 17:15:31 email-threat-docker postfix/qmgr[101]: 60D9368199: removed
May 16 17:15:33 email-threat-docker postfix/smtpd[236]: 6829968199: client=unknown[172.20.0.1]
May 16 17:15:33 email-threat-docker postfix/cleanup[155]: 6829968199: message-id=<>
May 16 17:15:33 email-threat-docker postfix/qmgr[101]: 6829968199: from=<info@company.com>, size=513, nrcpt=1 (queue active)
May 16 17:15:33 email-threat-docker postfix/smtp[157]: 6829968199: to=<recipient@email-threat-docker.local>, relay=scanner[172.20.0.3]:10025, delay=0.03, delays=0.01/0/0.01/0.01, dsn=2.0.0, status=sent (250 Message quarantined)
May 16 17:15:33 email-threat-docker postfix/qmgr[101]: 6829968199: removed
May 16 17:15:35 email-threat-docker postfix/smtpd[236]: 6F3AF6815D: client=unknown[172.20.0.1]
May 16 17:15:35 email-threat-docker postfix/cleanup[155]: 6F3AF6815D: message-id=<>
May 16 17:15:35 email-threat-docker postfix/qmgr[101]: 6F3AF6815D: from=<admin@company.com>, size=572, nrcpt=1 (queue active)
May 16 17:15:35 email-threat-docker postfix/smtp[157]: 6F3AF6815D: to=<recipient@email-threat-docker.local>, relay=scanner[172.20.0.3]:10025, delay=0.04, delays=0.01/0/0.01/0.02, dsn=2.0.0, status=sent (250 Message quarantined)
May 16 17:15:35 email-threat-docker postfix/qmgr[101]: 6F3AF6815D: removed
May 16 17:15:37 email-threat-docker postfix/smtpd[236]: 75EB66815D: client=unknown[172.20.0.1]
May 16 17:15:37 email-threat-docker postfix/cleanup[155]: 75EB66815D: message-id=<>
May 16 17:15:37 email-threat-docker postfix/qmgr[101]: 75EB66815D: from=<notifications@company.com>, size=486, nrcpt=1 (queue active)
May 16 17:15:37 email-threat-docker postfix/smtp[157]: 75EB66815D: to=<recipient@email-threat-docker.local>, relay=scanner[172.20.0.3]:10025, delay=0.03, delays=0.01/0/0.01/0.01, dsn=2.0.0, status=sent (250 Message quarantined)
May 16 17:15:37 email-threat-docker postfix/qmgr[101]: 75EB66815D: removed
May 16 17:15:39 email-threat-docker postfix/smtpd[236]: 7CF386815D: client=unknown[172.20.0.1]
May 16 17:15:39 email-threat-docker postfix/cleanup[155]: 7CF386815D: message-id=<>
May 16 17:15:39 email-threat-docker postfix/qmgr[101]: 7CF386815D: from=<support@service.com>, size=520, nrcpt=1 (queue active)
May 16 17:15:39 email-threat-docker postfix/smtp[157]: 7CF386815D: to=<recipient@email-threat-docker.local>, relay=scanner[172.20.0.3]:10025, delay=0.03, delays=0.01/0/0.01/0.02, dsn=2.0.0, status=sent (250 Message quarantined)
May 16 17:15:39 email-threat-docker postfix/qmgr[101]: 7CF386815D: removed
May 16 17:15:41 email-threat-docker postfix/smtpd[236]: 840746815D: client=unknown[172.20.0.1]
May 16 17:15:41 email-threat-docker postfix/cleanup[155]: 840746815D: message-id=<>
May 16 17:15:41 email-threat-docker postfix/qmgr[101]: 840746815D: from=<support@service.com>, size=564, nrcpt=1 (queue active)
May 16 17:15:41 email-threat-docker postfix/smtp[157]: 840746815D: to=<recipient@email-threat-docker.local>, relay=scanner[172.20.0.3]:10025, delay=0.03, delays=0.01/0/0.01/0.02, dsn=2.0.0, status=sent (250 Message quarantined)
May 16 17:15:41 email-threat-docker postfix/qmgr[101]: 840746815D: removed
May 16 17:15:43 email-threat-docker postfix/smtpd[236]: 76D1A680C2: client=unknown[172.20.0.1]
May 16 17:15:43 email-threat-docker postfix/cleanup[155]: 76D1A680C2: message-id=<>
May 16 17:15:43 email-threat-docker postfix/qmgr[101]: 76D1A680C2: from=<hr@company.com>, size=486, nrcpt=1 (queue active)
May 16 17:15:43 email-threat-docker postfix/smtp[157]: 76D1A680C2: to=<recipient@email-threat-docker.local>, relay=scanner[172.20.0.3]:10025, delay=0.04, delays=0.01/0/0.01/0.02, dsn=2.0.0, status=sent (250 Message quarantined)
May 16 17:15:43 email-threat-docker postfix/qmgr[101]: 76D1A680C2: removed
May 16 17:15:45 email-threat-docker postfix/smtpd[236]: 751456815C: client=unknown[172.20.0.1]
May 16 17:15:45 email-threat-docker postfix/cleanup[155]: 751456815C: message-id=<>
May 16 17:15:45 email-threat-docker postfix/qmgr[101]: 751456815C: from=<updates@deals.com>, size=464, nrcpt=1 (queue active)
May 16 17:15:45 email-threat-docker postfix/smtp[157]: 751456815C: to=<recipient@email-threat-docker.local>, relay=scanner[172.20.0.3]:10025, delay=0.03, delays=0.01/0/0.01/0.01, dsn=2.0.0, status=sent (250 Message quarantined)
May 16 17:15:45 email-threat-docker postfix/qmgr[101]: 751456815C: removed
May 16 17:15:47 email-threat-docker postfix/smtpd[236]: 74DA86815C: client=unknown[172.20.0.1]
May 16 17:15:47 email-threat-docker postfix/cleanup[155]: 74DA86815C: message-id=<>
May 16 17:15:47 email-threat-docker postfix/qmgr[101]: 74DA86815C: from=<support@apple.com>, size=563, nrcpt=1 (queue active)
May 16 17:15:47 email-threat-docker postfix/smtp[157]: 74DA86815C: to=<recipient@email-threat-docker.local>, relay=scanner[172.20.0.3]:10025, delay=0.03, delays=0.01/0/0.01/0.01, dsn=2.0.0, status=sent (250 Message quarantined)
May 16 17:15:47 email-threat-docker postfix/qmgr[101]: 74DA86815C: removed
May 16 17:15:49 email-threat-docker postfix/smtpd[236]: 765CA6815C: client=unknown[172.20.0.1]
May 16 17:15:49 email-threat-docker postfix/cleanup[155]: 765CA6815C: message-id=<>
May 16 17:15:49 email-threat-docker postfix/qmgr[101]: 765CA6815C: from=<support@bank.com>, size=528, nrcpt=1 (queue active)
May 16 17:15:49 email-threat-docker postfix/smtp[157]: 765CA6815C: to=<recipient@email-threat-docker.local>, relay=scanner[172.20.0.3]:10025, delay=0.04, delays=0.01/0/0.01/0.02, dsn=2.0.0, status=sent (250 Message quarantined)
May 16 17:15:49 email-threat-docker postfix/qmgr[101]: 765CA6815C: removed
May 16 17:15:51 email-threat-docker postfix/smtpd[236]: 794006815C: client=unknown[172.20.0.1]
May 16 17:15:51 email-threat-docker postfix/cleanup[155]: 794006815C: message-id=<>
May 16 17:15:51 email-threat-docker postfix/qmgr[101]: 794006815C: from=<hr@company.com>, size=519, nrcpt=1 (queue active)
May 16 17:15:51 email-threat-docker postfix/smtp[157]: 794006815C: to=<recipient@email-threat-docker.local>, relay=scanner[172.20.0.3]:10025, delay=0.03, delays=0.01/0/0.01/0.01, dsn=2.0.0, status=sent (250 Message quarantined)
May 16 17:15:51 email-threat-docker postfix/qmgr[101]: 794006815C: removed
May 16 17:15:53 email-threat-docker postfix/smtpd[236]: 7DD8F6815C: client=unknown[172.20.0.1]
May 16 17:15:53 email-threat-docker postfix/cleanup[155]: 7DD8F6815C: message-id=<>
May 16 17:15:53 email-threat-docker postfix/qmgr[101]: 7DD8F6815C: from=<support@onlineservice.com>, size=545, nrcpt=1 (queue active)
May 16 17:15:53 email-threat-docker postfix/smtp[157]: 7DD8F6815C: to=<recipient@email-threat-docker.local>, relay=scanner[172.20.0.3]:10025, delay=0.04, delays=0.01/0/0.01/0.02, dsn=2.0.0, status=sent (250 Message quarantined)
May 16 17:15:53 email-threat-docker postfix/qmgr[101]: 7DD8F6815C: removed
May 16 17:15:55 email-threat-docker postfix/smtpd[236]: 82CCD68197: client=unknown[172.20.0.1]
May 16 17:15:55 email-threat-docker postfix/cleanup[155]: 82CCD68197: message-id=<>
May 16 17:15:55 email-threat-docker postfix/qmgr[101]: 82CCD68197: from=<security@bigcorp.com>, size=515, nrcpt=1 (queue active)
May 16 17:15:55 email-threat-docker postfix/smtp[157]: 82CCD68197: to=<recipient@email-threat-docker.local>, relay=scanner[172.20.0.3]:10025, delay=0.03, delays=0.01/0/0.01/0.01, dsn=2.0.0, status=sent (250 Message quarantined)
May 16 17:15:55 email-threat-docker postfix/qmgr[101]: 82CCD68197: removed
May 16 17:15:57 email-threat-docker postfix/smtpd[236]: 882A868197: client=unknown[172.20.0.1]
May 16 17:15:57 email-threat-docker postfix/cleanup[155]: 882A868197: message-id=<>
May 16 17:15:57 email-threat-docker postfix/qmgr[101]: 882A868197: from=<rewards@shopping.com>, size=523, nrcpt=1 (queue active)
May 16 17:15:57 email-threat-docker postfix/smtp[157]: 882A868197: to=<recipient@email-threat-docker.local>, relay=scanner[172.20.0.3]:10025, delay=0.03, delays=0.01/0/0.01/0.02, dsn=2.0.0, status=sent (250 Message quarantined)
May 16 17:15:57 email-threat-docker postfix/qmgr[101]: 882A868197: removed
May 16 17:15:59 email-threat-docker postfix/smtpd[236]: 8E1BC68197: client=unknown[172.20.0.1]
May 16 17:15:59 email-threat-docker postfix/cleanup[155]: 8E1BC68197: message-id=<>
May 16 17:15:59 email-threat-docker postfix/qmgr[101]: 8E1BC68197: from=<survey@company.com>, size=489, nrcpt=1 (queue active)
May 16 17:15:59 email-threat-docker postfix/smtp[157]: 8E1BC68197: to=<recipient@email-threat-docker.local>, relay=scanner[172.20.0.3]:10025, delay=0.03, delays=0.01/0/0.01/0.02, dsn=2.0.0, status=sent (250 Message quarantined)
May 16 17:15:59 email-threat-docker postfix/qmgr[101]: 8E1BC68197: removed
May 16 17:16:01 email-threat-docker postfix/smtpd[236]: 94FDA68197: client=unknown[172.20.0.1]
May 16 17:16:01 email-threat-docker postfix/cleanup[155]: 94FDA68197: message-id=<>
May 16 17:16:01 email-threat-docker postfix/qmgr[101]: 94FDA68197: from=<recruiter@jobs.com>, size=531, nrcpt=1 (queue active)
May 16 17:16:01 email-threat-docker postfix/smtpd[236]: disconnect from unknown[172.20.0.1] ehlo=1 mail=30 rcpt=30 data=30 quit=1 commands=92
May 16 17:16:01 email-threat-docker postfix/smtp[157]: 94FDA68197: to=<recipient@email-threat-docker.local>, relay=scanner[172.20.0.3]:10025, delay=0.03, delays=0.01/0/0.01/0.02, dsn=2.0.0, status=sent (250 Message quarantined)
May 16 17:16:01 email-threat-docker postfix/qmgr[101]: 94FDA68197: removed
May 16 17:18:51 email-threat-docker postfix/pickup[100]: 3A757681E1: uid=0 from=<sender@email-threat-docker.local>
May 16 17:18:51 email-threat-docker postfix/cleanup[564]: 3A757681E1: message-id=<20250516171851.3A757681E1@email-threat-docker.local>
May 16 17:18:51 email-threat-docker postfix/qmgr[101]: 3A757681E1: from=<sender@email-threat-docker.local>, size=306, nrcpt=1 (queue active)
May 16 17:18:51 email-threat-docker postfix/smtpd[568]: connect from scanner.yara_final_project_threat-net[172.20.0.3]
May 16 17:18:51 email-threat-docker postfix/smtpd[568]: 4A14A681E7: client=scanner.yara_final_project_threat-net[172.20.0.3]
May 16 17:18:51 email-threat-docker postfix/cleanup[564]: 4A14A681E7: message-id=<20250516171851.3A757681E1@email-threat-docker.local>
May 16 17:18:51 email-threat-docker postfix/qmgr[101]: 4A14A681E7: from=<sender@email-threat-docker.local>, size=541, nrcpt=1 (queue active)
May 16 17:18:51 email-threat-docker postfix/smtpd[568]: disconnect from scanner.yara_final_project_threat-net[172.20.0.3] ehlo=1 mail=1 rcpt=1 data=1 quit=1 commands=5
May 16 17:18:51 email-threat-docker postfix/smtp[567]: 3A757681E1: to=<recipient@email-threat-docker.local>, relay=scanner[172.20.0.3]:10025, delay=0.09, delays=0.04/0.01/0.01/0.04, dsn=2.0.0, status=sent (250 Message delivered)
May 16 17:18:51 email-threat-docker postfix/qmgr[101]: 3A757681E1: removed
May 16 17:18:51 email-threat-docker postfix/local[569]: warning: dict_nis_init: NIS domain name not set - NIS lookups disabled
May 16 17:18:51 email-threat-docker postfix/local[569]: 4A14A681E7: to=<recipient@email-threat-docker.local>, relay=local, delay=0.02, delays=0.01/0.01/0/0.01, dsn=2.0.0, status=sent (delivered to mailbox)
May 16 17:18:51 email-threat-docker postfix/qmgr[101]: 4A14A681E7: removed
May 16 17:19:00 email-threat-docker postfix/pickup[100]: 1F64C681E9: uid=0 from=<sender@email-threat-docker.local>
May 16 17:19:00 email-threat-docker postfix/cleanup[564]: 1F64C681E9: message-id=<20250516171900.1F64C681E9@email-threat-docker.local>
May 16 17:19:00 email-threat-docker postfix/qmgr[101]: 1F64C681E9: from=<sender@email-threat-docker.local>, size=361, nrcpt=1 (queue active)
May 16 17:19:00 email-threat-docker postfix/smtp[567]: 1F64C681E9: to=<recipient@email-threat-docker.local>, relay=scanner[172.20.0.3]:10025, delay=0.04, delays=0.01/0/0.01/0.02, dsn=2.0.0, status=sent (250 Message quarantined)
May 16 17:19:00 email-threat-docker postfix/qmgr[101]: 1F64C681E9: removed
May 16 17:19:23 email-threat-docker postfix/pickup[100]: 7914C681EB: uid=0 from=<sender@email-threat-docker.local>
May 16 17:19:23 email-threat-docker postfix/cleanup[564]: 7914C681EB: message-id=<20250516171923.7914C681EB@email-threat-docker.local>
May 16 17:19:23 email-threat-docker postfix/qmgr[101]: 7914C681EB: from=<sender@email-threat-docker.local>, size=361, nrcpt=1 (queue active)
May 16 17:19:23 email-threat-docker postfix/smtp[567]: 7914C681EB: to=<recipient@email-threat-docker.local>, relay=scanner[172.20.0.3]:10025, delay=0.04, delays=0.01/0/0.01/0.02, dsn=2.0.0, status=sent (250 Message quarantined)
May 16 17:19:23 email-threat-docker postfix/qmgr[101]: 7914C681EB: removed
May 16 17:19:34 email-threat-docker postfix/smtpd[651]: connect from unknown[172.20.0.1]
May 16 17:19:34 email-threat-docker postfix/smtpd[651]: E0F85681EB: client=unknown[172.20.0.1]
May 16 17:19:34 email-threat-docker postfix/cleanup[564]: E0F85681EB: message-id=<>
May 16 17:19:34 email-threat-docker postfix/qmgr[101]: E0F85681EB: from=<notifications@company.com>, size=635, nrcpt=1 (queue active)
May 16 17:19:34 email-threat-docker postfix/smtp[567]: E0F85681EB: to=<recipient@email-threat-docker.local>, relay=scanner[172.20.0.3]:10025, delay=0.03, delays=0.01/0/0.01/0.01, dsn=2.0.0, status=sent (250 Message quarantined)
May 16 17:19:34 email-threat-docker postfix/qmgr[101]: E0F85681EB: removed
May 16 17:19:35 email-threat-docker postfix/smtpd[651]: E61CD681EB: client=unknown[172.20.0.1]
