May 17 16:08:13 email-threat-docker postfix/postfix-script[74]: warning: group or other writable: /etc/postfix/./master.cf
May 17 16:08:13 email-threat-docker postfix/postlog[75]: warning: /etc/postfix/main.cf, line 50: overriding earlier entry: local_recipient_maps=
May 17 16:08:13 email-threat-docker postfix/postfix-script[75]: warning: group or other writable: /etc/postfix/./transport
May 17 16:08:13 email-threat-docker postfix/postlog[98]: warning: /etc/postfix/main.cf, line 50: overriding earlier entry: local_recipient_maps=
May 17 16:08:13 email-threat-docker postfix/postfix-script[98]: starting the Postfix mail system
May 17 16:08:13 email-threat-docker postfix/master[100]: warning: /etc/postfix/main.cf, line 50: overriding earlier entry: local_recipient_maps=
May 17 16:08:13 email-threat-docker postfix/master[100]: daemon started -- version 3.6.4, configuration /etc/postfix
May 17 16:08:13 email-threat-docker postfix/pickup[101]: warning: /etc/postfix/main.cf, line 50: overriding earlier entry: local_recipient_maps=
May 17 16:08:13 email-threat-docker postfix/qmgr[102]: warning: /etc/postfix/main.cf, line 50: overriding earlier entry: local_recipient_maps=
May 17 16:08:14 email-threat-docker rsyslogd: imklog: cannot open kernel log (/proc/kmsg): Operation not permitted.
May 17 16:08:14 email-threat-docker rsyslogd: activation of module imklog failed [v8.2112.0 try https://www.rsyslog.com/e/2145 ]
May 17 16:08:14 email-threat-docker rsyslogd: rsyslogd's groupid changed to 101
May 17 16:08:14 email-threat-docker rsyslogd: rsyslogd's userid changed to 101
May 17 16:08:14 email-threat-docker rsyslogd: [origin software="rsyslogd" swVersion="8.2112.0" x-pid="8" x-info="https://www.rsyslog.com"] start
May 17 16:11:39 email-threat-docker postfix/postfix-script[72]: warning: group or other writable: /etc/postfix/./main.cf
May 17 16:11:39 email-threat-docker postfix/postfix-script[74]: warning: group or other writable: /etc/postfix/./master.cf
May 17 16:11:39 email-threat-docker postfix/postfix-script[75]: warning: group or other writable: /etc/postfix/./transport
May 17 16:11:39 email-threat-docker postfix/postfix-script[98]: starting the Postfix mail system
May 17 16:11:39 email-threat-docker postfix/master[100]: daemon started -- version 3.6.4, configuration /etc/postfix
May 17 16:11:39 email-threat-docker rsyslogd: imklog: cannot open kernel log (/proc/kmsg): Operation not permitted.
May 17 16:11:39 email-threat-docker rsyslogd: activation of module imklog failed [v8.2112.0 try https://www.rsyslog.com/e/2145 ]
May 17 16:11:39 email-threat-docker rsyslogd: rsyslogd's groupid changed to 101
May 17 16:11:39 email-threat-docker rsyslogd: rsyslogd's userid changed to 101
May 17 16:11:39 email-threat-docker rsyslogd: [origin software="rsyslogd" swVersion="8.2112.0" x-pid="8" x-info="https://www.rsyslog.com"] start
May 17 16:12:33 email-threat-docker postfix/pickup[101]: 70009772A0: uid=0 from=<sender@email-threat-docker.local>
May 17 16:12:33 email-threat-docker postfix/cleanup[184]: 70009772A0: prepend: header Subject: Urgent login alert from local; from=<sender@email-threat-docker.local> to=<recipient@email-threat-docker.local>: [Subject: ]
May 17 16:12:33 email-threat-docker postfix/cleanup[184]: 70009772A0: message-id=<20250517161233.70009772A0@email-threat-docker.local>
May 17 16:12:33 email-threat-docker postfix/qmgr[102]: 70009772A0: from=<sender@email-threat-docker.local>, size=374, nrcpt=1 (queue active)
May 17 16:12:33 email-threat-docker postfix/smtpd[187]: warning: dict_nis_init: NIS domain name not set - NIS lookups disabled
May 17 16:12:33 email-threat-docker postfix/smtpd[187]: connect from scanner.yara_final_project_threat-net[172.20.0.2]
May 17 16:12:33 email-threat-docker postfix/smtpd[187]: 82260772A7: client=scanner.yara_final_project_threat-net[172.20.0.2]
May 17 16:12:33 email-threat-docker postfix/cleanup[184]: 82260772A7: message-id=<20250517161233.70009772A0@email-threat-docker.local>
May 17 16:12:33 email-threat-docker postfix/qmgr[102]: 82260772A7: from=<sender@email-threat-docker.local>, size=609, nrcpt=1 (queue active)
May 17 16:12:33 email-threat-docker postfix/smtpd[187]: disconnect from scanner.yara_final_project_threat-net[172.20.0.2] ehlo=1 mail=1 rcpt=1 data=1 quit=1 commands=5
May 17 16:12:33 email-threat-docker postfix/smtp[186]: 70009772A0: to=<recipient@email-threat-docker.local>, relay=scanner[172.20.0.2]:10025, delay=0.1, delays=0.04/0.01/0.01/0.04, dsn=2.0.0, status=sent (250 Message delivered)
May 17 16:12:33 email-threat-docker postfix/qmgr[102]: 70009772A0: removed
May 17 16:12:33 email-threat-docker postfix/local[189]: warning: dict_nis_init: NIS domain name not set - NIS lookups disabled
May 17 16:12:33 email-threat-docker local[190]: fatal: execvp /usr/bin/procmail: No such file or directory
May 17 16:12:33 email-threat-docker postfix/local[189]: 82260772A7: to=<recipient@email-threat-docker.local>, relay=local, delay=0.03, delays=0.01/0.01/0/0.01, dsn=4.3.0, status=deferred (temporary failure. Command output: local: fatal: execvp /usr/bin/procmail: No such file or directory )
May 17 16:21:43 email-threat-docker postfix/qmgr[102]: 82260772A7: from=<sender@email-threat-docker.local>, size=609, nrcpt=1 (queue active)
May 17 16:21:43 email-threat-docker postfix/local[920]: warning: dict_nis_init: NIS domain name not set - NIS lookups disabled
May 17 16:21:43 email-threat-docker local[921]: fatal: execvp /usr/bin/procmail: No such file or directory
May 17 16:21:44 email-threat-docker postfix/local[920]: 82260772A7: to=<recipient@email-threat-docker.local>, relay=local, delay=550, delays=550/0.02/0/0.02, dsn=4.3.0, status=deferred (temporary failure. Command output: local: fatal: execvp /usr/bin/procmail: No such file or directory )
May 17 16:31:46 email-threat-docker postfix/qmgr[102]: 82260772A7: from=<sender@email-threat-docker.local>, size=609, nrcpt=1 (queue active)
May 17 16:31:46 email-threat-docker postfix/local[1710]: warning: dict_nis_init: NIS domain name not set - NIS lookups disabled
May 17 16:31:46 email-threat-docker local[1711]: fatal: execvp /usr/bin/procmail: No such file or directory
May 17 16:31:46 email-threat-docker postfix/local[1710]: 82260772A7: to=<recipient@email-threat-docker.local>, relay=local, delay=1153, delays=1153/0.02/0/0.01, dsn=4.3.0, status=deferred (temporary failure. Command output: local: fatal: execvp /usr/bin/procmail: No such file or directory )
May 17 16:36:28 email-threat-docker postfix/postfix-script[72]: warning: group or other writable: /etc/postfix/./main.cf
May 17 16:36:28 email-threat-docker postfix/postfix-script[73]: warning: group or other writable: /etc/postfix/./master.cf
May 17 16:36:28 email-threat-docker postfix/postfix-script[75]: warning: group or other writable: /etc/postfix/./transport
May 17 16:36:28 email-threat-docker postfix/postfix-script[98]: starting the Postfix mail system
May 17 16:36:28 email-threat-docker postfix/master[100]: daemon started -- version 3.6.4, configuration /etc/postfix
May 17 16:36:29 email-threat-docker rsyslogd: imklog: cannot open kernel log (/proc/kmsg): Operation not permitted.
May 17 16:36:29 email-threat-docker rsyslogd: activation of module imklog failed [v8.2112.0 try https://www.rsyslog.com/e/2145 ]
May 17 16:36:29 email-threat-docker rsyslogd: rsyslogd's groupid changed to 101
May 17 16:36:29 email-threat-docker rsyslogd: rsyslogd's userid changed to 101
May 17 16:36:29 email-threat-docker rsyslogd: [origin software="rsyslogd" swVersion="8.2112.0" x-pid="8" x-info="https://www.rsyslog.com"] start
May 17 16:38:20 email-threat-docker postfix/pickup[101]: E295E62672: uid=0 from=<sender@email-threat-docker.local>
May 17 16:38:20 email-threat-docker postfix/cleanup[261]: E295E62672: prepend: header Subject: Urgent login alert from local; from=<sender@email-threat-docker.local> to=<recipient@email-threat-docker.local>: [Subject: ]
May 17 16:38:20 email-threat-docker postfix/cleanup[261]: E295E62672: message-id=<20250517163820.E295E62672@email-threat-docker.local>
May 17 16:38:20 email-threat-docker postfix/qmgr[102]: E295E62672: from=<sender@email-threat-docker.local>, size=374, nrcpt=1 (queue active)
May 17 16:38:20 email-threat-docker postfix/smtpd[264]: warning: dict_nis_init: NIS domain name not set - NIS lookups disabled
May 17 16:38:20 email-threat-docker postfix/smtpd[264]: connect from scanner.yara_final_project_threat-net[172.20.0.2]
May 17 16:38:20 email-threat-docker postfix/smtpd[264]: F22D06267C: client=scanner.yara_final_project_threat-net[172.20.0.2]
May 17 16:38:20 email-threat-docker postfix/cleanup[261]: F22D06267C: message-id=<20250517163820.E295E62672@email-threat-docker.local>
May 17 16:38:20 email-threat-docker postfix/qmgr[102]: F22D06267C: from=<sender@email-threat-docker.local>, size=609, nrcpt=1 (queue active)
May 17 16:38:20 email-threat-docker postfix/smtpd[264]: disconnect from scanner.yara_final_project_threat-net[172.20.0.2] ehlo=1 mail=1 rcpt=1 data=1 quit=1 commands=5
May 17 16:38:20 email-threat-docker postfix/smtp[263]: E295E62672: to=<recipient@email-threat-docker.local>, relay=scanner[172.20.0.2]:10025, delay=0.09, delays=0.03/0.01/0.01/0.04, dsn=2.0.0, status=sent (250 Message delivered)
May 17 16:38:21 email-threat-docker postfix/qmgr[102]: E295E62672: removed
May 17 16:38:21 email-threat-docker postfix/local[266]: warning: dict_nis_init: NIS domain name not set - NIS lookups disabled
May 17 16:38:22 email-threat-docker postfix/local[266]: F22D06267C: to=<recipient@email-threat-docker.local>, relay=local, delay=1, delays=0.01/0.01/0/1, dsn=2.0.0, status=sent (delivered to command: /usr/bin/procmail)
May 17 16:38:22 email-threat-docker postfix/qmgr[102]: F22D06267C: removed
May 17 16:44:43 email-threat-docker postfix/smtpd[786]: warning: dict_nis_init: NIS domain name not set - NIS lookups disabled
May 17 16:44:43 email-threat-docker postfix/smtpd[786]: connect from unknown[172.20.0.1]
May 17 16:44:44 email-threat-docker postfix/smtpd[786]: 70C546268C: client=unknown[172.20.0.1]
May 17 16:44:44 email-threat-docker postfix/cleanup[790]: 70C546268C: prepend: header Subject: Welcome to Our Service from unknown[172.20.0.1]; from=<notifications@company.com> to=<recipient@email-threat-docker.local> proto=ESMTP helo=<[192.168.48.1]>: [Subject: ]
May 17 16:44:44 email-threat-docker postfix/cleanup[790]: 70C546268C: message-id=<>
May 17 16:44:44 email-threat-docker postfix/qmgr[102]: 70C546268C: from=<notifications@company.com>, size=648, nrcpt=1 (queue active)
May 17 16:44:44 email-threat-docker postfix/smtpd[792]: warning: dict_nis_init: NIS domain name not set - NIS lookups disabled
May 17 16:44:44 email-threat-docker postfix/smtpd[792]: connect from scanner.yara_final_project_threat-net[172.20.0.2]
May 17 16:44:44 email-threat-docker postfix/smtpd[792]: 7C8E46268E: client=scanner.yara_final_project_threat-net[172.20.0.2]
May 17 16:44:44 email-threat-docker postfix/cleanup[790]: 7C8E46268E: message-id=<>
May 17 16:44:44 email-threat-docker postfix/qmgr[102]: 7C8E46268E: from=<notifications@company.com>, size=883, nrcpt=1 (queue active)
May 17 16:44:44 email-threat-docker postfix/smtpd[792]: disconnect from scanner.yara_final_project_threat-net[172.20.0.2] ehlo=1 mail=1 rcpt=1 data=1 quit=1 commands=5
May 17 16:44:44 email-threat-docker postfix/smtp[791]: 70C546268C: to=<recipient@email-threat-docker.local>, relay=scanner[172.20.0.2]:10025, delay=0.07, delays=0.02/0.01/0.01/0.03, dsn=2.0.0, status=sent (250 Message delivered)
May 17 16:44:44 email-threat-docker postfix/qmgr[102]: 70C546268C: removed
May 17 16:44:44 email-threat-docker postfix/local[793]: warning: dict_nis_init: NIS domain name not set - NIS lookups disabled
May 17 16:44:44 email-threat-docker postfix/local[793]: 7C8E46268E: to=<recipient@email-threat-docker.local>, relay=local, delay=0.02, delays=0.01/0.01/0/0.01, dsn=2.0.0, status=sent (delivered to command: /usr/bin/procmail)
May 17 16:44:44 email-threat-docker postfix/qmgr[102]: 7C8E46268E: removed
May 17 16:44:45 email-threat-docker postfix/smtpd[786]: 653036268C: client=unknown[172.20.0.1]
May 17 16:44:45 email-threat-docker postfix/cleanup[790]: 653036268C: prepend: header Subject: September Newsletter =?utf-8?b?4oCT?= Special Offers Inside! from unknown[172.20.0.1]; from=<newsletter@store.com> to=<recipient@email-threat-docker.local> proto=ESMTP helo=<[192.168.48.1]>: [Subject: ]
May 17 16:44:45 email-threat-docker postfix/cleanup[790]: 653036268C: message-id=<>
May 17 16:44:45 email-threat-docker postfix/qmgr[102]: 653036268C: from=<newsletter@store.com>, size=661, nrcpt=1 (queue active)
May 17 16:44:45 email-threat-docker postfix/smtpd[792]: connect from scanner.yara_final_project_threat-net[172.20.0.2]
May 17 16:44:45 email-threat-docker postfix/smtpd[792]: 6B66D6268E: client=scanner.yara_final_project_threat-net[172.20.0.2]
May 17 16:44:45 email-threat-docker postfix/cleanup[790]: 6B66D6268E: message-id=<>
May 17 16:44:45 email-threat-docker postfix/qmgr[102]: 6B66D6268E: from=<newsletter@store.com>, size=896, nrcpt=1 (queue active)
May 17 16:44:45 email-threat-docker postfix/smtpd[792]: disconnect from scanner.yara_final_project_threat-net[172.20.0.2] ehlo=1 mail=1 rcpt=1 data=1 quit=1 commands=5
May 17 16:44:45 email-threat-docker postfix/smtp[791]: 653036268C: to=<recipient@email-threat-docker.local>, relay=scanner[172.20.0.2]:10025, delay=0.04, delays=0.01/0/0.01/0.02, dsn=2.0.0, status=sent (250 Message delivered)
May 17 16:44:45 email-threat-docker postfix/qmgr[102]: 653036268C: removed
May 17 16:44:45 email-threat-docker postfix/local[793]: 6B66D6268E: to=<recipient@email-threat-docker.local>, relay=local, delay=0.01, delays=0.01/0/0/0.01, dsn=2.0.0, status=sent (delivered to command: /usr/bin/procmail)
May 17 16:44:45 email-threat-docker postfix/qmgr[102]: 6B66D6268E: removed
May 17 16:44:46 email-threat-docker postfix/smtpd[786]: 59AC46268C: client=unknown[172.20.0.1]
May 17 16:44:46 email-threat-docker postfix/cleanup[790]: 59AC46268C: prepend: header Subject: Upcoming Holiday Schedule from unknown[172.20.0.1]; from=<hr@company.com> to=<recipient@email-threat-docker.local> proto=ESMTP helo=<[192.168.48.1]>: [Subject: ]
May 17 16:44:46 email-threat-docker postfix/cleanup[790]: 59AC46268C: message-id=<>
May 17 16:44:46 email-threat-docker postfix/qmgr[102]: 59AC46268C: from=<hr@company.com>, size=614, nrcpt=1 (queue active)
May 17 16:44:46 email-threat-docker postfix/smtpd[792]: connect from scanner.yara_final_project_threat-net[172.20.0.2]
May 17 16:44:46 email-threat-docker postfix/smtpd[792]: 5F84F6268E: client=scanner.yara_final_project_threat-net[172.20.0.2]
May 17 16:44:46 email-threat-docker postfix/cleanup[790]: 5F84F6268E: message-id=<>
May 17 16:44:46 email-threat-docker postfix/qmgr[102]: 5F84F6268E: from=<hr@company.com>, size=849, nrcpt=1 (queue active)
May 17 16:44:46 email-threat-docker postfix/smtpd[792]: disconnect from scanner.yara_final_project_threat-net[172.20.0.2] ehlo=1 mail=1 rcpt=1 data=1 quit=1 commands=5
May 17 16:44:46 email-threat-docker postfix/smtp[791]: 59AC46268C: to=<recipient@email-threat-docker.local>, relay=scanner[172.20.0.2]:10025, delay=0.04, delays=0.01/0/0.01/0.02, dsn=2.0.0, status=sent (250 Message delivered)
May 17 16:44:46 email-threat-docker postfix/qmgr[102]: 59AC46268C: removed
May 17 16:44:46 email-threat-docker postfix/local[793]: 5F84F6268E: to=<recipient@email-threat-docker.local>, relay=local, delay=0.01, delays=0.01/0/0/0.01, dsn=2.0.0, status=sent (delivered to command: /usr/bin/procmail)
May 17 16:44:46 email-threat-docker postfix/qmgr[102]: 5F84F6268E: removed
May 17 16:44:47 email-threat-docker postfix/smtpd[786]: 4E12A6268C: client=unknown[172.20.0.1]
May 17 16:44:47 email-threat-docker postfix/cleanup[790]: 4E12A6268C: prepend: header Subject: Project Kickoff Meeting from unknown[172.20.0.1]; from=<teamlead@company.com> to=<recipient@email-threat-docker.local> proto=ESMTP helo=<[192.168.48.1]>: [Subject: ]
May 17 16:44:47 email-threat-docker postfix/cleanup[790]: 4E12A6268C: message-id=<>
May 17 16:44:47 email-threat-docker postfix/qmgr[102]: 4E12A6268C: from=<teamlead@company.com>, size=640, nrcpt=1 (queue active)
May 17 16:44:47 email-threat-docker postfix/smtpd[792]: connect from scanner.yara_final_project_threat-net[172.20.0.2]
May 17 16:44:47 email-threat-docker postfix/smtpd[792]: 567D46268E: client=scanner.yara_final_project_threat-net[172.20.0.2]
May 17 16:44:47 email-threat-docker postfix/cleanup[790]: 567D46268E: message-id=<>
May 17 16:44:47 email-threat-docker postfix/qmgr[102]: 567D46268E: from=<teamlead@company.com>, size=875, nrcpt=1 (queue active)
May 17 16:44:47 email-threat-docker postfix/smtpd[792]: disconnect from scanner.yara_final_project_threat-net[172.20.0.2] ehlo=1 mail=1 rcpt=1 data=1 quit=1 commands=5
May 17 16:44:47 email-threat-docker postfix/smtp[791]: 4E12A6268C: to=<recipient@email-threat-docker.local>, relay=scanner[172.20.0.2]:10025, delay=0.05, delays=0.01/0/0.01/0.03, dsn=2.0.0, status=sent (250 Message delivered)
May 17 16:44:47 email-threat-docker postfix/qmgr[102]: 4E12A6268C: removed
May 17 16:44:47 email-threat-docker postfix/local[793]: 567D46268E: to=<recipient@email-threat-docker.local>, relay=local, delay=0.02, delays=0.01/0/0/0.01, dsn=2.0.0, status=sent (delivered to command: /usr/bin/procmail)
May 17 16:44:47 email-threat-docker postfix/qmgr[102]: 567D46268E: removed
May 17 16:44:48 email-threat-docker postfix/smtpd[786]: 4353E62666: client=unknown[172.20.0.1]
May 17 16:44:48 email-threat-docker postfix/cleanup[790]: 4353E62666: prepend: header Subject: Scheduled Maintenance Tonight from unknown[172.20.0.1]; from=<noreply@itdept.company.com> to=<recipient@email-threat-docker.local> proto=ESMTP helo=<[192.168.48.1]>: [Subject: ]
May 17 16:44:48 email-threat-docker postfix/cleanup[790]: 4353E62666: message-id=<>
May 17 16:44:48 email-threat-docker postfix/qmgr[102]: 4353E62666: from=<noreply@itdept.company.com>, size=643, nrcpt=1 (queue active)
May 17 16:44:48 email-threat-docker postfix/smtpd[792]: connect from scanner.yara_final_project_threat-net[172.20.0.2]
May 17 16:44:48 email-threat-docker postfix/smtpd[792]: 493AF6268E: client=scanner.yara_final_project_threat-net[172.20.0.2]
May 17 16:44:48 email-threat-docker postfix/cleanup[790]: 493AF6268E: message-id=<>
May 17 16:44:48 email-threat-docker postfix/qmgr[102]: 493AF6268E: from=<noreply@itdept.company.com>, size=878, nrcpt=1 (queue active)
May 17 16:44:48 email-threat-docker postfix/smtpd[792]: disconnect from scanner.yara_final_project_threat-net[172.20.0.2] ehlo=1 mail=1 rcpt=1 data=1 quit=1 commands=5
May 17 16:44:48 email-threat-docker postfix/smtp[791]: 4353E62666: to=<recipient@email-threat-docker.local>, relay=scanner[172.20.0.2]:10025, delay=0.04, delays=0.01/0/0.01/0.02, dsn=2.0.0, status=sent (250 Message delivered)
May 17 16:44:48 email-threat-docker postfix/qmgr[102]: 4353E62666: removed
May 17 16:44:48 email-threat-docker postfix/local[793]: 493AF6268E: to=<recipient@email-threat-docker.local>, relay=local, delay=0.01, delays=0.01/0/0/0.01, dsn=2.0.0, status=sent (delivered to command: /usr/bin/procmail)
May 17 16:44:48 email-threat-docker postfix/qmgr[102]: 493AF6268E: removed
May 17 16:44:49 email-threat-docker postfix/smtpd[786]: 3808762666: client=unknown[172.20.0.1]
May 17 16:44:49 email-threat-docker postfix/cleanup[790]: 3808762666: prepend: header Subject: Your Subscription Renewal Confirmation from unknown[172.20.0.1]; from=<alerts@service.com> to=<recipient@email-threat-docker.local> proto=ESMTP helo=<[192.168.48.1]>: [Subject: ]
May 17 16:44:49 email-threat-docker postfix/cleanup[790]: 3808762666: message-id=<>
May 17 16:44:49 email-threat-docker postfix/qmgr[102]: 3808762666: from=<alerts@service.com>, size=609, nrcpt=1 (queue active)
May 17 16:44:49 email-threat-docker postfix/smtpd[792]: connect from scanner.yara_final_project_threat-net[172.20.0.2]
May 17 16:44:49 email-threat-docker postfix/smtpd[792]: 3E8E86268E: client=scanner.yara_final_project_threat-net[172.20.0.2]
May 17 16:44:49 email-threat-docker postfix/cleanup[790]: 3E8E86268E: message-id=<>
May 17 16:44:49 email-threat-docker postfix/qmgr[102]: 3E8E86268E: from=<alerts@service.com>, size=844, nrcpt=1 (queue active)
May 17 16:44:49 email-threat-docker postfix/smtpd[792]: disconnect from scanner.yara_final_project_threat-net[172.20.0.2] ehlo=1 mail=1 rcpt=1 data=1 quit=1 commands=5
May 17 16:44:49 email-threat-docker postfix/smtp[791]: 3808762666: to=<recipient@email-threat-docker.local>, relay=scanner[172.20.0.2]:10025, delay=0.04, delays=0.01/0/0.01/0.02, dsn=2.0.0, status=sent (250 Message delivered)
May 17 16:44:49 email-threat-docker postfix/qmgr[102]: 3808762666: removed
May 17 16:44:49 email-threat-docker postfix/local[793]: 3E8E86268E: to=<recipient@email-threat-docker.local>, relay=local, delay=0.01, delays=0.01/0/0/0.01, dsn=2.0.0, status=sent (delivered to command: /usr/bin/procmail)
May 17 16:44:49 email-threat-docker postfix/qmgr[102]: 3E8E86268E: removed
May 17 16:44:50 email-threat-docker postfix/smtpd[786]: 2CF1E62666: client=unknown[172.20.0.1]
May 17 16:44:50 email-threat-docker postfix/cleanup[790]: 2CF1E62666: prepend: header Subject: Join Us for the Charity Run! from unknown[172.20.0.1]; from=<events@company.com> to=<recipient@email-threat-docker.local> proto=ESMTP helo=<[192.168.48.1]>: [Subject: ]
May 17 16:44:50 email-threat-docker postfix/cleanup[790]: 2CF1E62666: message-id=<>
May 17 16:44:50 email-threat-docker postfix/qmgr[102]: 2CF1E62666: from=<events@company.com>, size=641, nrcpt=1 (queue active)
May 17 16:44:50 email-threat-docker postfix/smtpd[792]: connect from scanner.yara_final_project_threat-net[172.20.0.2]
May 17 16:44:50 email-threat-docker postfix/smtpd[792]: 341FC6268E: client=scanner.yara_final_project_threat-net[172.20.0.2]
May 17 16:44:50 email-threat-docker postfix/cleanup[790]: 341FC6268E: message-id=<>
May 17 16:44:50 email-threat-docker postfix/qmgr[102]: 341FC6268E: from=<events@company.com>, size=876, nrcpt=1 (queue active)
May 17 16:44:50 email-threat-docker postfix/smtpd[792]: disconnect from scanner.yara_final_project_threat-net[172.20.0.2] ehlo=1 mail=1 rcpt=1 data=1 quit=1 commands=5
May 17 16:44:50 email-threat-docker postfix/smtp[791]: 2CF1E62666: to=<recipient@email-threat-docker.local>, relay=scanner[172.20.0.2]:10025, delay=0.04, delays=0.01/0/0.01/0.02, dsn=2.0.0, status=sent (250 Message delivered)
May 17 16:44:50 email-threat-docker postfix/qmgr[102]: 2CF1E62666: removed
May 17 16:44:50 email-threat-docker postfix/local[793]: 341FC6268E: to=<recipient@email-threat-docker.local>, relay=local, delay=0.02, delays=0.01/0/0/0.01, dsn=2.0.0, status=sent (delivered to command: /usr/bin/procmail)
May 17 16:44:50 email-threat-docker postfix/qmgr[102]: 341FC6268E: removed
May 17 16:44:51 email-threat-docker postfix/smtpd[786]: 21DCA62666: client=unknown[172.20.0.1]
May 17 16:44:51 email-threat-docker postfix/cleanup[790]: 21DCA62666: prepend: header Subject: Password Change Successful from unknown[172.20.0.1]; from=<security@service.com> to=<recipient@email-threat-docker.local> proto=ESMTP helo=<[192.168.48.1]>: [Subject: ]
May 17 16:44:51 email-threat-docker postfix/cleanup[790]: 21DCA62666: message-id=<>
May 17 16:44:51 email-threat-docker postfix/qmgr[102]: 21DCA62666: from=<security@service.com>, size=632, nrcpt=1 (queue active)
May 17 16:44:51 email-threat-docker postfix/smtpd[792]: connect from scanner.yara_final_project_threat-net[172.20.0.2]
May 17 16:44:51 email-threat-docker postfix/smtpd[792]: 27DF76268E: client=scanner.yara_final_project_threat-net[172.20.0.2]
May 17 16:44:51 email-threat-docker postfix/cleanup[790]: 27DF76268E: message-id=<>
May 17 16:44:51 email-threat-docker postfix/qmgr[102]: 27DF76268E: from=<security@service.com>, size=867, nrcpt=1 (queue active)
May 17 16:44:51 email-threat-docker postfix/smtpd[792]: disconnect from scanner.yara_final_project_threat-net[172.20.0.2] ehlo=1 mail=1 rcpt=1 data=1 quit=1 commands=5
May 17 16:44:51 email-threat-docker postfix/smtp[791]: 21DCA62666: to=<recipient@email-threat-docker.local>, relay=scanner[172.20.0.2]:10025, delay=0.03, delays=0.01/0/0.01/0.02, dsn=2.0.0, status=sent (250 Message delivered)
May 17 16:44:51 email-threat-docker postfix/qmgr[102]: 21DCA62666: removed
May 17 16:44:51 email-threat-docker postfix/local[793]: 27DF76268E: to=<recipient@email-threat-docker.local>, relay=local, delay=0.01, delays=0.01/0/0/0.01, dsn=2.0.0, status=sent (delivered to command: /usr/bin/procmail)
May 17 16:44:51 email-threat-docker postfix/qmgr[102]: 27DF76268E: removed
May 17 16:44:52 email-threat-docker postfix/smtpd[786]: 1674362666: client=unknown[172.20.0.1]
May 17 16:44:52 email-threat-docker postfix/cleanup[790]: 1674362666: prepend: header Subject: Feature X Deployment from unknown[172.20.0.1]; from=<devteam@company.com> to=<recipient@email-threat-docker.local> proto=ESMTP helo=<[192.168.48.1]>: [Subject: ]
May 17 16:44:52 email-threat-docker postfix/cleanup[790]: 1674362666: message-id=<>
May 17 16:44:52 email-threat-docker postfix/qmgr[102]: 1674362666: from=<devteam@company.com>, size=622, nrcpt=1 (queue active)
May 17 16:44:52 email-threat-docker postfix/smtpd[792]: connect from scanner.yara_final_project_threat-net[172.20.0.2]
May 17 16:44:52 email-threat-docker postfix/smtpd[792]: 1CB2B6268E: client=scanner.yara_final_project_threat-net[172.20.0.2]
May 17 16:44:52 email-threat-docker postfix/cleanup[790]: 1CB2B6268E: message-id=<>
May 17 16:44:52 email-threat-docker postfix/qmgr[102]: 1CB2B6268E: from=<devteam@company.com>, size=857, nrcpt=1 (queue active)
May 17 16:44:52 email-threat-docker postfix/smtpd[792]: disconnect from scanner.yara_final_project_threat-net[172.20.0.2] ehlo=1 mail=1 rcpt=1 data=1 quit=1 commands=5
May 17 16:44:52 email-threat-docker postfix/smtp[791]: 1674362666: to=<recipient@email-threat-docker.local>, relay=scanner[172.20.0.2]:10025, delay=0.04, delays=0.01/0/0.01/0.02, dsn=2.0.0, status=sent (250 Message delivered)
May 17 16:44:52 email-threat-docker postfix/qmgr[102]: 1674362666: removed
May 17 16:44:52 email-threat-docker postfix/local[793]: 1CB2B6268E: to=<recipient@email-threat-docker.local>, relay=local, delay=0.02, delays=0.01/0/0/0.01, dsn=2.0.0, status=sent (delivered to command: /usr/bin/procmail)
May 17 16:44:52 email-threat-docker postfix/qmgr[102]: 1CB2B6268E: removed
May 17 16:44:53 email-threat-docker postfix/smtpd[786]: 0B23362666: client=unknown[172.20.0.1]
May 17 16:44:53 email-threat-docker postfix/cleanup[790]: 0B23362666: prepend: header Subject: Town Hall Meeting Next Week from unknown[172.20.0.1]; from=<communications@company.com> to=<recipient@email-threat-docker.local> proto=ESMTP helo=<[192.168.48.1]>: [Subject: ]
May 17 16:44:53 email-threat-docker postfix/cleanup[790]: 0B23362666: message-id=<>
May 17 16:44:53 email-threat-docker postfix/qmgr[102]: 0B23362666: from=<communications@company.com>, size=646, nrcpt=1 (queue active)
May 17 16:44:53 email-threat-docker postfix/smtpd[792]: connect from scanner.yara_final_project_threat-net[172.20.0.2]
May 17 16:44:53 email-threat-docker postfix/smtpd[792]: 125076268E: client=scanner.yara_final_project_threat-net[172.20.0.2]
May 17 16:44:53 email-threat-docker postfix/cleanup[790]: 125076268E: message-id=<>
May 17 16:44:53 email-threat-docker postfix/qmgr[102]: 125076268E: from=<communications@company.com>, size=881, nrcpt=1 (queue active)
May 17 16:44:53 email-threat-docker postfix/smtpd[792]: disconnect from scanner.yara_final_project_threat-net[172.20.0.2] ehlo=1 mail=1 rcpt=1 data=1 quit=1 commands=5
May 17 16:44:53 email-threat-docker postfix/smtp[791]: 0B23362666: to=<recipient@email-threat-docker.local>, relay=scanner[172.20.0.2]:10025, delay=0.04, delays=0.01/0/0.01/0.02, dsn=2.0.0, status=sent (250 Message delivered)
May 17 16:44:53 email-threat-docker postfix/qmgr[102]: 0B23362666: removed
May 17 16:44:53 email-threat-docker postfix/local[793]: 125076268E: to=<recipient@email-threat-docker.local>, relay=local, delay=0.02, delays=0.01/0/0/0.01, dsn=2.0.0, status=sent (delivered to command: /usr/bin/procmail)
May 17 16:44:53 email-threat-docker postfix/qmgr[102]: 125076268E: removed
May 17 16:44:54 email-threat-docker postfix/smtpd[786]: 00A7562666: client=unknown[172.20.0.1]
May 17 16:44:54 email-threat-docker postfix/cleanup[790]: 00A7562666: prepend: header Subject: Urgent: Invoice Payment Required from unknown[172.20.0.1]; from=<billing@legit-company.com> to=<recipient@email-threat-docker.local> proto=ESMTP helo=<[192.168.48.1]>: [Subject: ]
May 17 16:44:54 email-threat-docker postfix/cleanup[790]: 00A7562666: message-id=<>
May 17 16:44:54 email-threat-docker postfix/qmgr[102]: 00A7562666: from=<billing@legit-company.com>, size=578, nrcpt=1 (queue active)
May 17 16:44:54 email-threat-docker postfix/smtp[791]: 00A7562666: to=<recipient@email-threat-docker.local>, relay=scanner[172.20.0.2]:10025, delay=0.06, delays=0.02/0/0.01/0.03, dsn=2.0.0, status=sent (250 Message quarantined)
May 17 16:44:54 email-threat-docker postfix/qmgr[102]: 00A7562666: removed
May 17 16:44:54 email-threat-docker postfix/smtpd[786]: EAE6F62666: client=unknown[172.20.0.1]
May 17 16:44:54 email-threat-docker postfix/cleanup[790]: EAE6F62666: prepend: header Subject: Hot Deals This Weekend! from unknown[172.20.0.1]; from=<deals@newsletter.com> to=<recipient@email-threat-docker.local> proto=ESMTP helo=<[192.168.48.1]>: [Subject: ]
May 17 16:44:54 email-threat-docker postfix/cleanup[790]: EAE6F62666: message-id=<>
May 17 16:44:54 email-threat-docker postfix/qmgr[102]: EAE6F62666: from=<deals@newsletter.com>, size=551, nrcpt=1 (queue active)
May 17 16:44:54 email-threat-docker postfix/smtpd[792]: connect from scanner.yara_final_project_threat-net[172.20.0.2]
May 17 16:44:54 email-threat-docker postfix/smtpd[792]: F321B6268F: client=scanner.yara_final_project_threat-net[172.20.0.2]
May 17 16:44:54 email-threat-docker postfix/cleanup[790]: F321B6268F: message-id=<>
May 17 16:44:55 email-threat-docker postfix/qmgr[102]: F321B6268F: from=<deals@newsletter.com>, size=786, nrcpt=1 (queue active)
May 17 16:44:55 email-threat-docker postfix/smtpd[792]: disconnect from scanner.yara_final_project_threat-net[172.20.0.2] ehlo=1 mail=1 rcpt=1 data=1 quit=1 commands=5
May 17 16:44:55 email-threat-docker postfix/smtp[791]: EAE6F62666: to=<recipient@email-threat-docker.local>, relay=scanner[172.20.0.2]:10025, delay=0.05, delays=0.01/0/0.01/0.03, dsn=2.0.0, status=sent (250 Message delivered)
May 17 16:44:55 email-threat-docker postfix/qmgr[102]: EAE6F62666: removed
May 17 16:44:55 email-threat-docker postfix/local[793]: F321B6268F: to=<recipient@email-threat-docker.local>, relay=local, delay=0.02, delays=0.01/0/0/0.01, dsn=2.0.0, status=sent (delivered to command: /usr/bin/procmail)
May 17 16:44:55 email-threat-docker postfix/qmgr[102]: F321B6268F: removed
May 17 16:44:55 email-threat-docker postfix/smtpd[786]: E18D462666: client=unknown[172.20.0.1]
May 17 16:44:55 email-threat-docker postfix/cleanup[790]: E18D462666: prepend: header Subject: Account Locked from unknown[172.20.0.1]; from=<security@onlinebank.com> to=<recipient@email-threat-docker.local> proto=ESMTP helo=<[192.168.48.1]>: [Subject: ]
May 17 16:44:55 email-threat-docker postfix/cleanup[790]: E18D462666: message-id=<>
May 17 16:44:55 email-threat-docker postfix/qmgr[102]: E18D462666: from=<security@onlinebank.com>, size=566, nrcpt=1 (queue active)
May 17 16:44:55 email-threat-docker postfix/smtpd[792]: connect from scanner.yara_final_project_threat-net[172.20.0.2]
May 17 16:44:55 email-threat-docker postfix/smtpd[792]: EF4626268F: client=scanner.yara_final_project_threat-net[172.20.0.2]
May 17 16:44:55 email-threat-docker postfix/cleanup[790]: EF4626268F: message-id=<>
May 17 16:44:55 email-threat-docker postfix/qmgr[102]: EF4626268F: from=<security@onlinebank.com>, size=801, nrcpt=1 (queue active)
May 17 16:44:55 email-threat-docker postfix/smtpd[792]: disconnect from scanner.yara_final_project_threat-net[172.20.0.2] ehlo=1 mail=1 rcpt=1 data=1 quit=1 commands=5
May 17 16:44:55 email-threat-docker postfix/smtp[791]: E18D462666: to=<recipient@email-threat-docker.local>, relay=scanner[172.20.0.2]:10025, delay=0.07, delays=0.02/0/0.01/0.04, dsn=2.0.0, status=sent (250 Message delivered)
May 17 16:44:55 email-threat-docker postfix/qmgr[102]: E18D462666: removed
May 17 16:44:56 email-threat-docker postfix/local[793]: EF4626268F: to=<recipient@email-threat-docker.local>, relay=local, delay=0.03, delays=0.01/0/0/0.02, dsn=2.0.0, status=sent (delivered to command: /usr/bin/procmail)
May 17 16:44:56 email-threat-docker postfix/qmgr[102]: EF4626268F: removed
May 17 16:44:58 email-threat-docker postfix/smtpd[786]: C9B8162666: client=unknown[172.20.0.1]
May 17 16:44:58 email-threat-docker postfix/cleanup[790]: C9B8162666: prepend: header Subject: Password Reset Required from unknown[172.20.0.1]; from=<support@service.com> to=<recipient@email-threat-docker.local> proto=ESMTP helo=<[192.168.48.1]>: [Subject: ]
May 17 16:44:58 email-threat-docker postfix/cleanup[790]: C9B8162666: message-id=<>
May 17 16:44:58 email-threat-docker postfix/qmgr[102]: C9B8162666: from=<support@service.com>, size=598, nrcpt=1 (queue active)
May 17 16:44:58 email-threat-docker postfix/smtpd[792]: connect from scanner.yara_final_project_threat-net[172.20.0.2]
May 17 16:44:58 email-threat-docker postfix/smtpd[792]: D2A8F6268F: client=scanner.yara_final_project_threat-net[172.20.0.2]
May 17 16:44:58 email-threat-docker postfix/cleanup[790]: D2A8F6268F: message-id=<>
May 17 16:44:58 email-threat-docker postfix/qmgr[102]: D2A8F6268F: from=<support@service.com>, size=833, nrcpt=1 (queue active)
May 17 16:44:58 email-threat-docker postfix/smtpd[792]: disconnect from scanner.yara_final_project_threat-net[172.20.0.2] ehlo=1 mail=1 rcpt=1 data=1 quit=1 commands=5
May 17 16:44:58 email-threat-docker postfix/smtp[791]: C9B8162666: to=<recipient@email-threat-docker.local>, relay=scanner[172.20.0.2]:10025, delay=0.05, delays=0.01/0/0.01/0.03, dsn=2.0.0, status=sent (250 Message delivered)
May 17 16:44:58 email-threat-docker postfix/qmgr[102]: C9B8162666: removed
May 17 16:44:58 email-threat-docker postfix/local[793]: D2A8F6268F: to=<recipient@email-threat-docker.local>, relay=local, delay=0.02, delays=0.01/0/0/0.01, dsn=2.0.0, status=sent (delivered to command: /usr/bin/procmail)
May 17 16:44:58 email-threat-docker postfix/qmgr[102]: D2A8F6268F: removed
May 17 16:44:59 email-threat-docker postfix/smtpd[786]: BFC9D6268C: client=unknown[172.20.0.1]
May 17 16:44:59 email-threat-docker postfix/cleanup[790]: BFC9D6268C: prepend: header Subject: Urgent Wire Transfer from unknown[172.20.0.1]; from=<alice.smith@bigcorp.com> to=<recipient@email-threat-docker.local> proto=ESMTP helo=<[192.168.48.1]>: [Subject: ]
May 17 16:44:59 email-threat-docker postfix/cleanup[790]: BFC9D6268C: message-id=<>
May 17 16:44:59 email-threat-docker postfix/qmgr[102]: BFC9D6268C: from=<alice.smith@bigcorp.com>, size=594, nrcpt=1 (queue active)
May 17 16:44:59 email-threat-docker postfix/smtpd[792]: connect from scanner.yara_final_project_threat-net[172.20.0.2]
May 17 16:44:59 email-threat-docker postfix/smtpd[792]: C6DC16268F: client=scanner.yara_final_project_threat-net[172.20.0.2]
May 17 16:44:59 email-threat-docker postfix/cleanup[790]: C6DC16268F: message-id=<>
May 17 16:44:59 email-threat-docker postfix/qmgr[102]: C6DC16268F: from=<alice.smith@bigcorp.com>, size=829, nrcpt=1 (queue active)
May 17 16:44:59 email-threat-docker postfix/smtpd[792]: disconnect from scanner.yara_final_project_threat-net[172.20.0.2] ehlo=1 mail=1 rcpt=1 data=1 quit=1 commands=5
May 17 16:44:59 email-threat-docker postfix/smtp[791]: BFC9D6268C: to=<recipient@email-threat-docker.local>, relay=scanner[172.20.0.2]:10025, delay=0.04, delays=0.01/0/0.01/0.02, dsn=2.0.0, status=sent (250 Message delivered)
May 17 16:44:59 email-threat-docker postfix/qmgr[102]: BFC9D6268C: removed
May 17 16:44:59 email-threat-docker postfix/local[793]: C6DC16268F: to=<recipient@email-threat-docker.local>, relay=local, delay=0.02, delays=0.01/0/0/0.01, dsn=2.0.0, status=sent (delivered to command: /usr/bin/procmail)
May 17 16:44:59 email-threat-docker postfix/qmgr[102]: C6DC16268F: removed
May 17 16:45:00 email-threat-docker postfix/smtpd[786]: B56666268C: client=unknown[172.20.0.1]
May 17 16:45:00 email-threat-docker postfix/cleanup[790]: B56666268C: prepend: header Subject: Important Document from unknown[172.20.0.1]; from=<info@company.com> to=<recipient@email-threat-docker.local> proto=ESMTP helo=<[192.168.48.1]>: [Subject: ]
May 17 16:45:00 email-threat-docker postfix/cleanup[790]: B56666268C: message-id=<>
May 17 16:45:00 email-threat-docker postfix/qmgr[102]: B56666268C: from=<info@company.com>, size=526, nrcpt=1 (queue active)
May 17 16:45:00 email-threat-docker postfix/smtp[791]: B56666268C: to=<recipient@email-threat-docker.local>, relay=scanner[172.20.0.2]:10025, delay=0.03, delays=0.01/0/0.01/0.01, dsn=2.0.0, status=sent (250 Message quarantined)
May 17 16:45:00 email-threat-docker postfix/qmgr[102]: B56666268C: removed
May 17 16:45:01 email-threat-docker postfix/smtpd[786]: AB16A6268C: client=unknown[172.20.0.1]
May 17 16:45:01 email-threat-docker postfix/cleanup[790]: AB16A6268C: prepend: header Subject: Monthly Report from unknown[172.20.0.1]; from=<admin@company.com> to=<recipient@email-threat-docker.local> proto=ESMTP helo=<[192.168.48.1]>: [Subject: ]
May 17 16:45:01 email-threat-docker postfix/cleanup[790]: AB16A6268C: message-id=<>
May 17 16:45:01 email-threat-docker postfix/qmgr[102]: AB16A6268C: from=<admin@company.com>, size=585, nrcpt=1 (queue active)
May 17 16:45:01 email-threat-docker postfix/smtpd[792]: connect from scanner.yara_final_project_threat-net[172.20.0.2]
May 17 16:45:01 email-threat-docker postfix/smtpd[792]: B2A9762690: client=scanner.yara_final_project_threat-net[172.20.0.2]
May 17 16:45:01 email-threat-docker postfix/cleanup[790]: B2A9762690: message-id=<>
May 17 16:45:01 email-threat-docker postfix/qmgr[102]: B2A9762690: from=<admin@company.com>, size=820, nrcpt=1 (queue active)
May 17 16:45:01 email-threat-docker postfix/smtpd[792]: disconnect from scanner.yara_final_project_threat-net[172.20.0.2] ehlo=1 mail=1 rcpt=1 data=1 quit=1 commands=5
May 17 16:45:01 email-threat-docker postfix/smtp[791]: AB16A6268C: to=<recipient@email-threat-docker.local>, relay=scanner[172.20.0.2]:10025, delay=0.04, delays=0.01/0/0.01/0.02, dsn=2.0.0, status=sent (250 Message delivered)
May 17 16:45:01 email-threat-docker postfix/qmgr[102]: AB16A6268C: removed
May 17 16:45:01 email-threat-docker postfix/local[793]: B2A9762690: to=<recipient@email-threat-docker.local>, relay=local, delay=0.02, delays=0.01/0/0/0.01, dsn=2.0.0, status=sent (delivered to command: /usr/bin/procmail)
May 17 16:45:01 email-threat-docker postfix/qmgr[102]: B2A9762690: removed
May 17 16:45:02 email-threat-docker postfix/smtpd[786]: A08816268C: client=unknown[172.20.0.1]
May 17 16:45:02 email-threat-docker postfix/cleanup[790]: A08816268C: prepend: header Subject: Security Alert from unknown[172.20.0.1]; from=<notifications@company.com> to=<recipient@email-threat-docker.local> proto=ESMTP helo=<[192.168.48.1]>: [Subject: ]
May 17 16:45:02 email-threat-docker postfix/cleanup[790]: A08816268C: message-id=<>
May 17 16:45:02 email-threat-docker postfix/qmgr[102]: A08816268C: from=<notifications@company.com>, size=499, nrcpt=1 (queue active)
May 17 16:45:02 email-threat-docker postfix/smtpd[792]: connect from scanner.yara_final_project_threat-net[172.20.0.2]
May 17 16:45:02 email-threat-docker postfix/smtpd[792]: A6E4562690: client=scanner.yara_final_project_threat-net[172.20.0.2]
May 17 16:45:02 email-threat-docker postfix/cleanup[790]: A6E4562690: message-id=<>
May 17 16:45:02 email-threat-docker postfix/qmgr[102]: A6E4562690: from=<notifications@company.com>, size=734, nrcpt=1 (queue active)
May 17 16:45:02 email-threat-docker postfix/smtpd[792]: disconnect from scanner.yara_final_project_threat-net[172.20.0.2] ehlo=1 mail=1 rcpt=1 data=1 quit=1 commands=5
May 17 16:45:02 email-threat-docker postfix/smtp[791]: A08816268C: to=<recipient@email-threat-docker.local>, relay=scanner[172.20.0.2]:10025, delay=0.04, delays=0.01/0/0.01/0.02, dsn=2.0.0, status=sent (250 Message delivered)
May 17 16:45:02 email-threat-docker postfix/qmgr[102]: A08816268C: removed
May 17 16:45:02 email-threat-docker postfix/local[793]: A6E4562690: to=<recipient@email-threat-docker.local>, relay=local, delay=0.02, delays=0.01/0/0/0.01, dsn=2.0.0, status=sent (delivered to command: /usr/bin/procmail)
May 17 16:45:02 email-threat-docker postfix/qmgr[102]: A6E4562690: removed
May 17 16:45:03 email-threat-docker postfix/smtpd[786]: 965906268C: client=unknown[172.20.0.1]
May 17 16:45:03 email-threat-docker postfix/cleanup[790]: 965906268C: prepend: header Subject: System Notification from unknown[172.20.0.1]; from=<support@service.com> to=<recipient@email-threat-docker.local> proto=ESMTP helo=<[192.168.48.1]>: [Subject: ]
May 17 16:45:03 email-threat-docker postfix/cleanup[790]: 965906268C: message-id=<>
May 17 16:45:03 email-threat-docker postfix/qmgr[102]: 965906268C: from=<support@service.com>, size=533, nrcpt=1 (queue active)
May 17 16:45:03 email-threat-docker postfix/smtpd[792]: connect from scanner.yara_final_project_threat-net[172.20.0.2]
May 17 16:45:03 email-threat-docker postfix/smtpd[792]: 9D92162690: client=scanner.yara_final_project_threat-net[172.20.0.2]
May 17 16:45:03 email-threat-docker postfix/cleanup[790]: 9D92162690: message-id=<>
May 17 16:45:03 email-threat-docker postfix/qmgr[102]: 9D92162690: from=<support@service.com>, size=768, nrcpt=1 (queue active)
May 17 16:45:03 email-threat-docker postfix/smtpd[792]: disconnect from scanner.yara_final_project_threat-net[172.20.0.2] ehlo=1 mail=1 rcpt=1 data=1 quit=1 commands=5
May 17 16:45:03 email-threat-docker postfix/smtp[791]: 965906268C: to=<recipient@email-threat-docker.local>, relay=scanner[172.20.0.2]:10025, delay=0.04, delays=0.01/0/0.01/0.02, dsn=2.0.0, status=sent (250 Message delivered)
May 17 16:45:03 email-threat-docker postfix/qmgr[102]: 965906268C: removed
May 17 16:45:03 email-threat-docker postfix/local[793]: 9D92162690: to=<recipient@email-threat-docker.local>, relay=local, delay=0.02, delays=0.01/0/0/0.01, dsn=2.0.0, status=sent (delivered to command: /usr/bin/procmail)
May 17 16:45:03 email-threat-docker postfix/qmgr[102]: 9D92162690: removed
May 17 16:45:04 email-threat-docker postfix/smtpd[786]: 8C0C86268C: client=unknown[172.20.0.1]
May 17 16:45:04 email-threat-docker postfix/cleanup[790]: 8C0C86268C: prepend: header Subject: Final Warning from unknown[172.20.0.1]; from=<support@service.com> to=<recipient@email-threat-docker.local> proto=ESMTP helo=<[192.168.48.1]>: [Subject: ]
May 17 16:45:04 email-threat-docker postfix/cleanup[790]: 8C0C86268C: message-id=<>
May 17 16:45:04 email-threat-docker postfix/qmgr[102]: 8C0C86268C: from=<support@service.com>, size=577, nrcpt=1 (queue active)
May 17 16:45:04 email-threat-docker postfix/smtp[791]: 8C0C86268C: to=<recipient@email-threat-docker.local>, relay=scanner[172.20.0.2]:10025, delay=0.03, delays=0.01/0/0.01/0.01, dsn=2.0.0, status=sent (250 Message quarantined)
May 17 16:45:04 email-threat-docker postfix/qmgr[102]: 8C0C86268C: removed
May 17 16:45:05 email-threat-docker postfix/smtpd[786]: 8160C6268C: client=unknown[172.20.0.1]
May 17 16:45:05 email-threat-docker postfix/cleanup[790]: 8160C6268C: prepend: header Subject: Mandatory W-2 Form from unknown[172.20.0.1]; from=<hr@company.com> to=<recipient@email-threat-docker.local> proto=ESMTP helo=<[192.168.48.1]>: [Subject: ]
May 17 16:45:05 email-threat-docker postfix/cleanup[790]: 8160C6268C: message-id=<>
May 17 16:45:05 email-threat-docker postfix/qmgr[102]: 8160C6268C: from=<hr@company.com>, size=499, nrcpt=1 (queue active)
May 17 16:45:05 email-threat-docker postfix/smtpd[792]: connect from scanner.yara_final_project_threat-net[172.20.0.2]
May 17 16:45:05 email-threat-docker postfix/smtpd[792]: 8832362692: client=scanner.yara_final_project_threat-net[172.20.0.2]
May 17 16:45:05 email-threat-docker postfix/cleanup[790]: 8832362692: message-id=<>
May 17 16:45:05 email-threat-docker postfix/qmgr[102]: 8832362692: from=<hr@company.com>, size=734, nrcpt=1 (queue active)
May 17 16:45:05 email-threat-docker postfix/smtpd[792]: disconnect from scanner.yara_final_project_threat-net[172.20.0.2] ehlo=1 mail=1 rcpt=1 data=1 quit=1 commands=5
May 17 16:45:05 email-threat-docker postfix/smtp[791]: 8160C6268C: to=<recipient@email-threat-docker.local>, relay=scanner[172.20.0.2]:10025, delay=0.04, delays=0.01/0/0.01/0.02, dsn=2.0.0, status=sent (250 Message delivered)
May 17 16:45:05 email-threat-docker postfix/qmgr[102]: 8160C6268C: removed
May 17 16:45:05 email-threat-docker postfix/local[793]: 8832362692: to=<recipient@email-threat-docker.local>, relay=local, delay=0.02, delays=0.01/0/0/0.01, dsn=2.0.0, status=sent (delivered to command: /usr/bin/procmail)
May 17 16:45:05 email-threat-docker postfix/qmgr[102]: 8832362692: removed
May 17 16:45:06 email-threat-docker postfix/smtpd[786]: 759A86268C: client=unknown[172.20.0.1]
May 17 16:45:06 email-threat-docker postfix/cleanup[790]: 759A86268C: prepend: header Subject: Special Announcement from unknown[172.20.0.1]; from=<updates@deals.com> to=<recipient@email-threat-docker.local> proto=ESMTP helo=<[192.168.48.1]>: [Subject: ]
May 17 16:45:06 email-threat-docker postfix/cleanup[790]: 759A86268C: message-id=<>
May 17 16:45:06 email-threat-docker postfix/qmgr[102]: 759A86268C: from=<updates@deals.com>, size=477, nrcpt=1 (queue active)
May 17 16:45:06 email-threat-docker postfix/smtpd[792]: connect from scanner.yara_final_project_threat-net[172.20.0.2]
May 17 16:45:06 email-threat-docker postfix/smtpd[792]: 7B84D62692: client=scanner.yara_final_project_threat-net[172.20.0.2]
May 17 16:45:06 email-threat-docker postfix/cleanup[790]: 7B84D62692: message-id=<>
May 17 16:45:06 email-threat-docker postfix/qmgr[102]: 7B84D62692: from=<updates@deals.com>, size=712, nrcpt=1 (queue active)
May 17 16:45:06 email-threat-docker postfix/smtpd[792]: disconnect from scanner.yara_final_project_threat-net[172.20.0.2] ehlo=1 mail=1 rcpt=1 data=1 quit=1 commands=5
May 17 16:45:06 email-threat-docker postfix/smtp[791]: 759A86268C: to=<recipient@email-threat-docker.local>, relay=scanner[172.20.0.2]:10025, delay=0.04, delays=0.01/0/0.01/0.02, dsn=2.0.0, status=sent (250 Message delivered)
May 17 16:45:06 email-threat-docker postfix/qmgr[102]: 759A86268C: removed
May 17 16:45:06 email-threat-docker postfix/local[793]: 7B84D62692: to=<recipient@email-threat-docker.local>, relay=local, delay=0.01, delays=0.01/0/0/0.01, dsn=2.0.0, status=sent (delivered to command: /usr/bin/procmail)
May 17 16:45:06 email-threat-docker postfix/qmgr[102]: 7B84D62692: removed
May 17 16:45:07 email-threat-docker postfix/smtpd[786]: 693E96268C: client=unknown[172.20.0.1]
May 17 16:45:07 email-threat-docker postfix/cleanup[790]: 693E96268C: prepend: header Subject: Account Verification Needed from unknown[172.20.0.1]; from=<support@apple.com> to=<recipient@email-threat-docker.local> proto=ESMTP helo=<[192.168.48.1]>: [Subject: ]
May 17 16:45:07 email-threat-docker postfix/cleanup[790]: 693E96268C: message-id=<>
May 17 16:45:07 email-threat-docker postfix/qmgr[102]: 693E96268C: from=<support@apple.com>, size=576, nrcpt=1 (queue active)
May 17 16:45:07 email-threat-docker postfix/smtp[791]: 693E96268C: to=<recipient@email-threat-docker.local>, relay=scanner[172.20.0.2]:10025, delay=0.03, delays=0.01/0/0.01/0.01, dsn=2.0.0, status=sent (250 Message quarantined)
May 17 16:45:07 email-threat-docker postfix/qmgr[102]: 693E96268C: removed
May 17 16:45:08 email-threat-docker postfix/smtpd[786]: 5D6516268C: client=unknown[172.20.0.1]
May 17 16:45:08 email-threat-docker postfix/cleanup[790]: 5D6516268C: prepend: header Subject: Password Reset Request from unknown[172.20.0.1]; from=<support@bank.com> to=<recipient@email-threat-docker.local> proto=ESMTP helo=<[192.168.48.1]>: [Subject: ]
May 17 16:45:08 email-threat-docker postfix/cleanup[790]: 5D6516268C: message-id=<>
May 17 16:45:08 email-threat-docker postfix/qmgr[102]: 5D6516268C: from=<support@bank.com>, size=541, nrcpt=1 (queue active)
May 17 16:45:08 email-threat-docker postfix/smtpd[792]: connect from scanner.yara_final_project_threat-net[172.20.0.2]
May 17 16:45:08 email-threat-docker postfix/smtpd[792]: 6591F62694: client=scanner.yara_final_project_threat-net[172.20.0.2]
May 17 16:45:08 email-threat-docker postfix/cleanup[790]: 6591F62694: message-id=<>
May 17 16:45:08 email-threat-docker postfix/qmgr[102]: 6591F62694: from=<support@bank.com>, size=776, nrcpt=1 (queue active)
May 17 16:45:08 email-threat-docker postfix/smtpd[792]: disconnect from scanner.yara_final_project_threat-net[172.20.0.2] ehlo=1 mail=1 rcpt=1 data=1 quit=1 commands=5
May 17 16:45:08 email-threat-docker postfix/smtp[791]: 5D6516268C: to=<recipient@email-threat-docker.local>, relay=scanner[172.20.0.2]:10025, delay=0.05, delays=0.01/0/0.01/0.03, dsn=2.0.0, status=sent (250 Message delivered)
May 17 16:45:08 email-threat-docker postfix/qmgr[102]: 5D6516268C: removed
May 17 16:45:08 email-threat-docker postfix/local[793]: 6591F62694: to=<recipient@email-threat-docker.local>, relay=local, delay=0.02, delays=0.01/0/0/0.01, dsn=2.0.0, status=sent (delivered to command: /usr/bin/procmail)
May 17 16:45:08 email-threat-docker postfix/qmgr[102]: 6591F62694: removed
May 17 16:45:09 email-threat-docker postfix/smtpd[786]: 51CC36268C: client=unknown[172.20.0.1]
May 17 16:45:09 email-threat-docker postfix/cleanup[790]: 51CC36268C: prepend: header Subject: Mandatory Company Survey from unknown[172.20.0.1]; from=<hr@company.com> to=<recipient@email-threat-docker.local> proto=ESMTP helo=<[192.168.48.1]>: [Subject: ]
May 17 16:45:09 email-threat-docker postfix/cleanup[790]: 51CC36268C: message-id=<>
