May 17 16:45:09 email-threat-docker postfix/qmgr[102]: 51CC36268C: from=<hr@company.com>, size=532, nrcpt=1 (queue active)
May 17 16:45:09 email-threat-docker postfix/smtpd[792]: connect from scanner.yara_final_project_threat-net[172.20.0.2]
May 17 16:45:09 email-threat-docker postfix/smtpd[792]: 5808562694: client=scanner.yara_final_project_threat-net[172.20.0.2]
May 17 16:45:09 email-threat-docker postfix/cleanup[790]: 5808562694: message-id=<>
May 17 16:45:09 email-threat-docker postfix/qmgr[102]: 5808562694: from=<hr@company.com>, size=767, nrcpt=1 (queue active)
May 17 16:45:09 email-threat-docker postfix/smtpd[792]: disconnect from scanner.yara_final_project_threat-net[172.20.0.2] ehlo=1 mail=1 rcpt=1 data=1 quit=1 commands=5
May 17 16:45:09 email-threat-docker postfix/smtp[791]: 51CC36268C: to=<recipient@email-threat-docker.local>, relay=scanner[172.20.0.2]:10025, delay=0.04, delays=0.01/0/0.01/0.02, dsn=2.0.0, status=sent (250 Message delivered)
May 17 16:45:09 email-threat-docker postfix/qmgr[102]: 51CC36268C: removed
May 17 16:45:09 email-threat-docker postfix/local[793]: 5808562694: to=<recipient@email-threat-docker.local>, relay=local, delay=0.01, delays=0.01/0/0/0.01, dsn=2.0.0, status=sent (delivered to command: /usr/bin/procmail)
May 17 16:45:09 email-threat-docker postfix/qmgr[102]: 5808562694: removed
May 17 16:45:10 email-threat-docker postfix/smtpd[786]: 45DA662666: client=unknown[172.20.0.1]
May 17 16:45:10 email-threat-docker postfix/cleanup[790]: 45DA662666: prepend: header Subject: Suspicious Login Attempt from unknown[172.20.0.1]; from=<support@onlineservice.com> to=<recipient@email-threat-docker.local> proto=ESMTP helo=<[192.168.48.1]>: [Subject: ]
May 17 16:45:10 email-threat-docker postfix/cleanup[790]: 45DA662666: message-id=<>
May 17 16:45:10 email-threat-docker postfix/qmgr[102]: 45DA662666: from=<support@onlineservice.com>, size=558, nrcpt=1 (queue active)
May 17 16:45:10 email-threat-docker postfix/smtpd[792]: connect from scanner.yara_final_project_threat-net[172.20.0.2]
May 17 16:45:10 email-threat-docker postfix/smtpd[792]: 4D56362694: client=scanner.yara_final_project_threat-net[172.20.0.2]
May 17 16:45:10 email-threat-docker postfix/cleanup[790]: 4D56362694: message-id=<>
May 17 16:45:10 email-threat-docker postfix/qmgr[102]: 4D56362694: from=<support@onlineservice.com>, size=793, nrcpt=1 (queue active)
May 17 16:45:10 email-threat-docker postfix/smtpd[792]: disconnect from scanner.yara_final_project_threat-net[172.20.0.2] ehlo=1 mail=1 rcpt=1 data=1 quit=1 commands=5
May 17 16:45:10 email-threat-docker postfix/smtp[791]: 45DA662666: to=<recipient@email-threat-docker.local>, relay=scanner[172.20.0.2]:10025, delay=0.04, delays=0.01/0/0.01/0.02, dsn=2.0.0, status=sent (250 Message delivered)
May 17 16:45:10 email-threat-docker postfix/qmgr[102]: 45DA662666: removed
May 17 16:45:10 email-threat-docker postfix/local[793]: 4D56362694: to=<recipient@email-threat-docker.local>, relay=local, delay=0.02, delays=0.01/0/0/0.01, dsn=2.0.0, status=sent (delivered to command: /usr/bin/procmail)
May 17 16:45:10 email-threat-docker postfix/qmgr[102]: 4D56362694: removed
May 17 16:45:11 email-threat-docker postfix/smtpd[786]: 3A04162666: client=unknown[172.20.0.1]
May 17 16:45:11 email-threat-docker postfix/cleanup[790]: 3A04162666: prepend: header Subject: Account Compromised from unknown[172.20.0.1]; from=<security@bigcorp.com> to=<recipient@email-threat-docker.local> proto=ESMTP helo=<[192.168.48.1]>: [Subject: ]
May 17 16:45:11 email-threat-docker postfix/cleanup[790]: 3A04162666: message-id=<>
May 17 16:45:11 email-threat-docker postfix/qmgr[102]: 3A04162666: from=<security@bigcorp.com>, size=528, nrcpt=1 (queue active)
May 17 16:45:11 email-threat-docker postfix/smtpd[792]: connect from scanner.yara_final_project_threat-net[172.20.0.2]
May 17 16:45:11 email-threat-docker postfix/smtpd[792]: 3FF5F62694: client=scanner.yara_final_project_threat-net[172.20.0.2]
May 17 16:45:11 email-threat-docker postfix/cleanup[790]: 3FF5F62694: message-id=<>
May 17 16:45:11 email-threat-docker postfix/qmgr[102]: 3FF5F62694: from=<security@bigcorp.com>, size=763, nrcpt=1 (queue active)
May 17 16:45:11 email-threat-docker postfix/smtpd[792]: disconnect from scanner.yara_final_project_threat-net[172.20.0.2] ehlo=1 mail=1 rcpt=1 data=1 quit=1 commands=5
May 17 16:45:11 email-threat-docker postfix/smtp[791]: 3A04162666: to=<recipient@email-threat-docker.local>, relay=scanner[172.20.0.2]:10025, delay=0.03, delays=0.01/0/0.01/0.02, dsn=2.0.0, status=sent (250 Message delivered)
May 17 16:45:11 email-threat-docker postfix/qmgr[102]: 3A04162666: removed
May 17 16:45:11 email-threat-docker postfix/local[793]: 3FF5F62694: to=<recipient@email-threat-docker.local>, relay=local, delay=0.01, delays=0.01/0/0/0.01, dsn=2.0.0, status=sent (delivered to command: /usr/bin/procmail)
May 17 16:45:11 email-threat-docker postfix/qmgr[102]: 3FF5F62694: removed
May 17 16:45:12 email-threat-docker postfix/smtpd[786]: 2DFD162666: client=unknown[172.20.0.1]
May 17 16:45:12 email-threat-docker postfix/cleanup[790]: 2DFD162666: prepend: header Subject: You've Won a $100 Gift Card! from unknown[172.20.0.1]; from=<rewards@shopping.com> to=<recipient@email-threat-docker.local> proto=ESMTP helo=<[192.168.48.1]>: [Subject: ]
May 17 16:45:12 email-threat-docker postfix/cleanup[790]: 2DFD162666: message-id=<>
May 17 16:45:12 email-threat-docker postfix/qmgr[102]: 2DFD162666: from=<rewards@shopping.com>, size=536, nrcpt=1 (queue active)
May 17 16:45:12 email-threat-docker postfix/smtpd[792]: connect from scanner.yara_final_project_threat-net[172.20.0.2]
May 17 16:45:12 email-threat-docker postfix/smtpd[792]: 3589262694: client=scanner.yara_final_project_threat-net[172.20.0.2]
May 17 16:45:12 email-threat-docker postfix/cleanup[790]: 3589262694: message-id=<>
May 17 16:45:12 email-threat-docker postfix/qmgr[102]: 3589262694: from=<rewards@shopping.com>, size=771, nrcpt=1 (queue active)
May 17 16:45:12 email-threat-docker postfix/smtpd[792]: disconnect from scanner.yara_final_project_threat-net[172.20.0.2] ehlo=1 mail=1 rcpt=1 data=1 quit=1 commands=5
May 17 16:45:12 email-threat-docker postfix/smtp[791]: 2DFD162666: to=<recipient@email-threat-docker.local>, relay=scanner[172.20.0.2]:10025, delay=0.04, delays=0.01/0/0.01/0.02, dsn=2.0.0, status=sent (250 Message delivered)
May 17 16:45:12 email-threat-docker postfix/qmgr[102]: 2DFD162666: removed
May 17 16:45:12 email-threat-docker postfix/local[793]: 3589262694: to=<recipient@email-threat-docker.local>, relay=local, delay=0.02, delays=0.01/0/0/0.01, dsn=2.0.0, status=sent (delivered to command: /usr/bin/procmail)
May 17 16:45:12 email-threat-docker postfix/qmgr[102]: 3589262694: removed
May 17 16:45:13 email-threat-docker postfix/smtpd[786]: 228AD62666: client=unknown[172.20.0.1]
May 17 16:45:13 email-threat-docker postfix/cleanup[790]: 228AD62666: prepend: header Subject: Quick Employee Survey from unknown[172.20.0.1]; from=<survey@company.com> to=<recipient@email-threat-docker.local> proto=ESMTP helo=<[192.168.48.1]>: [Subject: ]
May 17 16:45:13 email-threat-docker postfix/cleanup[790]: 228AD62666: message-id=<>
May 17 16:45:13 email-threat-docker postfix/qmgr[102]: 228AD62666: from=<survey@company.com>, size=502, nrcpt=1 (queue active)
May 17 16:45:13 email-threat-docker postfix/smtpd[792]: connect from scanner.yara_final_project_threat-net[172.20.0.2]
May 17 16:45:13 email-threat-docker postfix/smtpd[792]: 2C3B562694: client=scanner.yara_final_project_threat-net[172.20.0.2]
May 17 16:45:13 email-threat-docker postfix/cleanup[790]: 2C3B562694: message-id=<>
May 17 16:45:13 email-threat-docker postfix/qmgr[102]: 2C3B562694: from=<survey@company.com>, size=737, nrcpt=1 (queue active)
May 17 16:45:13 email-threat-docker postfix/smtpd[792]: disconnect from scanner.yara_final_project_threat-net[172.20.0.2] ehlo=1 mail=1 rcpt=1 data=1 quit=1 commands=5
May 17 16:45:13 email-threat-docker postfix/smtp[791]: 228AD62666: to=<recipient@email-threat-docker.local>, relay=scanner[172.20.0.2]:10025, delay=0.05, delays=0.02/0/0.01/0.02, dsn=2.0.0, status=sent (250 Message delivered)
May 17 16:45:13 email-threat-docker postfix/qmgr[102]: 228AD62666: removed
May 17 16:45:13 email-threat-docker postfix/local[793]: 2C3B562694: to=<recipient@email-threat-docker.local>, relay=local, delay=0.02, delays=0.01/0/0/0.01, dsn=2.0.0, status=sent (delivered to command: /usr/bin/procmail)
May 17 16:45:13 email-threat-docker postfix/qmgr[102]: 2C3B562694: removed
May 17 16:45:14 email-threat-docker postfix/smtpd[786]: 17C2462666: client=unknown[172.20.0.1]
May 17 16:45:14 email-threat-docker postfix/cleanup[790]: 17C2462666: prepend: header Subject: Job Interview Invitation from unknown[172.20.0.1]; from=<recruiter@jobs.com> to=<recipient@email-threat-docker.local> proto=ESMTP helo=<[192.168.48.1]>: [Subject: ]
May 17 16:45:14 email-threat-docker postfix/cleanup[790]: 17C2462666: message-id=<>
May 17 16:45:14 email-threat-docker postfix/qmgr[102]: 17C2462666: from=<recruiter@jobs.com>, size=544, nrcpt=1 (queue active)
May 17 16:45:14 email-threat-docker postfix/smtpd[786]: disconnect from unknown[172.20.0.1] ehlo=1 mail=30 rcpt=30 data=30 quit=1 commands=92
May 17 16:45:14 email-threat-docker postfix/smtpd[792]: connect from scanner.yara_final_project_threat-net[172.20.0.2]
May 17 16:45:14 email-threat-docker postfix/smtpd[792]: 1EED662694: client=scanner.yara_final_project_threat-net[172.20.0.2]
May 17 16:45:14 email-threat-docker postfix/cleanup[790]: 1EED662694: message-id=<>
May 17 16:45:14 email-threat-docker postfix/qmgr[102]: 1EED662694: from=<recruiter@jobs.com>, size=779, nrcpt=1 (queue active)
May 17 16:45:14 email-threat-docker postfix/smtpd[792]: disconnect from scanner.yara_final_project_threat-net[172.20.0.2] ehlo=1 mail=1 rcpt=1 data=1 quit=1 commands=5
May 17 16:45:14 email-threat-docker postfix/smtp[791]: 17C2462666: to=<recipient@email-threat-docker.local>, relay=scanner[172.20.0.2]:10025, delay=0.04, delays=0.01/0/0.01/0.02, dsn=2.0.0, status=sent (250 Message delivered)
May 17 16:45:14 email-threat-docker postfix/qmgr[102]: 17C2462666: removed
May 17 16:45:14 email-threat-docker postfix/local[793]: 1EED662694: to=<recipient@email-threat-docker.local>, relay=local, delay=0.02, delays=0.01/0/0/0.01, dsn=2.0.0, status=sent (delivered to command: /usr/bin/procmail)
May 17 16:45:14 email-threat-docker postfix/qmgr[102]: 1EED662694: removed
May 17 17:08:37 email-threat-docker postfix/postfix-script[72]: warning: group or other writable: /etc/postfix/./main.cf
May 17 17:08:37 email-threat-docker postfix/postfix-script[74]: warning: group or other writable: /etc/postfix/./master.cf
May 17 17:08:37 email-threat-docker postfix/postfix-script[75]: warning: group or other writable: /etc/postfix/./transport
May 17 17:08:38 email-threat-docker postfix/postfix-script[98]: starting the Postfix mail system
May 17 17:08:38 email-threat-docker postfix/master[100]: daemon started -- version 3.6.4, configuration /etc/postfix
May 17 17:08:38 email-threat-docker rsyslogd: imklog: cannot open kernel log (/proc/kmsg): Operation not permitted.
May 17 17:08:38 email-threat-docker rsyslogd: activation of module imklog failed [v8.2112.0 try https://www.rsyslog.com/e/2145 ]
May 17 17:08:38 email-threat-docker rsyslogd: rsyslogd's groupid changed to 101
May 17 17:08:38 email-threat-docker rsyslogd: rsyslogd's userid changed to 101
May 17 17:08:38 email-threat-docker rsyslogd: [origin software="rsyslogd" swVersion="8.2112.0" x-pid="8" x-info="https://www.rsyslog.com"] start
May 17 17:10:17 email-threat-docker postfix/smtpd[230]: warning: dict_nis_init: NIS domain name not set - NIS lookups disabled
May 17 17:10:17 email-threat-docker postfix/smtpd[230]: connect from unknown[172.20.0.1]
May 17 17:10:18 email-threat-docker postfix/smtpd[230]: 706D1627A1: client=unknown[172.20.0.1]
May 17 17:10:18 email-threat-docker postfix/cleanup[242]: 706D1627A1: prepend: header Subject: Welcome to Our Service from unknown[172.20.0.1]; from=<notifications@company.com> to=<recipient@email-threat-docker.local> proto=ESMTP helo=<[192.168.48.1]>: [Subject: ]
May 17 17:10:18 email-threat-docker postfix/cleanup[242]: 706D1627A1: message-id=<>
May 17 17:10:18 email-threat-docker postfix/qmgr[102]: 706D1627A1: from=<notifications@company.com>, size=648, nrcpt=1 (queue active)
May 17 17:10:18 email-threat-docker postfix/smtpd[244]: warning: dict_nis_init: NIS domain name not set - NIS lookups disabled
May 17 17:10:18 email-threat-docker postfix/smtpd[244]: connect from scanner.yara_final_project_threat-net[172.20.0.3]
May 17 17:10:18 email-threat-docker postfix/smtpd[244]: 87CCC65B31: client=scanner.yara_final_project_threat-net[172.20.0.3]
May 17 17:10:18 email-threat-docker postfix/cleanup[242]: 87CCC65B31: message-id=<>
May 17 17:10:18 email-threat-docker postfix/qmgr[102]: 87CCC65B31: from=<notifications@company.com>, size=883, nrcpt=1 (queue active)
May 17 17:10:18 email-threat-docker postfix/smtpd[244]: disconnect from scanner.yara_final_project_threat-net[172.20.0.3] ehlo=1 mail=1 rcpt=1 data=1 quit=1 commands=5
May 17 17:10:18 email-threat-docker postfix/smtp[243]: 706D1627A1: to=<recipient@email-threat-docker.local>, relay=scanner[172.20.0.3]:10025, delay=0.13, delays=0.04/0.02/0.01/0.06, dsn=2.0.0, status=sent (250 Message delivered)
May 17 17:10:18 email-threat-docker postfix/qmgr[102]: 706D1627A1: removed
May 17 17:10:18 email-threat-docker postfix/local[245]: warning: dict_nis_init: NIS domain name not set - NIS lookups disabled
May 17 17:10:19 email-threat-docker postfix/smtpd[230]: 6965165B36: client=unknown[172.20.0.1]
May 17 17:10:19 email-threat-docker postfix/cleanup[242]: 6965165B36: prepend: header Subject: September Newsletter =?utf-8?b?4oCT?= Special Offers Inside! from unknown[172.20.0.1]; from=<newsletter@store.com> to=<recipient@email-threat-docker.local> proto=ESMTP helo=<[192.168.48.1]>: [Subject: ]
May 17 17:10:19 email-threat-docker postfix/cleanup[242]: 6965165B36: message-id=<>
May 17 17:10:19 email-threat-docker postfix/qmgr[102]: 6965165B36: from=<newsletter@store.com>, size=661, nrcpt=1 (queue active)
May 17 17:10:19 email-threat-docker postfix/smtpd[244]: connect from scanner.yara_final_project_threat-net[172.20.0.3]
May 17 17:10:19 email-threat-docker postfix/smtpd[244]: 73B6E65B38: client=scanner.yara_final_project_threat-net[172.20.0.3]
May 17 17:10:19 email-threat-docker postfix/cleanup[242]: 73B6E65B38: message-id=<>
May 17 17:10:19 email-threat-docker postfix/smtpd[244]: disconnect from scanner.yara_final_project_threat-net[172.20.0.3] ehlo=1 mail=1 rcpt=1 data=1 quit=1 commands=5
May 17 17:10:19 email-threat-docker postfix/qmgr[102]: 73B6E65B38: from=<newsletter@store.com>, size=896, nrcpt=1 (queue active)
May 17 17:10:19 email-threat-docker postfix/smtp[243]: 6965165B36: to=<recipient@email-threat-docker.local>, relay=scanner[172.20.0.3]:10025, delay=0.07, delays=0.02/0/0.01/0.04, dsn=2.0.0, status=sent (250 Message delivered)
May 17 17:10:19 email-threat-docker postfix/qmgr[102]: 6965165B36: removed
May 17 17:10:19 email-threat-docker postfix/local[247]: warning: dict_nis_init: NIS domain name not set - NIS lookups disabled
May 17 17:10:19 email-threat-docker postfix/local[245]: 87CCC65B31: to=<recipient@email-threat-docker.local>, relay=local, delay=1, delays=0.01/0.02/0/1, dsn=2.0.0, status=sent (delivered to command: /usr/bin/procmail)
May 17 17:10:19 email-threat-docker postfix/qmgr[102]: 87CCC65B31: removed
May 17 17:10:20 email-threat-docker postfix/smtpd[230]: 607D465B31: client=unknown[172.20.0.1]
May 17 17:10:20 email-threat-docker postfix/cleanup[242]: 607D465B31: prepend: header Subject: Upcoming Holiday Schedule from unknown[172.20.0.1]; from=<hr@company.com> to=<recipient@email-threat-docker.local> proto=ESMTP helo=<[192.168.48.1]>: [Subject: ]
May 17 17:10:20 email-threat-docker postfix/cleanup[242]: 607D465B31: message-id=<>
May 17 17:10:20 email-threat-docker postfix/qmgr[102]: 607D465B31: from=<hr@company.com>, size=614, nrcpt=1 (queue active)
May 17 17:10:20 email-threat-docker postfix/smtpd[244]: connect from scanner.yara_final_project_threat-net[172.20.0.3]
May 17 17:10:20 email-threat-docker postfix/smtpd[244]: 69DFF65B35: client=scanner.yara_final_project_threat-net[172.20.0.3]
May 17 17:10:20 email-threat-docker postfix/cleanup[242]: 69DFF65B35: message-id=<>
May 17 17:10:20 email-threat-docker postfix/qmgr[102]: 69DFF65B35: from=<hr@company.com>, size=849, nrcpt=1 (queue active)
May 17 17:10:20 email-threat-docker postfix/smtpd[244]: disconnect from scanner.yara_final_project_threat-net[172.20.0.3] ehlo=1 mail=1 rcpt=1 data=1 quit=1 commands=5
May 17 17:10:20 email-threat-docker postfix/smtp[243]: 607D465B31: to=<recipient@email-threat-docker.local>, relay=scanner[172.20.0.3]:10025, delay=0.05, delays=0.01/0/0.01/0.03, dsn=2.0.0, status=sent (250 Message delivered)
May 17 17:10:20 email-threat-docker postfix/qmgr[102]: 607D465B31: removed
May 17 17:10:20 email-threat-docker postfix/local[245]: 69DFF65B35: to=<recipient@email-threat-docker.local>, relay=local, delay=0.02, delays=0.01/0/0/0.01, dsn=2.0.0, status=sent (delivered to command: /usr/bin/procmail)
May 17 17:10:20 email-threat-docker postfix/qmgr[102]: 69DFF65B35: removed
May 17 17:10:21 email-threat-docker postfix/smtpd[230]: 5763A65B31: client=unknown[172.20.0.1]
May 17 17:10:21 email-threat-docker postfix/cleanup[242]: 5763A65B31: prepend: header Subject: Project Kickoff Meeting from unknown[172.20.0.1]; from=<teamlead@company.com> to=<recipient@email-threat-docker.local> proto=ESMTP helo=<[192.168.48.1]>: [Subject: ]
May 17 17:10:21 email-threat-docker postfix/cleanup[242]: 5763A65B31: message-id=<>
May 17 17:10:21 email-threat-docker postfix/qmgr[102]: 5763A65B31: from=<teamlead@company.com>, size=640, nrcpt=1 (queue active)
May 17 17:10:21 email-threat-docker postfix/smtpd[244]: connect from scanner.yara_final_project_threat-net[172.20.0.3]
May 17 17:10:21 email-threat-docker postfix/smtpd[244]: 5D91965B35: client=scanner.yara_final_project_threat-net[172.20.0.3]
May 17 17:10:21 email-threat-docker postfix/cleanup[242]: 5D91965B35: message-id=<>
May 17 17:10:21 email-threat-docker postfix/qmgr[102]: 5D91965B35: from=<teamlead@company.com>, size=875, nrcpt=1 (queue active)
May 17 17:10:21 email-threat-docker postfix/smtpd[244]: disconnect from scanner.yara_final_project_threat-net[172.20.0.3] ehlo=1 mail=1 rcpt=1 data=1 quit=1 commands=5
May 17 17:10:21 email-threat-docker postfix/smtp[243]: 5763A65B31: to=<recipient@email-threat-docker.local>, relay=scanner[172.20.0.3]:10025, delay=0.04, delays=0.01/0/0.01/0.02, dsn=2.0.0, status=sent (250 Message delivered)
May 17 17:10:21 email-threat-docker postfix/qmgr[102]: 5763A65B31: removed
May 17 17:10:21 email-threat-docker postfix/local[245]: 5D91965B35: to=<recipient@email-threat-docker.local>, relay=local, delay=0.01, delays=0.01/0/0/0.01, dsn=2.0.0, status=sent (delivered to command: /usr/bin/procmail)
May 17 17:10:21 email-threat-docker postfix/qmgr[102]: 5D91965B35: removed
May 17 17:10:22 email-threat-docker postfix/smtpd[230]: 4D62D65B31: client=unknown[172.20.0.1]
May 17 17:10:22 email-threat-docker postfix/cleanup[242]: 4D62D65B31: prepend: header Subject: Scheduled Maintenance Tonight from unknown[172.20.0.1]; from=<noreply@itdept.company.com> to=<recipient@email-threat-docker.local> proto=ESMTP helo=<[192.168.48.1]>: [Subject: ]
May 17 17:10:22 email-threat-docker postfix/cleanup[242]: 4D62D65B31: message-id=<>
May 17 17:10:22 email-threat-docker postfix/qmgr[102]: 4D62D65B31: from=<noreply@itdept.company.com>, size=643, nrcpt=1 (queue active)
May 17 17:10:22 email-threat-docker postfix/smtpd[244]: connect from scanner.yara_final_project_threat-net[172.20.0.3]
May 17 17:10:22 email-threat-docker postfix/smtpd[244]: 5360165B35: client=scanner.yara_final_project_threat-net[172.20.0.3]
May 17 17:10:22 email-threat-docker postfix/cleanup[242]: 5360165B35: message-id=<>
May 17 17:10:22 email-threat-docker postfix/qmgr[102]: 5360165B35: from=<noreply@itdept.company.com>, size=878, nrcpt=1 (queue active)
May 17 17:10:22 email-threat-docker postfix/smtpd[244]: disconnect from scanner.yara_final_project_threat-net[172.20.0.3] ehlo=1 mail=1 rcpt=1 data=1 quit=1 commands=5
May 17 17:10:22 email-threat-docker postfix/smtp[243]: 4D62D65B31: to=<recipient@email-threat-docker.local>, relay=scanner[172.20.0.3]:10025, delay=0.04, delays=0.01/0/0.01/0.02, dsn=2.0.0, status=sent (250 Message delivered)
May 17 17:10:22 email-threat-docker postfix/qmgr[102]: 4D62D65B31: removed
May 17 17:10:22 email-threat-docker postfix/local[245]: 5360165B35: to=<recipient@email-threat-docker.local>, relay=local, delay=0.02, delays=0.01/0/0/0.01, dsn=2.0.0, status=sent (delivered to command: /usr/bin/procmail)
May 17 17:10:22 email-threat-docker postfix/qmgr[102]: 5360165B35: removed
May 17 17:10:23 email-threat-docker postfix/smtpd[230]: 43614625FD: client=unknown[172.20.0.1]
May 17 17:10:23 email-threat-docker postfix/cleanup[242]: 43614625FD: prepend: header Subject: Your Subscription Renewal Confirmation from unknown[172.20.0.1]; from=<alerts@service.com> to=<recipient@email-threat-docker.local> proto=ESMTP helo=<[192.168.48.1]>: [Subject: ]
May 17 17:10:23 email-threat-docker postfix/cleanup[242]: 43614625FD: message-id=<>
May 17 17:10:23 email-threat-docker postfix/qmgr[102]: 43614625FD: from=<alerts@service.com>, size=609, nrcpt=1 (queue active)
May 17 17:10:23 email-threat-docker postfix/smtpd[244]: connect from scanner.yara_final_project_threat-net[172.20.0.3]
May 17 17:10:23 email-threat-docker postfix/smtpd[244]: 4B06665B35: client=scanner.yara_final_project_threat-net[172.20.0.3]
May 17 17:10:23 email-threat-docker postfix/cleanup[242]: 4B06665B35: message-id=<>
May 17 17:10:23 email-threat-docker postfix/qmgr[102]: 4B06665B35: from=<alerts@service.com>, size=844, nrcpt=1 (queue active)
May 17 17:10:23 email-threat-docker postfix/smtpd[244]: disconnect from scanner.yara_final_project_threat-net[172.20.0.3] ehlo=1 mail=1 rcpt=1 data=1 quit=1 commands=5
May 17 17:10:23 email-threat-docker postfix/smtp[243]: 43614625FD: to=<recipient@email-threat-docker.local>, relay=scanner[172.20.0.3]:10025, delay=0.04, delays=0.01/0/0.01/0.03, dsn=2.0.0, status=sent (250 Message delivered)
May 17 17:10:23 email-threat-docker postfix/qmgr[102]: 43614625FD: removed
May 17 17:10:23 email-threat-docker postfix/local[245]: 4B06665B35: to=<recipient@email-threat-docker.local>, relay=local, delay=0.02, delays=0.01/0/0/0.01, dsn=2.0.0, status=sent (delivered to command: /usr/bin/procmail)
May 17 17:10:23 email-threat-docker postfix/qmgr[102]: 4B06665B35: removed
May 17 17:10:24 email-threat-docker postfix/smtpd[230]: 39CE3625FD: client=unknown[172.20.0.1]
May 17 17:10:24 email-threat-docker postfix/cleanup[242]: 39CE3625FD: prepend: header Subject: Join Us for the Charity Run! from unknown[172.20.0.1]; from=<events@company.com> to=<recipient@email-threat-docker.local> proto=ESMTP helo=<[192.168.48.1]>: [Subject: ]
May 17 17:10:24 email-threat-docker postfix/cleanup[242]: 39CE3625FD: message-id=<>
May 17 17:10:24 email-threat-docker postfix/qmgr[102]: 39CE3625FD: from=<events@company.com>, size=641, nrcpt=1 (queue active)
May 17 17:10:24 email-threat-docker postfix/smtpd[244]: connect from scanner.yara_final_project_threat-net[172.20.0.3]
May 17 17:10:24 email-threat-docker postfix/smtpd[244]: 4053C65B35: client=scanner.yara_final_project_threat-net[172.20.0.3]
May 17 17:10:24 email-threat-docker postfix/cleanup[242]: 4053C65B35: message-id=<>
May 17 17:10:24 email-threat-docker postfix/qmgr[102]: 4053C65B35: from=<events@company.com>, size=876, nrcpt=1 (queue active)
May 17 17:10:24 email-threat-docker postfix/smtpd[244]: disconnect from scanner.yara_final_project_threat-net[172.20.0.3] ehlo=1 mail=1 rcpt=1 data=1 quit=1 commands=5
May 17 17:10:24 email-threat-docker postfix/smtp[243]: 39CE3625FD: to=<recipient@email-threat-docker.local>, relay=scanner[172.20.0.3]:10025, delay=0.04, delays=0.01/0/0.01/0.02, dsn=2.0.0, status=sent (250 Message delivered)
May 17 17:10:24 email-threat-docker postfix/qmgr[102]: 39CE3625FD: removed
May 17 17:10:24 email-threat-docker postfix/local[245]: 4053C65B35: to=<recipient@email-threat-docker.local>, relay=local, delay=0.02, delays=0.01/0/0/0.01, dsn=2.0.0, status=sent (delivered to command: /usr/bin/procmail)
May 17 17:10:24 email-threat-docker postfix/qmgr[102]: 4053C65B35: removed
May 17 17:10:25 email-threat-docker postfix/smtpd[230]: 2FB98625FD: client=unknown[172.20.0.1]
May 17 17:10:25 email-threat-docker postfix/cleanup[242]: 2FB98625FD: prepend: header Subject: Password Change Successful from unknown[172.20.0.1]; from=<security@service.com> to=<recipient@email-threat-docker.local> proto=ESMTP helo=<[192.168.48.1]>: [Subject: ]
May 17 17:10:25 email-threat-docker postfix/cleanup[242]: 2FB98625FD: message-id=<>
May 17 17:10:25 email-threat-docker postfix/qmgr[102]: 2FB98625FD: from=<security@service.com>, size=632, nrcpt=1 (queue active)
May 17 17:10:25 email-threat-docker postfix/smtpd[244]: connect from scanner.yara_final_project_threat-net[172.20.0.3]
May 17 17:10:25 email-threat-docker postfix/smtpd[244]: 3603B65B35: client=scanner.yara_final_project_threat-net[172.20.0.3]
May 17 17:10:25 email-threat-docker postfix/cleanup[242]: 3603B65B35: message-id=<>
May 17 17:10:25 email-threat-docker postfix/qmgr[102]: 3603B65B35: from=<security@service.com>, size=867, nrcpt=1 (queue active)
May 17 17:10:25 email-threat-docker postfix/smtpd[244]: disconnect from scanner.yara_final_project_threat-net[172.20.0.3] ehlo=1 mail=1 rcpt=1 data=1 quit=1 commands=5
May 17 17:10:25 email-threat-docker postfix/smtp[243]: 2FB98625FD: to=<recipient@email-threat-docker.local>, relay=scanner[172.20.0.3]:10025, delay=0.04, delays=0.01/0/0.01/0.02, dsn=2.0.0, status=sent (250 Message delivered)
May 17 17:10:25 email-threat-docker postfix/qmgr[102]: 2FB98625FD: removed
May 17 17:10:25 email-threat-docker postfix/local[245]: 3603B65B35: to=<recipient@email-threat-docker.local>, relay=local, delay=0.02, delays=0.01/0/0/0.01, dsn=2.0.0, status=sent (delivered to command: /usr/bin/procmail)
May 17 17:10:25 email-threat-docker postfix/qmgr[102]: 3603B65B35: removed
May 17 17:10:27 email-threat-docker postfix/smtpd[230]: E0C88625FD: client=unknown[172.20.0.1]
May 17 17:10:27 email-threat-docker postfix/cleanup[242]: E0C88625FD: prepend: header Subject: Feature X Deployment from unknown[172.20.0.1]; from=<devteam@company.com> to=<recipient@email-threat-docker.local> proto=ESMTP helo=<[192.168.48.1]>: [Subject: ]
May 17 17:10:27 email-threat-docker postfix/cleanup[242]: E0C88625FD: message-id=<>
May 17 17:10:27 email-threat-docker postfix/qmgr[102]: E0C88625FD: from=<devteam@company.com>, size=622, nrcpt=1 (queue active)
May 17 17:10:27 email-threat-docker postfix/smtpd[244]: connect from scanner.yara_final_project_threat-net[172.20.0.3]
May 17 17:10:27 email-threat-docker postfix/smtpd[244]: E81D565B35: client=scanner.yara_final_project_threat-net[172.20.0.3]
May 17 17:10:27 email-threat-docker postfix/cleanup[242]: E81D565B35: message-id=<>
May 17 17:10:27 email-threat-docker postfix/qmgr[102]: E81D565B35: from=<devteam@company.com>, size=857, nrcpt=1 (queue active)
May 17 17:10:27 email-threat-docker postfix/smtpd[244]: disconnect from scanner.yara_final_project_threat-net[172.20.0.3] ehlo=1 mail=1 rcpt=1 data=1 quit=1 commands=5
May 17 17:10:27 email-threat-docker postfix/smtp[243]: E0C88625FD: to=<recipient@email-threat-docker.local>, relay=scanner[172.20.0.3]:10025, delay=0.04, delays=0.01/0/0.01/0.02, dsn=2.0.0, status=sent (250 Message delivered)
May 17 17:10:27 email-threat-docker postfix/qmgr[102]: E0C88625FD: removed
May 17 17:10:27 email-threat-docker postfix/local[245]: E81D565B35: to=<recipient@email-threat-docker.local>, relay=local, delay=0.02, delays=0.01/0/0/0.01, dsn=2.0.0, status=sent (delivered to command: /usr/bin/procmail)
May 17 17:10:27 email-threat-docker postfix/qmgr[102]: E81D565B35: removed
May 17 17:10:28 email-threat-docker postfix/smtpd[230]: D90B0625FD: client=unknown[172.20.0.1]
May 17 17:10:28 email-threat-docker postfix/cleanup[242]: D90B0625FD: prepend: header Subject: Town Hall Meeting Next Week from unknown[172.20.0.1]; from=<communications@company.com> to=<recipient@email-threat-docker.local> proto=ESMTP helo=<[192.168.48.1]>: [Subject: ]
May 17 17:10:28 email-threat-docker postfix/cleanup[242]: D90B0625FD: message-id=<>
May 17 17:10:28 email-threat-docker postfix/qmgr[102]: D90B0625FD: from=<communications@company.com>, size=646, nrcpt=1 (queue active)
May 17 17:10:28 email-threat-docker postfix/smtpd[244]: connect from scanner.yara_final_project_threat-net[172.20.0.3]
May 17 17:10:28 email-threat-docker postfix/smtpd[244]: DFA1165B35: client=scanner.yara_final_project_threat-net[172.20.0.3]
May 17 17:10:28 email-threat-docker postfix/cleanup[242]: DFA1165B35: message-id=<>
May 17 17:10:28 email-threat-docker postfix/qmgr[102]: DFA1165B35: from=<communications@company.com>, size=881, nrcpt=1 (queue active)
May 17 17:10:28 email-threat-docker postfix/smtpd[244]: disconnect from scanner.yara_final_project_threat-net[172.20.0.3] ehlo=1 mail=1 rcpt=1 data=1 quit=1 commands=5
May 17 17:10:28 email-threat-docker postfix/smtp[243]: D90B0625FD: to=<recipient@email-threat-docker.local>, relay=scanner[172.20.0.3]:10025, delay=0.04, delays=0.01/0/0.01/0.02, dsn=2.0.0, status=sent (250 Message delivered)
May 17 17:10:28 email-threat-docker postfix/qmgr[102]: D90B0625FD: removed
May 17 17:10:28 email-threat-docker postfix/local[245]: DFA1165B35: to=<recipient@email-threat-docker.local>, relay=local, delay=0.01, delays=0.01/0/0/0.01, dsn=2.0.0, status=sent (delivered to command: /usr/bin/procmail)
May 17 17:10:28 email-threat-docker postfix/qmgr[102]: DFA1165B35: removed
May 17 17:10:29 email-threat-docker postfix/local[247]: 73B6E65B38: to=<recipient@email-threat-docker.local>, relay=local, delay=9.8, delays=0.02/0.02/0/9.8, dsn=2.0.0, status=sent (delivered to command: /usr/bin/procmail)
May 17 17:10:29 email-threat-docker postfix/qmgr[102]: 73B6E65B38: removed
May 17 17:10:29 email-threat-docker postfix/smtpd[230]: D1251625FD: client=unknown[172.20.0.1]
May 17 17:10:29 email-threat-docker postfix/cleanup[242]: D1251625FD: prepend: header Subject: Urgent: Invoice Payment Required from unknown[172.20.0.1]; from=<billing@legit-company.com> to=<recipient@email-threat-docker.local> proto=ESMTP helo=<[192.168.48.1]>: [Subject: ]
May 17 17:10:29 email-threat-docker postfix/cleanup[242]: D1251625FD: message-id=<>
May 17 17:10:29 email-threat-docker postfix/qmgr[102]: D1251625FD: from=<billing@legit-company.com>, size=578, nrcpt=1 (queue active)
May 17 17:10:29 email-threat-docker postfix/smtp[243]: D1251625FD: to=<recipient@email-threat-docker.local>, relay=scanner[172.20.0.3]:10025, delay=0.03, delays=0.01/0/0.01/0.01, dsn=2.0.0, status=sent (250 Message quarantined)
May 17 17:10:29 email-threat-docker postfix/qmgr[102]: D1251625FD: removed
May 17 17:10:30 email-threat-docker postfix/smtpd[230]: C99DD625FD: client=unknown[172.20.0.1]
May 17 17:10:30 email-threat-docker postfix/cleanup[242]: C99DD625FD: prepend: header Subject: Hot Deals This Weekend! from unknown[172.20.0.1]; from=<deals@newsletter.com> to=<recipient@email-threat-docker.local> proto=ESMTP helo=<[192.168.48.1]>: [Subject: ]
May 17 17:10:30 email-threat-docker postfix/cleanup[242]: C99DD625FD: message-id=<>
May 17 17:10:30 email-threat-docker postfix/qmgr[102]: C99DD625FD: from=<deals@newsletter.com>, size=551, nrcpt=1 (queue active)
May 17 17:10:30 email-threat-docker postfix/smtpd[244]: connect from scanner.yara_final_project_threat-net[172.20.0.3]
May 17 17:10:30 email-threat-docker postfix/smtpd[244]: D24BA65B36: client=scanner.yara_final_project_threat-net[172.20.0.3]
May 17 17:10:30 email-threat-docker postfix/cleanup[242]: D24BA65B36: message-id=<>
May 17 17:10:30 email-threat-docker postfix/qmgr[102]: D24BA65B36: from=<deals@newsletter.com>, size=786, nrcpt=1 (queue active)
May 17 17:10:30 email-threat-docker postfix/smtpd[244]: disconnect from scanner.yara_final_project_threat-net[172.20.0.3] ehlo=1 mail=1 rcpt=1 data=1 quit=1 commands=5
May 17 17:10:30 email-threat-docker postfix/smtp[243]: C99DD625FD: to=<recipient@email-threat-docker.local>, relay=scanner[172.20.0.3]:10025, delay=0.05, delays=0.01/0/0.01/0.02, dsn=2.0.0, status=sent (250 Message delivered)
May 17 17:10:30 email-threat-docker postfix/qmgr[102]: C99DD625FD: removed
May 17 17:10:30 email-threat-docker postfix/local[245]: D24BA65B36: to=<recipient@email-threat-docker.local>, relay=local, delay=0.02, delays=0.01/0/0/0.01, dsn=2.0.0, status=sent (delivered to command: /usr/bin/procmail)
May 17 17:10:30 email-threat-docker postfix/qmgr[102]: D24BA65B36: removed
May 17 17:10:31 email-threat-docker postfix/smtpd[230]: C2379625FD: client=unknown[172.20.0.1]
May 17 17:10:31 email-threat-docker postfix/cleanup[242]: C2379625FD: prepend: header Subject: Account Locked from unknown[172.20.0.1]; from=<security@onlinebank.com> to=<recipient@email-threat-docker.local> proto=ESMTP helo=<[192.168.48.1]>: [Subject: ]
May 17 17:10:31 email-threat-docker postfix/cleanup[242]: C2379625FD: message-id=<>
May 17 17:10:31 email-threat-docker postfix/qmgr[102]: C2379625FD: from=<security@onlinebank.com>, size=566, nrcpt=1 (queue active)
May 17 17:10:31 email-threat-docker postfix/smtpd[244]: connect from scanner.yara_final_project_threat-net[172.20.0.3]
May 17 17:10:31 email-threat-docker postfix/smtpd[244]: CA4EF65B36: client=scanner.yara_final_project_threat-net[172.20.0.3]
May 17 17:10:31 email-threat-docker postfix/cleanup[242]: CA4EF65B36: message-id=<>
May 17 17:10:31 email-threat-docker postfix/qmgr[102]: CA4EF65B36: from=<security@onlinebank.com>, size=801, nrcpt=1 (queue active)
May 17 17:10:31 email-threat-docker postfix/smtpd[244]: disconnect from scanner.yara_final_project_threat-net[172.20.0.3] ehlo=1 mail=1 rcpt=1 data=1 quit=1 commands=5
May 17 17:10:31 email-threat-docker postfix/smtp[243]: C2379625FD: to=<recipient@email-threat-docker.local>, relay=scanner[172.20.0.3]:10025, delay=0.05, delays=0.01/0/0.01/0.02, dsn=2.0.0, status=sent (250 Message delivered)
May 17 17:10:31 email-threat-docker postfix/qmgr[102]: C2379625FD: removed
May 17 17:10:31 email-threat-docker postfix/local[247]: CA4EF65B36: to=<recipient@email-threat-docker.local>, relay=local, delay=0.02, delays=0.01/0/0/0.01, dsn=2.0.0, status=sent (delivered to command: /usr/bin/procmail)
May 17 17:10:31 email-threat-docker postfix/qmgr[102]: CA4EF65B36: removed
May 17 17:10:32 email-threat-docker postfix/smtpd[230]: BAA6E625FD: client=unknown[172.20.0.1]
May 17 17:10:32 email-threat-docker postfix/cleanup[242]: BAA6E625FD: prepend: header Subject: Password Reset Required from unknown[172.20.0.1]; from=<support@service.com> to=<recipient@email-threat-docker.local> proto=ESMTP helo=<[192.168.48.1]>: [Subject: ]
May 17 17:10:32 email-threat-docker postfix/cleanup[242]: BAA6E625FD: message-id=<>
May 17 17:10:32 email-threat-docker postfix/qmgr[102]: BAA6E625FD: from=<support@service.com>, size=598, nrcpt=1 (queue active)
May 17 17:10:32 email-threat-docker postfix/smtpd[244]: connect from scanner.yara_final_project_threat-net[172.20.0.3]
May 17 17:10:32 email-threat-docker postfix/smtpd[244]: C16D665B36: client=scanner.yara_final_project_threat-net[172.20.0.3]
May 17 17:10:32 email-threat-docker postfix/cleanup[242]: C16D665B36: message-id=<>
May 17 17:10:32 email-threat-docker postfix/qmgr[102]: C16D665B36: from=<support@service.com>, size=833, nrcpt=1 (queue active)
May 17 17:10:32 email-threat-docker postfix/smtpd[244]: disconnect from scanner.yara_final_project_threat-net[172.20.0.3] ehlo=1 mail=1 rcpt=1 data=1 quit=1 commands=5
May 17 17:10:32 email-threat-docker postfix/smtp[243]: BAA6E625FD: to=<recipient@email-threat-docker.local>, relay=scanner[172.20.0.3]:10025, delay=0.04, delays=0.01/0/0.01/0.02, dsn=2.0.0, status=sent (250 Message delivered)
May 17 17:10:32 email-threat-docker postfix/qmgr[102]: BAA6E625FD: removed
May 17 17:10:32 email-threat-docker postfix/local[245]: C16D665B36: to=<recipient@email-threat-docker.local>, relay=local, delay=0.02, delays=0.01/0/0/0.01, dsn=2.0.0, status=sent (delivered to command: /usr/bin/procmail)
May 17 17:10:32 email-threat-docker postfix/qmgr[102]: C16D665B36: removed
May 17 17:10:33 email-threat-docker postfix/smtpd[230]: B2EC8625FD: client=unknown[172.20.0.1]
May 17 17:10:33 email-threat-docker postfix/cleanup[242]: B2EC8625FD: prepend: header Subject: Urgent Wire Transfer from unknown[172.20.0.1]; from=<alice.smith@bigcorp.com> to=<recipient@email-threat-docker.local> proto=ESMTP helo=<[192.168.48.1]>: [Subject: ]
May 17 17:10:33 email-threat-docker postfix/cleanup[242]: B2EC8625FD: message-id=<>
May 17 17:10:33 email-threat-docker postfix/qmgr[102]: B2EC8625FD: from=<alice.smith@bigcorp.com>, size=594, nrcpt=1 (queue active)
May 17 17:10:33 email-threat-docker postfix/smtpd[244]: connect from scanner.yara_final_project_threat-net[172.20.0.3]
May 17 17:10:33 email-threat-docker postfix/smtpd[244]: B9C4965B36: client=scanner.yara_final_project_threat-net[172.20.0.3]
May 17 17:10:33 email-threat-docker postfix/cleanup[242]: B9C4965B36: message-id=<>
May 17 17:10:33 email-threat-docker postfix/qmgr[102]: B9C4965B36: from=<alice.smith@bigcorp.com>, size=829, nrcpt=1 (queue active)
May 17 17:10:33 email-threat-docker postfix/smtpd[244]: disconnect from scanner.yara_final_project_threat-net[172.20.0.3] ehlo=1 mail=1 rcpt=1 data=1 quit=1 commands=5
May 17 17:10:33 email-threat-docker postfix/smtp[243]: B2EC8625FD: to=<recipient@email-threat-docker.local>, relay=scanner[172.20.0.3]:10025, delay=0.04, delays=0.01/0/0.01/0.02, dsn=2.0.0, status=sent (250 Message delivered)
May 17 17:10:33 email-threat-docker postfix/qmgr[102]: B2EC8625FD: removed
May 17 17:10:33 email-threat-docker postfix/local[247]: B9C4965B36: to=<recipient@email-threat-docker.local>, relay=local, delay=0.02, delays=0.01/0/0/0.01, dsn=2.0.0, status=sent (delivered to command: /usr/bin/procmail)
May 17 17:10:33 email-threat-docker postfix/qmgr[102]: B9C4965B36: removed
May 17 17:10:34 email-threat-docker postfix/smtpd[230]: AB7B3625FD: client=unknown[172.20.0.1]
May 17 17:10:34 email-threat-docker postfix/cleanup[242]: AB7B3625FD: prepend: header Subject: Important Document from unknown[172.20.0.1]; from=<info@company.com> to=<recipient@email-threat-docker.local> proto=ESMTP helo=<[192.168.48.1]>: [Subject: ]
May 17 17:10:34 email-threat-docker postfix/cleanup[242]: AB7B3625FD: message-id=<>
May 17 17:10:34 email-threat-docker postfix/qmgr[102]: AB7B3625FD: from=<info@company.com>, size=526, nrcpt=1 (queue active)
May 17 17:10:34 email-threat-docker postfix/smtp[243]: AB7B3625FD: to=<recipient@email-threat-docker.local>, relay=scanner[172.20.0.3]:10025, delay=0.04, delays=0.01/0/0.01/0.01, dsn=2.0.0, status=sent (250 Message quarantined)
May 17 17:10:34 email-threat-docker postfix/qmgr[102]: AB7B3625FD: removed
May 17 17:10:35 email-threat-docker postfix/smtpd[230]: A44DC65B31: client=unknown[172.20.0.1]
May 17 17:10:35 email-threat-docker postfix/cleanup[242]: A44DC65B31: prepend: header Subject: Monthly Report from unknown[172.20.0.1]; from=<admin@company.com> to=<recipient@email-threat-docker.local> proto=ESMTP helo=<[192.168.48.1]>: [Subject: ]
May 17 17:10:35 email-threat-docker postfix/cleanup[242]: A44DC65B31: message-id=<>
May 17 17:10:35 email-threat-docker postfix/qmgr[102]: A44DC65B31: from=<admin@company.com>, size=585, nrcpt=1 (queue active)
May 17 17:10:35 email-threat-docker postfix/smtpd[244]: connect from scanner.yara_final_project_threat-net[172.20.0.3]
May 17 17:10:35 email-threat-docker postfix/smtpd[244]: ACC3765B38: client=scanner.yara_final_project_threat-net[172.20.0.3]
May 17 17:10:35 email-threat-docker postfix/cleanup[242]: ACC3765B38: message-id=<>
May 17 17:10:35 email-threat-docker postfix/qmgr[102]: ACC3765B38: from=<admin@company.com>, size=820, nrcpt=1 (queue active)
May 17 17:10:35 email-threat-docker postfix/smtpd[244]: disconnect from scanner.yara_final_project_threat-net[172.20.0.3] ehlo=1 mail=1 rcpt=1 data=1 quit=1 commands=5
May 17 17:10:35 email-threat-docker postfix/smtp[243]: A44DC65B31: to=<recipient@email-threat-docker.local>, relay=scanner[172.20.0.3]:10025, delay=0.05, delays=0.01/0/0.01/0.03, dsn=2.0.0, status=sent (250 Message delivered)
May 17 17:10:35 email-threat-docker postfix/qmgr[102]: A44DC65B31: removed
May 17 17:10:35 email-threat-docker postfix/local[245]: ACC3765B38: to=<recipient@email-threat-docker.local>, relay=local, delay=0.02, delays=0.01/0/0/0.01, dsn=2.0.0, status=sent (delivered to command: /usr/bin/procmail)
May 17 17:10:35 email-threat-docker postfix/qmgr[102]: ACC3765B38: removed
May 17 17:10:36 email-threat-docker postfix/smtpd[230]: 9A2E365B31: client=unknown[172.20.0.1]
May 17 17:10:36 email-threat-docker postfix/cleanup[242]: 9A2E365B31: prepend: header Subject: Security Alert from unknown[172.20.0.1]; from=<notifications@company.com> to=<recipient@email-threat-docker.local> proto=ESMTP helo=<[192.168.48.1]>: [Subject: ]
May 17 17:10:36 email-threat-docker postfix/cleanup[242]: 9A2E365B31: message-id=<>
May 17 17:10:36 email-threat-docker postfix/qmgr[102]: 9A2E365B31: from=<notifications@company.com>, size=499, nrcpt=1 (queue active)
May 17 17:10:36 email-threat-docker postfix/smtpd[244]: connect from scanner.yara_final_project_threat-net[172.20.0.3]
May 17 17:10:36 email-threat-docker postfix/smtpd[244]: A06B965B38: client=scanner.yara_final_project_threat-net[172.20.0.3]
May 17 17:10:36 email-threat-docker postfix/cleanup[242]: A06B965B38: message-id=<>
May 17 17:10:36 email-threat-docker postfix/qmgr[102]: A06B965B38: from=<notifications@company.com>, size=734, nrcpt=1 (queue active)
May 17 17:10:36 email-threat-docker postfix/smtpd[244]: disconnect from scanner.yara_final_project_threat-net[172.20.0.3] ehlo=1 mail=1 rcpt=1 data=1 quit=1 commands=5
May 17 17:10:36 email-threat-docker postfix/smtp[243]: 9A2E365B31: to=<recipient@email-threat-docker.local>, relay=scanner[172.20.0.3]:10025, delay=0.04, delays=0.01/0/0.01/0.02, dsn=2.0.0, status=sent (250 Message delivered)
May 17 17:10:36 email-threat-docker postfix/qmgr[102]: 9A2E365B31: removed
May 17 17:10:36 email-threat-docker postfix/local[247]: A06B965B38: to=<recipient@email-threat-docker.local>, relay=local, delay=0.01, delays=0.01/0/0/0.01, dsn=2.0.0, status=sent (delivered to command: /usr/bin/procmail)
May 17 17:10:36 email-threat-docker postfix/qmgr[102]: A06B965B38: removed
May 17 17:10:37 email-threat-docker postfix/smtpd[230]: 8F49265B31: client=unknown[172.20.0.1]
May 17 17:10:37 email-threat-docker postfix/cleanup[242]: 8F49265B31: prepend: header Subject: System Notification from unknown[172.20.0.1]; from=<support@service.com> to=<recipient@email-threat-docker.local> proto=ESMTP helo=<[192.168.48.1]>: [Subject: ]
May 17 17:10:37 email-threat-docker postfix/cleanup[242]: 8F49265B31: message-id=<>
May 17 17:10:37 email-threat-docker postfix/qmgr[102]: 8F49265B31: from=<support@service.com>, size=533, nrcpt=1 (queue active)
May 17 17:10:37 email-threat-docker postfix/smtpd[244]: connect from scanner.yara_final_project_threat-net[172.20.0.3]
May 17 17:10:37 email-threat-docker postfix/smtpd[244]: 964B765B38: client=scanner.yara_final_project_threat-net[172.20.0.3]
May 17 17:10:37 email-threat-docker postfix/cleanup[242]: 964B765B38: message-id=<>
May 17 17:10:37 email-threat-docker postfix/qmgr[102]: 964B765B38: from=<support@service.com>, size=768, nrcpt=1 (queue active)
May 17 17:10:37 email-threat-docker postfix/smtpd[244]: disconnect from scanner.yara_final_project_threat-net[172.20.0.3] ehlo=1 mail=1 rcpt=1 data=1 quit=1 commands=5
May 17 17:10:37 email-threat-docker postfix/smtp[243]: 8F49265B31: to=<recipient@email-threat-docker.local>, relay=scanner[172.20.0.3]:10025, delay=0.04, delays=0.01/0/0.01/0.02, dsn=2.0.0, status=sent (250 Message delivered)
May 17 17:10:37 email-threat-docker postfix/qmgr[102]: 8F49265B31: removed
May 17 17:10:37 email-threat-docker postfix/local[245]: 964B765B38: to=<recipient@email-threat-docker.local>, relay=local, delay=0.02, delays=0.01/0/0/0.01, dsn=2.0.0, status=sent (delivered to command: /usr/bin/procmail)
May 17 17:10:37 email-threat-docker postfix/qmgr[102]: 964B765B38: removed
May 17 17:10:38 email-threat-docker postfix/smtpd[230]: 8504E65B31: client=unknown[172.20.0.1]
May 17 17:10:38 email-threat-docker postfix/cleanup[242]: 8504E65B31: prepend: header Subject: Final Warning from unknown[172.20.0.1]; from=<support@service.com> to=<recipient@email-threat-docker.local> proto=ESMTP helo=<[192.168.48.1]>: [Subject: ]
May 17 17:10:38 email-threat-docker postfix/cleanup[242]: 8504E65B31: message-id=<>
May 17 17:10:38 email-threat-docker postfix/qmgr[102]: 8504E65B31: from=<support@service.com>, size=577, nrcpt=1 (queue active)
May 17 17:10:38 email-threat-docker postfix/smtp[243]: 8504E65B31: to=<recipient@email-threat-docker.local>, relay=scanner[172.20.0.3]:10025, delay=0.03, delays=0.01/0/0.01/0.01, dsn=2.0.0, status=sent (250 Message quarantined)
May 17 17:10:38 email-threat-docker postfix/qmgr[102]: 8504E65B31: removed
May 17 17:10:39 email-threat-docker postfix/smtpd[230]: 7A72A65B31: client=unknown[172.20.0.1]
May 17 17:10:39 email-threat-docker postfix/cleanup[242]: 7A72A65B31: prepend: header Subject: Mandatory W-2 Form from unknown[172.20.0.1]; from=<hr@company.com> to=<recipient@email-threat-docker.local> proto=ESMTP helo=<[192.168.48.1]>: [Subject: ]
May 17 17:10:39 email-threat-docker postfix/cleanup[242]: 7A72A65B31: message-id=<>
May 17 17:10:39 email-threat-docker postfix/qmgr[102]: 7A72A65B31: from=<hr@company.com>, size=499, nrcpt=1 (queue active)
May 17 17:10:39 email-threat-docker postfix/smtpd[244]: connect from scanner.yara_final_project_threat-net[172.20.0.3]
May 17 17:10:39 email-threat-docker postfix/smtpd[244]: 80AF465B39: client=scanner.yara_final_project_threat-net[172.20.0.3]
May 17 17:10:39 email-threat-docker postfix/cleanup[242]: 80AF465B39: message-id=<>
May 17 17:10:39 email-threat-docker postfix/qmgr[102]: 80AF465B39: from=<hr@company.com>, size=734, nrcpt=1 (queue active)
May 17 17:10:39 email-threat-docker postfix/smtpd[244]: disconnect from scanner.yara_final_project_threat-net[172.20.0.3] ehlo=1 mail=1 rcpt=1 data=1 quit=1 commands=5
May 17 17:10:39 email-threat-docker postfix/smtp[243]: 7A72A65B31: to=<recipient@email-threat-docker.local>, relay=scanner[172.20.0.3]:10025, delay=0.04, delays=0.01/0/0.01/0.02, dsn=2.0.0, status=sent (250 Message delivered)
May 17 17:10:39 email-threat-docker postfix/qmgr[102]: 7A72A65B31: removed
May 17 17:10:39 email-threat-docker postfix/local[247]: 80AF465B39: to=<recipient@email-threat-docker.local>, relay=local, delay=0.01, delays=0.01/0/0/0.01, dsn=2.0.0, status=sent (delivered to command: /usr/bin/procmail)
May 17 17:10:39 email-threat-docker postfix/qmgr[102]: 80AF465B39: removed
May 17 17:10:40 email-threat-docker postfix/smtpd[230]: 7048D65B31: client=unknown[172.20.0.1]
May 17 17:10:40 email-threat-docker postfix/cleanup[242]: 7048D65B31: prepend: header Subject: Special Announcement from unknown[172.20.0.1]; from=<updates@deals.com> to=<recipient@email-threat-docker.local> proto=ESMTP helo=<[192.168.48.1]>: [Subject: ]
May 17 17:10:40 email-threat-docker postfix/cleanup[242]: 7048D65B31: message-id=<>
May 17 17:10:40 email-threat-docker postfix/qmgr[102]: 7048D65B31: from=<updates@deals.com>, size=477, nrcpt=1 (queue active)
May 17 17:10:40 email-threat-docker postfix/smtpd[244]: connect from scanner.yara_final_project_threat-net[172.20.0.3]
May 17 17:10:40 email-threat-docker postfix/smtpd[244]: 7852D65B39: client=scanner.yara_final_project_threat-net[172.20.0.3]
May 17 17:10:40 email-threat-docker postfix/cleanup[242]: 7852D65B39: message-id=<>
May 17 17:10:40 email-threat-docker postfix/qmgr[102]: 7852D65B39: from=<updates@deals.com>, size=712, nrcpt=1 (queue active)
May 17 17:10:40 email-threat-docker postfix/smtpd[244]: disconnect from scanner.yara_final_project_threat-net[172.20.0.3] ehlo=1 mail=1 rcpt=1 data=1 quit=1 commands=5
May 17 17:10:40 email-threat-docker postfix/smtp[243]: 7048D65B31: to=<recipient@email-threat-docker.local>, relay=scanner[172.20.0.3]:10025, delay=0.04, delays=0.01/0/0.01/0.02, dsn=2.0.0, status=sent (250 Message delivered)
May 17 17:10:40 email-threat-docker postfix/qmgr[102]: 7048D65B31: removed
May 17 17:10:40 email-threat-docker postfix/local[245]: 7852D65B39: to=<recipient@email-threat-docker.local>, relay=local, delay=0.02, delays=0.01/0/0/0.01, dsn=2.0.0, status=sent (delivered to command: /usr/bin/procmail)
May 17 17:10:40 email-threat-docker postfix/qmgr[102]: 7852D65B39: removed
May 17 17:10:41 email-threat-docker postfix/smtpd[230]: 65FA765B31: client=unknown[172.20.0.1]
May 17 17:10:41 email-threat-docker postfix/cleanup[242]: 65FA765B31: prepend: header Subject: Account Verification Needed from unknown[172.20.0.1]; from=<support@apple.com> to=<recipient@email-threat-docker.local> proto=ESMTP helo=<[192.168.48.1]>: [Subject: ]
May 17 17:10:41 email-threat-docker postfix/cleanup[242]: 65FA765B31: message-id=<>
May 17 17:10:41 email-threat-docker postfix/qmgr[102]: 65FA765B31: from=<support@apple.com>, size=576, nrcpt=1 (queue active)
May 17 17:10:41 email-threat-docker postfix/smtp[243]: 65FA765B31: to=<recipient@email-threat-docker.local>, relay=scanner[172.20.0.3]:10025, delay=0.03, delays=0.01/0/0.01/0.01, dsn=2.0.0, status=sent (250 Message quarantined)
May 17 17:10:41 email-threat-docker postfix/qmgr[102]: 65FA765B31: removed
May 17 17:10:42 email-threat-docker postfix/smtpd[230]: 5B8F965B31: client=unknown[172.20.0.1]
