May 17 17:10:42 email-threat-docker postfix/cleanup[242]: 5B8F965B31: prepend: header Subject: Password Reset Request from unknown[172.20.0.1]; from=<support@bank.com> to=<recipient@email-threat-docker.local> proto=ESMTP helo=<[192.168.48.1]>: [Subject: ]
May 17 17:10:42 email-threat-docker postfix/cleanup[242]: 5B8F965B31: message-id=<>
May 17 17:10:42 email-threat-docker postfix/qmgr[102]: 5B8F965B31: from=<support@bank.com>, size=541, nrcpt=1 (queue active)
May 17 17:10:42 email-threat-docker postfix/smtpd[244]: connect from scanner.yara_final_project_threat-net[172.20.0.3]
May 17 17:10:42 email-threat-docker postfix/smtpd[244]: 6392265B3A: client=scanner.yara_final_project_threat-net[172.20.0.3]
May 17 17:10:42 email-threat-docker postfix/cleanup[242]: 6392265B3A: message-id=<>
May 17 17:10:42 email-threat-docker postfix/qmgr[102]: 6392265B3A: from=<support@bank.com>, size=776, nrcpt=1 (queue active)
May 17 17:10:42 email-threat-docker postfix/smtpd[244]: disconnect from scanner.yara_final_project_threat-net[172.20.0.3] ehlo=1 mail=1 rcpt=1 data=1 quit=1 commands=5
May 17 17:10:42 email-threat-docker postfix/smtp[243]: 5B8F965B31: to=<recipient@email-threat-docker.local>, relay=scanner[172.20.0.3]:10025, delay=0.04, delays=0.01/0/0.01/0.03, dsn=2.0.0, status=sent (250 Message delivered)
May 17 17:10:42 email-threat-docker postfix/qmgr[102]: 5B8F965B31: removed
May 17 17:10:42 email-threat-docker postfix/local[247]: 6392265B3A: to=<recipient@email-threat-docker.local>, relay=local, delay=0.02, delays=0.01/0/0/0.01, dsn=2.0.0, status=sent (delivered to command: /usr/bin/procmail)
May 17 17:10:42 email-threat-docker postfix/qmgr[102]: 6392265B3A: removed
May 17 17:10:43 email-threat-docker postfix/smtpd[230]: 50D1A65B31: client=unknown[172.20.0.1]
May 17 17:10:43 email-threat-docker postfix/cleanup[242]: 50D1A65B31: prepend: header Subject: Mandatory Company Survey from unknown[172.20.0.1]; from=<hr@company.com> to=<recipient@email-threat-docker.local> proto=ESMTP helo=<[192.168.48.1]>: [Subject: ]
May 17 17:10:43 email-threat-docker postfix/cleanup[242]: 50D1A65B31: message-id=<>
May 17 17:10:43 email-threat-docker postfix/qmgr[102]: 50D1A65B31: from=<hr@company.com>, size=532, nrcpt=1 (queue active)
May 17 17:10:43 email-threat-docker postfix/smtpd[244]: connect from scanner.yara_final_project_threat-net[172.20.0.3]
May 17 17:10:43 email-threat-docker postfix/smtpd[244]: 56B2F65B3A: client=scanner.yara_final_project_threat-net[172.20.0.3]
May 17 17:10:43 email-threat-docker postfix/cleanup[242]: 56B2F65B3A: message-id=<>
May 17 17:10:43 email-threat-docker postfix/qmgr[102]: 56B2F65B3A: from=<hr@company.com>, size=767, nrcpt=1 (queue active)
May 17 17:10:43 email-threat-docker postfix/smtpd[244]: disconnect from scanner.yara_final_project_threat-net[172.20.0.3] ehlo=1 mail=1 rcpt=1 data=1 quit=1 commands=5
May 17 17:10:43 email-threat-docker postfix/smtp[243]: 50D1A65B31: to=<recipient@email-threat-docker.local>, relay=scanner[172.20.0.3]:10025, delay=0.03, delays=0.01/0/0.01/0.02, dsn=2.0.0, status=sent (250 Message delivered)
May 17 17:10:43 email-threat-docker postfix/qmgr[102]: 50D1A65B31: removed
May 17 17:10:43 email-threat-docker postfix/local[245]: 56B2F65B3A: to=<recipient@email-threat-docker.local>, relay=local, delay=0.01, delays=0.01/0/0/0.01, dsn=2.0.0, status=sent (delivered to command: /usr/bin/procmail)
May 17 17:10:43 email-threat-docker postfix/qmgr[102]: 56B2F65B3A: removed
May 17 17:10:44 email-threat-docker postfix/smtpd[230]: 4627265B31: client=unknown[172.20.0.1]
May 17 17:10:44 email-threat-docker postfix/cleanup[242]: 4627265B31: prepend: header Subject: Suspicious Login Attempt from unknown[172.20.0.1]; from=<support@onlineservice.com> to=<recipient@email-threat-docker.local> proto=ESMTP helo=<[192.168.48.1]>: [Subject: ]
May 17 17:10:44 email-threat-docker postfix/cleanup[242]: 4627265B31: message-id=<>
May 17 17:10:44 email-threat-docker postfix/qmgr[102]: 4627265B31: from=<support@onlineservice.com>, size=558, nrcpt=1 (queue active)
May 17 17:10:44 email-threat-docker postfix/smtpd[244]: connect from scanner.yara_final_project_threat-net[172.20.0.3]
May 17 17:10:44 email-threat-docker postfix/smtpd[244]: 4DEE265B3A: client=scanner.yara_final_project_threat-net[172.20.0.3]
May 17 17:10:44 email-threat-docker postfix/cleanup[242]: 4DEE265B3A: message-id=<>
May 17 17:10:44 email-threat-docker postfix/qmgr[102]: 4DEE265B3A: from=<support@onlineservice.com>, size=793, nrcpt=1 (queue active)
May 17 17:10:44 email-threat-docker postfix/smtpd[244]: disconnect from scanner.yara_final_project_threat-net[172.20.0.3] ehlo=1 mail=1 rcpt=1 data=1 quit=1 commands=5
May 17 17:10:44 email-threat-docker postfix/smtp[243]: 4627265B31: to=<recipient@email-threat-docker.local>, relay=scanner[172.20.0.3]:10025, delay=0.04, delays=0.01/0/0.01/0.02, dsn=2.0.0, status=sent (250 Message delivered)
May 17 17:10:44 email-threat-docker postfix/qmgr[102]: 4627265B31: removed
May 17 17:10:44 email-threat-docker postfix/local[247]: 4DEE265B3A: to=<recipient@email-threat-docker.local>, relay=local, delay=0.02, delays=0.01/0/0/0.01, dsn=2.0.0, status=sent (delivered to command: /usr/bin/procmail)
May 17 17:10:44 email-threat-docker postfix/qmgr[102]: 4DEE265B3A: removed
May 17 17:10:45 email-threat-docker postfix/smtpd[230]: 3BABF625FD: client=unknown[172.20.0.1]
May 17 17:10:45 email-threat-docker postfix/cleanup[242]: 3BABF625FD: prepend: header Subject: Account Compromised from unknown[172.20.0.1]; from=<security@bigcorp.com> to=<recipient@email-threat-docker.local> proto=ESMTP helo=<[192.168.48.1]>: [Subject: ]
May 17 17:10:45 email-threat-docker postfix/cleanup[242]: 3BABF625FD: message-id=<>
May 17 17:10:45 email-threat-docker postfix/qmgr[102]: 3BABF625FD: from=<security@bigcorp.com>, size=528, nrcpt=1 (queue active)
May 17 17:10:45 email-threat-docker postfix/smtpd[244]: connect from scanner.yara_final_project_threat-net[172.20.0.3]
May 17 17:10:45 email-threat-docker postfix/smtpd[244]: 4274265B3A: client=scanner.yara_final_project_threat-net[172.20.0.3]
May 17 17:10:45 email-threat-docker postfix/cleanup[242]: 4274265B3A: message-id=<>
May 17 17:10:45 email-threat-docker postfix/qmgr[102]: 4274265B3A: from=<security@bigcorp.com>, size=763, nrcpt=1 (queue active)
May 17 17:10:45 email-threat-docker postfix/smtpd[244]: disconnect from scanner.yara_final_project_threat-net[172.20.0.3] ehlo=1 mail=1 rcpt=1 data=1 quit=1 commands=5
May 17 17:10:45 email-threat-docker postfix/smtp[243]: 3BABF625FD: to=<recipient@email-threat-docker.local>, relay=scanner[172.20.0.3]:10025, delay=0.04, delays=0.01/0/0.01/0.02, dsn=2.0.0, status=sent (250 Message delivered)
May 17 17:10:45 email-threat-docker postfix/qmgr[102]: 3BABF625FD: removed
May 17 17:10:45 email-threat-docker postfix/local[245]: 4274265B3A: to=<recipient@email-threat-docker.local>, relay=local, delay=0.02, delays=0.01/0/0/0.01, dsn=2.0.0, status=sent (delivered to command: /usr/bin/procmail)
May 17 17:10:45 email-threat-docker postfix/qmgr[102]: 4274265B3A: removed
May 17 17:10:46 email-threat-docker postfix/smtpd[230]: 30D96625FD: client=unknown[172.20.0.1]
May 17 17:10:46 email-threat-docker postfix/cleanup[242]: 30D96625FD: prepend: header Subject: You've Won a $100 Gift Card! from unknown[172.20.0.1]; from=<rewards@shopping.com> to=<recipient@email-threat-docker.local> proto=ESMTP helo=<[192.168.48.1]>: [Subject: ]
May 17 17:10:46 email-threat-docker postfix/cleanup[242]: 30D96625FD: message-id=<>
May 17 17:10:46 email-threat-docker postfix/qmgr[102]: 30D96625FD: from=<rewards@shopping.com>, size=536, nrcpt=1 (queue active)
May 17 17:10:46 email-threat-docker postfix/smtpd[244]: connect from scanner.yara_final_project_threat-net[172.20.0.3]
May 17 17:10:46 email-threat-docker postfix/smtpd[244]: 389F865B3A: client=scanner.yara_final_project_threat-net[172.20.0.3]
May 17 17:10:46 email-threat-docker postfix/cleanup[242]: 389F865B3A: message-id=<>
May 17 17:10:46 email-threat-docker postfix/qmgr[102]: 389F865B3A: from=<rewards@shopping.com>, size=771, nrcpt=1 (queue active)
May 17 17:10:46 email-threat-docker postfix/smtpd[244]: disconnect from scanner.yara_final_project_threat-net[172.20.0.3] ehlo=1 mail=1 rcpt=1 data=1 quit=1 commands=5
May 17 17:10:46 email-threat-docker postfix/smtp[243]: 30D96625FD: to=<recipient@email-threat-docker.local>, relay=scanner[172.20.0.3]:10025, delay=0.04, delays=0.01/0/0.01/0.02, dsn=2.0.0, status=sent (250 Message delivered)
May 17 17:10:46 email-threat-docker postfix/qmgr[102]: 30D96625FD: removed
May 17 17:10:46 email-threat-docker postfix/local[247]: 389F865B3A: to=<recipient@email-threat-docker.local>, relay=local, delay=0.02, delays=0.01/0/0/0.01, dsn=2.0.0, status=sent (delivered to command: /usr/bin/procmail)
May 17 17:10:46 email-threat-docker postfix/qmgr[102]: 389F865B3A: removed
May 17 17:10:47 email-threat-docker postfix/smtpd[230]: 26594625FD: client=unknown[172.20.0.1]
May 17 17:10:47 email-threat-docker postfix/cleanup[242]: 26594625FD: prepend: header Subject: Quick Employee Survey from unknown[172.20.0.1]; from=<survey@company.com> to=<recipient@email-threat-docker.local> proto=ESMTP helo=<[192.168.48.1]>: [Subject: ]
May 17 17:10:47 email-threat-docker postfix/cleanup[242]: 26594625FD: message-id=<>
May 17 17:10:47 email-threat-docker postfix/qmgr[102]: 26594625FD: from=<survey@company.com>, size=502, nrcpt=1 (queue active)
May 17 17:10:47 email-threat-docker postfix/smtpd[244]: connect from scanner.yara_final_project_threat-net[172.20.0.3]
May 17 17:10:47 email-threat-docker postfix/smtpd[244]: 2C44165B3A: client=scanner.yara_final_project_threat-net[172.20.0.3]
May 17 17:10:47 email-threat-docker postfix/cleanup[242]: 2C44165B3A: message-id=<>
May 17 17:10:47 email-threat-docker postfix/qmgr[102]: 2C44165B3A: from=<survey@company.com>, size=737, nrcpt=1 (queue active)
May 17 17:10:47 email-threat-docker postfix/smtpd[244]: disconnect from scanner.yara_final_project_threat-net[172.20.0.3] ehlo=1 mail=1 rcpt=1 data=1 quit=1 commands=5
May 17 17:10:47 email-threat-docker postfix/smtp[243]: 26594625FD: to=<recipient@email-threat-docker.local>, relay=scanner[172.20.0.3]:10025, delay=0.03, delays=0.01/0/0/0.02, dsn=2.0.0, status=sent (250 Message delivered)
May 17 17:10:47 email-threat-docker postfix/qmgr[102]: 26594625FD: removed
May 17 17:10:47 email-threat-docker postfix/local[245]: 2C44165B3A: to=<recipient@email-threat-docker.local>, relay=local, delay=0.01, delays=0.01/0/0/0.01, dsn=2.0.0, status=sent (delivered to command: /usr/bin/procmail)
May 17 17:10:47 email-threat-docker postfix/qmgr[102]: 2C44165B3A: removed
May 17 17:10:48 email-threat-docker postfix/smtpd[230]: 1B981625FD: client=unknown[172.20.0.1]
May 17 17:10:48 email-threat-docker postfix/cleanup[242]: 1B981625FD: prepend: header Subject: Job Interview Invitation from unknown[172.20.0.1]; from=<recruiter@jobs.com> to=<recipient@email-threat-docker.local> proto=ESMTP helo=<[192.168.48.1]>: [Subject: ]
May 17 17:10:48 email-threat-docker postfix/cleanup[242]: 1B981625FD: message-id=<>
May 17 17:10:48 email-threat-docker postfix/qmgr[102]: 1B981625FD: from=<recruiter@jobs.com>, size=544, nrcpt=1 (queue active)
May 17 17:10:48 email-threat-docker postfix/smtpd[230]: disconnect from unknown[172.20.0.1] ehlo=1 mail=30 rcpt=30 data=30 quit=1 commands=92
May 17 17:10:48 email-threat-docker postfix/smtpd[244]: connect from scanner.yara_final_project_threat-net[172.20.0.3]
May 17 17:10:48 email-threat-docker postfix/smtpd[244]: 252E865B3A: client=scanner.yara_final_project_threat-net[172.20.0.3]
May 17 17:10:48 email-threat-docker postfix/cleanup[242]: 252E865B3A: message-id=<>
May 17 17:10:48 email-threat-docker postfix/qmgr[102]: 252E865B3A: from=<recruiter@jobs.com>, size=779, nrcpt=1 (queue active)
May 17 17:10:48 email-threat-docker postfix/smtpd[244]: disconnect from scanner.yara_final_project_threat-net[172.20.0.3] ehlo=1 mail=1 rcpt=1 data=1 quit=1 commands=5
May 17 17:10:48 email-threat-docker postfix/smtp[243]: 1B981625FD: to=<recipient@email-threat-docker.local>, relay=scanner[172.20.0.3]:10025, delay=0.05, delays=0.01/0/0.01/0.03, dsn=2.0.0, status=sent (250 Message delivered)
May 17 17:10:48 email-threat-docker postfix/qmgr[102]: 1B981625FD: removed
May 17 17:10:48 email-threat-docker postfix/local[247]: 252E865B3A: to=<recipient@email-threat-docker.local>, relay=local, delay=0.02, delays=0.01/0/0/0.01, dsn=2.0.0, status=sent (delivered to command: /usr/bin/procmail)
May 17 17:10:48 email-threat-docker postfix/qmgr[102]: 252E865B3A: removed
